192.168.2.111 - - [18/Dec/2019:11:28:25 +0800] "GET /nacos/v1/cs/health HTTP/1.1" 200 2 3 Apache-HttpAsyncClient/4.1.3 (Java/1.8.0_91)
192.168.2.111 - - [18/Dec/2019:11:28:30 +0800] "GET /nacos/v1/cs/health HTTP/1.1" 200 2 2 Apache-HttpAsyncClient/4.1.3 (Java/1.8.0_91)
192.168.2.111 - - [18/Dec/2019:11:28:35 +0800] "GET /nacos/v1/cs/health HTTP/1.1" 200 2 3 Apache-HttpAsyncClient/4.1.3 (Java/1.8.0_91)
192.168.2.111 - - [18/Dec/2019:11:28:40 +0800] "GET /nacos/v1/cs/health HTTP/1.1" 200 2 2 Apache-HttpAsyncClient/4.1.3 (Java/1.8.0_91)
192.168.2.111 - - [18/Dec/2019:11:28:45 +0800] "GET /nacos/v1/cs/health HTTP/1.1" 200 2 1 Apache-HttpAsyncClient/4.1.3 (Java/1.8.0_91)
192.168.2.111 - - [18/Dec/2019:11:28:50 +0800] "GET /nacos/v1/cs/health HTTP/1.1" 200 2 2 Apache-HttpAsyncClient/4.1.3 (Java/1.8.0_91)
192.168.2.111 - - [18/Dec/2019:11:28:55 +0800] "GET /nacos/v1/cs/health HTTP/1.1" 200 2 2 Apache-HttpAsyncClient/4.1.3 (Java/1.8.0_91)
0:0:0:0:0:0:0:1 - - [18/Dec/2019:11:28:56 +0800] "GET /nacos/v1/cs/configs?show=all&dataId=service-gateway-dev.yml&group=DEFAULT_GROUP&tenant=&namespaceId= HTTP/1.1" 200 - 17 Mozilla/5.0 (Windows NT 10.0; Win64; x64) AppleWebKit/537.36 (KHTML, like Gecko) Chrome/77.0.3865.75 Safari/537.36
0:0:0:0:0:0:0:1 - - [18/Dec/2019:11:28:56 +0800] "POST /nacos/v1/cs/configs HTTP/1.1" 200 14 70 Mozilla/5.0 (Windows NT 10.0; Win64; x64) AppleWebKit/537.36 (KHTML, like Gecko) Chrome/77.0.3865.75 Safari/537.36
192.168.2.111 - - [18/Dec/2019:11:28:56 +0800] "GET /nacos/v1/cs/communication/dataChange?dataId=service-gateway-dev.yml&group=DEFAULT_GROUP HTTP/1.1" 200 14 6 Apache-HttpAsyncClient/4.1.3 (Java/1.8.0_91)
192.168.2.111 - - [18/Dec/2019:11:29:00 +0800] "GET /nacos/v1/cs/health HTTP/1.1" 200 2 2 Apache-HttpAsyncClient/4.1.3 (Java/1.8.0_91)
0:0:0:0:0:0:0:1 - - [18/Dec/2019:11:29:01 +0800] "GET /nacos/v1/cs/configs?search=accurate&dataId=&group=&appName=&config_tags=&pageNo=1&pageSize=10&tenant=&namespaceId= HTTP/1.1" 200 2169 14 Mozilla/5.0 (Windows NT 10.0; Win64; x64) AppleWebKit/537.36 (KHTML, like Gecko) Chrome/77.0.3865.75 Safari/537.36
192.168.2.111 - - [18/Dec/2019:11:29:05 +0800] "GET /nacos/v1/cs/health HTTP/1.1" 200 2 3 Apache-HttpAsyncClient/4.1.3 (Java/1.8.0_91)
192.168.2.111 - - [18/Dec/2019:11:29:10 +0800] "GET /nacos/v1/cs/health HTTP/1.1" 200 2 3 Apache-HttpAsyncClient/4.1.3 (Java/1.8.0_91)
192.168.2.111 - - [18/Dec/2019:11:29:15 +0800] "GET /nacos/v1/cs/health HTTP/1.1" 200 2 3 Apache-HttpAsyncClient/4.1.3 (Java/1.8.0_91)
192.168.2.111 - - [18/Dec/2019:11:29:20 +0800] "GET /nacos/v1/cs/health HTTP/1.1" 200 2 2 Apache-HttpAsyncClient/4.1.3 (Java/1.8.0_91)
192.168.2.111 - - [18/Dec/2019:11:29:25 +0800] "GET /nacos/v1/cs/health HTTP/1.1" 200 2 2 Apache-HttpAsyncClient/4.1.3 (Java/1.8.0_91)
192.168.2.111 - - [18/Dec/2019:11:29:30 +0800] "GET /nacos/v1/cs/health HTTP/1.1" 200 2 2 Apache-HttpAsyncClient/4.1.3 (Java/1.8.0_91)
192.168.2.111 - - [18/Dec/2019:11:29:35 +0800] "GET /nacos/v1/cs/health HTTP/1.1" 200 2 2 Apache-HttpAsyncClient/4.1.3 (Java/1.8.0_91)
192.168.2.111 - - [18/Dec/2019:11:29:40 +0800] "GET /nacos/v1/cs/health HTTP/1.1" 200 2 3 Apache-HttpAsyncClient/4.1.3 (Java/1.8.0_91)
192.168.2.111 - - [18/Dec/2019:11:29:45 +0800] "GET /nacos/v1/cs/health HTTP/1.1" 200 2 4 Apache-HttpAsyncClient/4.1.3 (Java/1.8.0_91)
192.168.2.111 - - [18/Dec/2019:11:29:50 +0800] "GET /nacos/v1/cs/health HTTP/1.1" 200 2 3 Apache-HttpAsyncClient/4.1.3 (Java/1.8.0_91)
192.168.2.111 - - [18/Dec/2019:11:29:55 +0800] "GET /nacos/v1/cs/health HTTP/1.1" 200 2 3 Apache-HttpAsyncClient/4.1.3 (Java/1.8.0_91)
192.168.2.111 - - [18/Dec/2019:11:30:00 +0800] "GET /nacos/v1/cs/health HTTP/1.1" 200 2 2 Apache-HttpAsyncClient/4.1.3 (Java/1.8.0_91)
192.168.2.111 - - [18/Dec/2019:11:30:05 +0800] "GET /nacos/v1/cs/health HTTP/1.1" 200 2 2 Apache-HttpAsyncClient/4.1.3 (Java/1.8.0_91)
192.168.2.111 - - [18/Dec/2019:11:30:10 +0800] "GET /nacos/v1/cs/health HTTP/1.1" 200 2 2 Apache-HttpAsyncClient/4.1.3 (Java/1.8.0_91)
192.168.2.111 - - [18/Dec/2019:11:30:15 +0800] "GET /nacos/v1/cs/health HTTP/1.1" 200 2 2 Apache-HttpAsyncClient/4.1.3 (Java/1.8.0_91)
192.168.2.111 - - [18/Dec/2019:11:30:20 +0800] "GET /nacos/v1/cs/health HTTP/1.1" 200 2 1 Apache-HttpAsyncClient/4.1.3 (Java/1.8.0_91)
192.168.2.111 - - [18/Dec/2019:11:30:25 +0800] "GET /nacos/v1/cs/health HTTP/1.1" 200 2 3 Apache-HttpAsyncClient/4.1.3 (Java/1.8.0_91)
192.168.2.111 - - [18/Dec/2019:11:30:30 +0800] "GET /nacos/v1/cs/health HTTP/1.1" 200 2 3 Apache-HttpAsyncClient/4.1.3 (Java/1.8.0_91)
192.168.2.111 - - [18/Dec/2019:11:30:35 +0800] "GET /nacos/v1/cs/health HTTP/1.1" 200 2 2 Apache-HttpAsyncClient/4.1.3 (Java/1.8.0_91)
192.168.2.111 - - [18/Dec/2019:11:30:40 +0800] "GET /nacos/v1/cs/health HTTP/1.1" 200 2 10 Apache-HttpAsyncClient/4.1.3 (Java/1.8.0_91)
192.168.2.111 - - [18/Dec/2019:11:30:45 +0800] "GET /nacos/v1/cs/health HTTP/1.1" 200 2 4 Apache-HttpAsyncClient/4.1.3 (Java/1.8.0_91)
192.168.2.111 - - [18/Dec/2019:11:30:50 +0800] "GET /nacos/v1/cs/health HTTP/1.1" 200 2 2 Apache-HttpAsyncClient/4.1.3 (Java/1.8.0_91)
192.168.2.111 - - [18/Dec/2019:11:30:55 +0800] "GET /nacos/v1/cs/health HTTP/1.1" 200 2 1 Apache-HttpAsyncClient/4.1.3 (Java/1.8.0_91)
192.168.2.111 - - [18/Dec/2019:11:31:00 +0800] "GET /nacos/v1/cs/health HTTP/1.1" 200 2 2 Apache-HttpAsyncClient/4.1.3 (Java/1.8.0_91)
192.168.2.111 - - [18/Dec/2019:11:31:05 +0800] "GET /nacos/v1/cs/health HTTP/1.1" 200 2 4 Apache-HttpAsyncClient/4.1.3 (Java/1.8.0_91)
192.168.2.111 - - [18/Dec/2019:11:31:10 +0800] "GET /nacos/v1/cs/health HTTP/1.1" 200 2 3 Apache-HttpAsyncClient/4.1.3 (Java/1.8.0_91)
192.168.2.111 - - [18/Dec/2019:11:31:15 +0800] "GET /nacos/v1/cs/health HTTP/1.1" 200 2 1 Apache-HttpAsyncClient/4.1.3 (Java/1.8.0_91)
192.168.2.111 - - [18/Dec/2019:11:31:20 +0800] "GET /nacos/v1/cs/health HTTP/1.1" 200 2 2 Apache-HttpAsyncClient/4.1.3 (Java/1.8.0_91)
192.168.2.111 - - [18/Dec/2019:11:31:25 +0800] "GET /nacos/v1/cs/health HTTP/1.1" 200 2 3 Apache-HttpAsyncClient/4.1.3 (Java/1.8.0_91)
192.168.2.111 - - [18/Dec/2019:11:31:30 +0800] "GET /nacos/v1/cs/health HTTP/1.1" 200 2 2 Apache-HttpAsyncClient/4.1.3 (Java/1.8.0_91)
192.168.2.111 - - [18/Dec/2019:11:31:35 +0800] "GET /nacos/v1/cs/health HTTP/1.1" 200 2 2 Apache-HttpAsyncClient/4.1.3 (Java/1.8.0_91)
192.168.2.111 - - [18/Dec/2019:11:31:40 +0800] "GET /nacos/v1/cs/health HTTP/1.1" 200 2 2 Apache-HttpAsyncClient/4.1.3 (Java/1.8.0_91)
192.168.2.111 - - [18/Dec/2019:11:31:45 +0800] "GET /nacos/v1/cs/health HTTP/1.1" 200 2 4 Apache-HttpAsyncClient/4.1.3 (Java/1.8.0_91)
192.168.2.111 - - [18/Dec/2019:11:31:50 +0800] "GET /nacos/v1/cs/health HTTP/1.1" 200 2 1 Apache-HttpAsyncClient/4.1.3 (Java/1.8.0_91)
192.168.2.111 - - [18/Dec/2019:11:31:55 +0800] "GET /nacos/v1/cs/health HTTP/1.1" 200 2 3 Apache-HttpAsyncClient/4.1.3 (Java/1.8.0_91)
192.168.2.111 - - [18/Dec/2019:11:32:00 +0800] "GET /nacos/v1/cs/health HTTP/1.1" 200 2 4 Apache-HttpAsyncClient/4.1.3 (Java/1.8.0_91)
192.168.2.111 - - [18/Dec/2019:11:32:05 +0800] "GET /nacos/v1/cs/health HTTP/1.1" 200 2 2 Apache-HttpAsyncClient/4.1.3 (Java/1.8.0_91)
192.168.2.111 - - [18/Dec/2019:11:32:10 +0800] "GET /nacos/v1/cs/health HTTP/1.1" 200 2 4 Apache-HttpAsyncClient/4.1.3 (Java/1.8.0_91)
192.168.2.111 - - [18/Dec/2019:11:32:15 +0800] "GET /nacos/v1/cs/health HTTP/1.1" 200 2 1 Apache-HttpAsyncClient/4.1.3 (Java/1.8.0_91)
192.168.2.111 - - [18/Dec/2019:11:32:20 +0800] "GET /nacos/v1/cs/health HTTP/1.1" 200 2 4 Apache-HttpAsyncClient/4.1.3 (Java/1.8.0_91)
192.168.2.111 - - [18/Dec/2019:11:32:25 +0800] "GET /nacos/v1/cs/health HTTP/1.1" 200 2 2 Apache-HttpAsyncClient/4.1.3 (Java/1.8.0_91)
192.168.2.111 - - [18/Dec/2019:11:32:30 +0800] "GET /nacos/v1/cs/health HTTP/1.1" 200 2 2 Apache-HttpAsyncClient/4.1.3 (Java/1.8.0_91)
192.168.2.111 - - [18/Dec/2019:11:32:35 +0800] "GET /nacos/v1/cs/health HTTP/1.1" 200 2 6 Apache-HttpAsyncClient/4.1.3 (Java/1.8.0_91)
192.168.2.111 - - [18/Dec/2019:11:32:40 +0800] "GET /nacos/v1/cs/health HTTP/1.1" 200 2 7 Apache-HttpAsyncClient/4.1.3 (Java/1.8.0_91)
192.168.2.111 - - [18/Dec/2019:11:32:45 +0800] "GET /nacos/v1/cs/health HTTP/1.1" 200 2 6 Apache-HttpAsyncClient/4.1.3 (Java/1.8.0_91)
192.168.2.111 - - [18/Dec/2019:11:32:50 +0800] "GET /nacos/v1/cs/health HTTP/1.1" 200 2 1 Apache-HttpAsyncClient/4.1.3 (Java/1.8.0_91)
192.168.2.111 - - [18/Dec/2019:11:32:55 +0800] "GET /nacos/v1/cs/health HTTP/1.1" 200 2 3 Apache-HttpAsyncClient/4.1.3 (Java/1.8.0_91)
192.168.2.111 - - [18/Dec/2019:11:33:00 +0800] "GET /nacos/v1/cs/health HTTP/1.1" 200 2 3 Apache-HttpAsyncClient/4.1.3 (Java/1.8.0_91)
192.168.2.111 - - [18/Dec/2019:11:33:05 +0800] "GET /nacos/v1/cs/health HTTP/1.1" 200 2 1 Apache-HttpAsyncClient/4.1.3 (Java/1.8.0_91)
192.168.2.111 - - [18/Dec/2019:11:33:10 +0800] "GET /nacos/v1/cs/health HTTP/1.1" 200 2 3 Apache-HttpAsyncClient/4.1.3 (Java/1.8.0_91)
192.168.2.111 - - [18/Dec/2019:11:33:15 +0800] "GET /nacos/v1/cs/health HTTP/1.1" 200 2 2 Apache-HttpAsyncClient/4.1.3 (Java/1.8.0_91)
192.168.2.111 - - [18/Dec/2019:11:33:20 +0800] "GET /nacos/v1/cs/health HTTP/1.1" 200 2 2 Apache-HttpAsyncClient/4.1.3 (Java/1.8.0_91)
192.168.2.111 - - [18/Dec/2019:11:33:25 +0800] "GET /nacos/v1/cs/health HTTP/1.1" 200 2 2 Apache-HttpAsyncClient/4.1.3 (Java/1.8.0_91)
127.0.0.1 - - [18/Dec/2019:11:33:25 +0800] "GET /nacos/v1/ns/service/list?pageSize=2147483647&groupName=DEFAULT_GROUP&encoding=UTF-8&namespaceId=public&pageNo=1 HTTP/1.1" 200 32 5 Nacos-Java-Client:v1.0.0
127.0.0.1 - - [18/Dec/2019:11:33:25 +0800] "POST /nacos/v1/ns/instance?groupName=DEFAULT_GROUP&metadata=%7B%22preserved.register.source%22%3A%22SPRING_CLOUD%22%7D&namespaceId=public&port=8085&enable=true&healthy=true&clusterName=DEFAULT&ip=192.168.2.111&weight=1.0&ephemeral=true&serviceName=DEFAULT_GROUP%40%40service-gateway&encoding=UTF-8 HTTP/1.1" 200 2 67 Nacos-Java-Client:v1.0.0
127.0.0.1 - - [18/Dec/2019:11:33:27 +0800] "POST /nacos/v1/cs/configs/listener HTTP/1.1" 200 44 5 Java/1.8.0_91
127.0.0.1 - - [18/Dec/2019:11:33:27 +0800] "GET /nacos/v1/cs/configs?dataId=service-gateway-dev.yml&group=DEFAULT_GROUP HTTP/1.1" 200 1918 13 Java/1.8.0_91
127.0.0.1 - - [18/Dec/2019:11:33:28 +0800] "GET /nacos/v1/cs/configs?dataId=service-gateway.yml&group=DEFAULT_GROUP HTTP/1.1" 404 23 2 Java/1.8.0_91
127.0.0.1 - - [18/Dec/2019:11:33:28 +0800] "GET /nacos/v1/cs/configs?dataId=service-gateway-dev.yml&group=DEFAULT_GROUP HTTP/1.1" 200 1918 3 Java/1.8.0_91
127.0.0.1 - - [18/Dec/2019:11:33:30 +0800] "PUT /nacos/v1/ns/instance/beat?beat=%7B%22cluster%22%3A%22DEFAULT%22%2C%22ip%22%3A%22192.168.2.111%22%2C%22metadata%22%3A%7B%22preserved.register.source%22%3A%22SPRING_CLOUD%22%7D%2C%22port%22%3A8085%2C%22scheduled%22%3Atrue%2C%22serviceName%22%3A%22DEFAULT_GROUP%40%40service-gateway%22%2C%22weight%22%3A1.0%7D&serviceName=DEFAULT_GROUP%40%40service-gateway&encoding=UTF-8&namespaceId=public HTTP/1.1" 200 38 36 Nacos-Java-Client:v1.0.0
192.168.2.111 - - [18/Dec/2019:11:33:30 +0800] "GET /nacos/v1/cs/health HTTP/1.1" 200 2 2 Apache-HttpAsyncClient/4.1.3 (Java/1.8.0_91)
127.0.0.1 - - [18/Dec/2019:11:33:33 +0800] "PUT /nacos/v1/ns/instance/beat?beat=%7B%22cluster%22%3A%22DEFAULT%22%2C%22ip%22%3A%22192.168.2.111%22%2C%22metadata%22%3A%7B%22preserved.register.source%22%3A%22SPRING_CLOUD%22%7D%2C%22port%22%3A8085%2C%22scheduled%22%3Atrue%2C%22serviceName%22%3A%22DEFAULT_GROUP%40%40service-gateway%22%2C%22weight%22%3A1.0%7D&serviceName=DEFAULT_GROUP%40%40service-gateway&encoding=UTF-8&namespaceId=public HTTP/1.1" 200 38 9 Nacos-Java-Client:v1.0.0
192.168.2.111 - - [18/Dec/2019:11:33:35 +0800] "GET /nacos/v1/cs/health HTTP/1.1" 200 2 3 Apache-HttpAsyncClient/4.1.3 (Java/1.8.0_91)
127.0.0.1 - - [18/Dec/2019:11:33:39 +0800] "PUT /nacos/v1/ns/instance/beat?beat=%7B%22cluster%22%3A%22DEFAULT%22%2C%22ip%22%3A%22192.168.2.111%22%2C%22metadata%22%3A%7B%22preserved.register.source%22%3A%22SPRING_CLOUD%22%7D%2C%22port%22%3A8085%2C%22scheduled%22%3Atrue%2C%22serviceName%22%3A%22DEFAULT_GROUP%40%40service-gateway%22%2C%22weight%22%3A1.0%7D&serviceName=DEFAULT_GROUP%40%40service-gateway&encoding=UTF-8&namespaceId=public HTTP/1.1" 200 38 3 Nacos-Java-Client:v1.0.0
192.168.2.111 - - [18/Dec/2019:11:33:40 +0800] "GET /nacos/v1/cs/health HTTP/1.1" 200 2 3 Apache-HttpAsyncClient/4.1.3 (Java/1.8.0_91)
127.0.0.1 - - [18/Dec/2019:11:33:43 +0800] "PUT /nacos/v1/ns/instance/beat?beat=%7B%22cluster%22%3A%22DEFAULT%22%2C%22ip%22%3A%22192.168.2.111%22%2C%22metadata%22%3A%7B%22preserved.register.source%22%3A%22SPRING_CLOUD%22%7D%2C%22port%22%3A8085%2C%22scheduled%22%3Atrue%2C%22serviceName%22%3A%22DEFAULT_GROUP%40%40service-gateway%22%2C%22weight%22%3A1.0%7D&serviceName=DEFAULT_GROUP%40%40service-gateway&encoding=UTF-8&namespaceId=public HTTP/1.1" 200 38 5 Nacos-Java-Client:v1.0.0
192.168.2.111 - - [18/Dec/2019:11:33:45 +0800] "GET /nacos/v1/cs/health HTTP/1.1" 200 2 7 Apache-HttpAsyncClient/4.1.3 (Java/1.8.0_91)
127.0.0.1 - - [18/Dec/2019:11:33:48 +0800] "PUT /nacos/v1/ns/instance/beat?beat=%7B%22cluster%22%3A%22DEFAULT%22%2C%22ip%22%3A%22192.168.2.111%22%2C%22metadata%22%3A%7B%22preserved.register.source%22%3A%22SPRING_CLOUD%22%7D%2C%22port%22%3A8085%2C%22scheduled%22%3Atrue%2C%22serviceName%22%3A%22DEFAULT_GROUP%40%40service-gateway%22%2C%22weight%22%3A1.0%7D&serviceName=DEFAULT_GROUP%40%40service-gateway&encoding=UTF-8&namespaceId=public HTTP/1.1" 200 38 6 Nacos-Java-Client:v1.0.0
192.168.2.111 - - [18/Dec/2019:11:33:50 +0800] "GET /nacos/v1/cs/health HTTP/1.1" 200 2 2 Apache-HttpAsyncClient/4.1.3 (Java/1.8.0_91)
0:0:0:0:0:0:0:1 - - [18/Dec/2019:11:33:53 +0800] "GET /nacos/v1/cs/configs?show=all&dataId=service-gateway-dev.yml&group=DEFAULT_GROUP&tenant=&namespaceId= HTTP/1.1" 200 2337 13 Mozilla/5.0 (Windows NT 10.0; Win64; x64) AppleWebKit/537.36 (KHTML, like Gecko) Chrome/77.0.3865.75 Safari/537.36
127.0.0.1 - - [18/Dec/2019:11:33:54 +0800] "PUT /nacos/v1/ns/instance/beat?beat=%7B%22cluster%22%3A%22DEFAULT%22%2C%22ip%22%3A%22192.168.2.111%22%2C%22metadata%22%3A%7B%22preserved.register.source%22%3A%22SPRING_CLOUD%22%7D%2C%22port%22%3A8085%2C%22scheduled%22%3Atrue%2C%22serviceName%22%3A%22DEFAULT_GROUP%40%40service-gateway%22%2C%22weight%22%3A1.0%7D&serviceName=DEFAULT_GROUP%40%40service-gateway&encoding=UTF-8&namespaceId=public HTTP/1.1" 200 38 3 Nacos-Java-Client:v1.0.0
192.168.2.111 - - [18/Dec/2019:11:33:55 +0800] "GET /nacos/v1/cs/health HTTP/1.1" 200 2 3 Apache-HttpAsyncClient/4.1.3 (Java/1.8.0_91)
127.0.0.1 - - [18/Dec/2019:11:33:55 +0800] "GET /nacos/v1/ns/service/list?pageSize=2147483647&groupName=DEFAULT_GROUP&encoding=UTF-8&namespaceId=public&pageNo=1 HTTP/1.1" 200 49 3 Nacos-Java-Client:v1.0.0
127.0.0.1 - - [18/Dec/2019:11:33:57 +0800] "GET /nacos/v1/ns/instance/list?healthyOnly=false&namespaceId=public&clientIP=192.168.2.111&serviceName=DEFAULT_GROUP%40%40service-gateway&udpPort=65388&encoding=UTF-8 HTTP/1.1" 200 580 7 Nacos-Java-Client:v1.0.0
127.0.0.1 - - [18/Dec/2019:11:33:58 +0800] "POST /nacos/v1/cs/configs/listener HTTP/1.1" 200 - 29506 Java/1.8.0_91
127.0.0.1 - - [18/Dec/2019:11:33:59 +0800] "GET /nacos/v1/ns/instance/list?healthyOnly=false&namespaceId=public&clientIP=192.168.2.111&serviceName=DEFAULT_GROUP%40%40service-gateway&udpPort=65388&encoding=UTF-8 HTTP/1.1" 200 580 3 Nacos-Java-Client:v1.0.0
127.0.0.1 - - [18/Dec/2019:11:34:00 +0800] "PUT /nacos/v1/ns/instance/beat?beat=%7B%22cluster%22%3A%22DEFAULT%22%2C%22ip%22%3A%22192.168.2.111%22%2C%22metadata%22%3A%7B%22preserved.register.source%22%3A%22SPRING_CLOUD%22%7D%2C%22port%22%3A8085%2C%22scheduled%22%3Atrue%2C%22serviceName%22%3A%22DEFAULT_GROUP%40%40service-gateway%22%2C%22weight%22%3A1.0%7D&serviceName=DEFAULT_GROUP%40%40service-gateway&encoding=UTF-8&namespaceId=public HTTP/1.1" 200 38 9 Nacos-Java-Client:v1.0.0
192.168.2.111 - - [18/Dec/2019:11:34:00 +0800] "GET /nacos/v1/cs/health HTTP/1.1" 200 2 3 Apache-HttpAsyncClient/4.1.3 (Java/1.8.0_91)
127.0.0.1 - - [18/Dec/2019:11:34:04 +0800] "PUT /nacos/v1/ns/instance/beat?beat=%7B%22cluster%22%3A%22DEFAULT%22%2C%22ip%22%3A%22192.168.2.111%22%2C%22metadata%22%3A%7B%22preserved.register.source%22%3A%22SPRING_CLOUD%22%7D%2C%22port%22%3A8085%2C%22scheduled%22%3Atrue%2C%22serviceName%22%3A%22DEFAULT_GROUP%40%40service-gateway%22%2C%22weight%22%3A1.0%7D&serviceName=DEFAULT_GROUP%40%40service-gateway&encoding=UTF-8&namespaceId=public HTTP/1.1" 200 38 2 Nacos-Java-Client:v1.0.0
192.168.2.111 - - [18/Dec/2019:11:34:05 +0800] "GET /nacos/v1/cs/health HTTP/1.1" 200 2 5 Apache-HttpAsyncClient/4.1.3 (Java/1.8.0_91)
127.0.0.1 - - [18/Dec/2019:11:34:09 +0800] "PUT /nacos/v1/ns/instance/beat?beat=%7B%22cluster%22%3A%22DEFAULT%22%2C%22ip%22%3A%22192.168.2.111%22%2C%22metadata%22%3A%7B%22preserved.register.source%22%3A%22SPRING_CLOUD%22%7D%2C%22port%22%3A8085%2C%22scheduled%22%3Atrue%2C%22serviceName%22%3A%22DEFAULT_GROUP%40%40service-gateway%22%2C%22weight%22%3A1.0%7D&serviceName=DEFAULT_GROUP%40%40service-gateway&encoding=UTF-8&namespaceId=public HTTP/1.1" 200 38 4 Nacos-Java-Client:v1.0.0
127.0.0.1 - - [18/Dec/2019:11:34:09 +0800] "GET /nacos/v1/ns/instance/list?healthyOnly=false&namespaceId=public&clientIP=192.168.2.111&serviceName=DEFAULT_GROUP%40%40service-gateway&udpPort=65388&encoding=UTF-8 HTTP/1.1" 200 580 11 Nacos-Java-Client:v1.0.0
192.168.2.111 - - [18/Dec/2019:11:34:10 +0800] "GET /nacos/v1/cs/health HTTP/1.1" 200 2 3 Apache-HttpAsyncClient/4.1.3 (Java/1.8.0_91)
127.0.0.1 - - [18/Dec/2019:11:34:14 +0800] "PUT /nacos/v1/ns/instance/beat?beat=%7B%22cluster%22%3A%22DEFAULT%22%2C%22ip%22%3A%22192.168.2.111%22%2C%22metadata%22%3A%7B%22preserved.register.source%22%3A%22SPRING_CLOUD%22%7D%2C%22port%22%3A8085%2C%22scheduled%22%3Atrue%2C%22serviceName%22%3A%22DEFAULT_GROUP%40%40service-gateway%22%2C%22weight%22%3A1.0%7D&serviceName=DEFAULT_GROUP%40%40service-gateway&encoding=UTF-8&namespaceId=public HTTP/1.1" 200 38 4 Nacos-Java-Client:v1.0.0
192.168.2.111 - - [18/Dec/2019:11:34:15 +0800] "GET /nacos/v1/cs/health HTTP/1.1" 200 2 3 Apache-HttpAsyncClient/4.1.3 (Java/1.8.0_91)
127.0.0.1 - - [18/Dec/2019:11:34:19 +0800] "PUT /nacos/v1/ns/instance/beat?beat=%7B%22cluster%22%3A%22DEFAULT%22%2C%22ip%22%3A%22192.168.2.111%22%2C%22metadata%22%3A%7B%22preserved.register.source%22%3A%22SPRING_CLOUD%22%7D%2C%22port%22%3A8085%2C%22scheduled%22%3Atrue%2C%22serviceName%22%3A%22DEFAULT_GROUP%40%40service-gateway%22%2C%22weight%22%3A1.0%7D&serviceName=DEFAULT_GROUP%40%40service-gateway&encoding=UTF-8&namespaceId=public HTTP/1.1" 200 38 3 Nacos-Java-Client:v1.0.0
192.168.2.111 - - [18/Dec/2019:11:34:20 +0800] "GET /nacos/v1/cs/health HTTP/1.1" 200 2 2 Apache-HttpAsyncClient/4.1.3 (Java/1.8.0_91)
0:0:0:0:0:0:0:1 - - [18/Dec/2019:11:34:20 +0800] "GET /nacos/ HTTP/1.1" 304 - 20 Mozilla/5.0 (Windows NT 10.0; Win64; x64) AppleWebKit/537.36 (KHTML, like Gecko) Chrome/77.0.3865.75 Safari/537.36
0:0:0:0:0:0:0:1 - - [18/Dec/2019:11:34:20 +0800] "GET /nacos/v1/cs/configs?show=all&dataId=service-gateway-dev.yml&group=DEFAULT_GROUP&tenant=&namespaceId= HTTP/1.1" 200 2337 6 Mozilla/5.0 (Windows NT 10.0; Win64; x64) AppleWebKit/537.36 (KHTML, like Gecko) Chrome/77.0.3865.75 Safari/537.36
0:0:0:0:0:0:0:1 - - [18/Dec/2019:11:34:20 +0800] "GET /nacos/v1/console/server/state HTTP/1.1" 200 82 3 Mozilla/5.0 (Windows NT 10.0; Win64; x64) AppleWebKit/537.36 (KHTML, like Gecko) Chrome/77.0.3865.75 Safari/537.36
0:0:0:0:0:0:0:1 - - [18/Dec/2019:11:34:20 +0800] "GET /nacos/console-fe/public/img/favicon.ico HTTP/1.1" 200 4286 9 Mozilla/5.0 (Windows NT 10.0; Win64; x64) AppleWebKit/537.36 (KHTML, like Gecko) Chrome/77.0.3865.75 Safari/537.36
127.0.0.1 - - [18/Dec/2019:11:34:21 +0800] "GET /nacos/v1/ns/instance/list?healthyOnly=false&namespaceId=public&clientIP=192.168.2.111&serviceName=DEFAULT_GROUP%40%40service-gateway&udpPort=65388&encoding=UTF-8 HTTP/1.1" 200 580 3 Nacos-Java-Client:v1.0.0
127.0.0.1 - - [18/Dec/2019:11:34:25 +0800] "PUT /nacos/v1/ns/instance/beat?beat=%7B%22cluster%22%3A%22DEFAULT%22%2C%22ip%22%3A%22192.168.2.111%22%2C%22metadata%22%3A%7B%22preserved.register.source%22%3A%22SPRING_CLOUD%22%7D%2C%22port%22%3A8085%2C%22scheduled%22%3Atrue%2C%22serviceName%22%3A%22DEFAULT_GROUP%40%40service-gateway%22%2C%22weight%22%3A1.0%7D&serviceName=DEFAULT_GROUP%40%40service-gateway&encoding=UTF-8&namespaceId=public HTTP/1.1" 200 38 2 Nacos-Java-Client:v1.0.0
192.168.2.111 - - [18/Dec/2019:11:34:25 +0800] "GET /nacos/v1/cs/health HTTP/1.1" 200 2 3 Apache-HttpAsyncClient/4.1.3 (Java/1.8.0_91)
127.0.0.1 - - [18/Dec/2019:11:34:27 +0800] "GET /nacos/v1/ns/service/list?pageSize=2147483647&groupName=DEFAULT_GROUP&encoding=UTF-8&namespaceId=public&pageNo=1 HTTP/1.1" 200 49 3 Nacos-Java-Client:v1.0.0
127.0.0.1 - - [18/Dec/2019:11:34:27 +0800] "POST /nacos/v1/cs/configs/listener HTTP/1.1" 200 - 29503 Java/1.8.0_91
127.0.0.1 - - [18/Dec/2019:11:34:29 +0800] "PUT /nacos/v1/ns/instance/beat?beat=%7B%22cluster%22%3A%22DEFAULT%22%2C%22ip%22%3A%22192.168.2.111%22%2C%22metadata%22%3A%7B%22preserved.register.source%22%3A%22SPRING_CLOUD%22%7D%2C%22port%22%3A8085%2C%22scheduled%22%3Atrue%2C%22serviceName%22%3A%22DEFAULT_GROUP%40%40service-gateway%22%2C%22weight%22%3A1.0%7D&serviceName=DEFAULT_GROUP%40%40service-gateway&encoding=UTF-8&namespaceId=public HTTP/1.1" 200 38 2 Nacos-Java-Client:v1.0.0
192.168.2.111 - - [18/Dec/2019:11:34:30 +0800] "GET /nacos/v1/cs/health HTTP/1.1" 200 2 2 Apache-HttpAsyncClient/4.1.3 (Java/1.8.0_91)
127.0.0.1 - - [18/Dec/2019:11:34:31 +0800] "GET /nacos/v1/ns/instance/list?healthyOnly=false&namespaceId=public&clientIP=192.168.2.111&serviceName=DEFAULT_GROUP%40%40service-gateway&udpPort=65388&encoding=UTF-8 HTTP/1.1" 200 580 8 Nacos-Java-Client:v1.0.0
127.0.0.1 - - [18/Dec/2019:11:34:34 +0800] "PUT /nacos/v1/ns/instance/beat?beat=%7B%22cluster%22%3A%22DEFAULT%22%2C%22ip%22%3A%22192.168.2.111%22%2C%22metadata%22%3A%7B%22preserved.register.source%22%3A%22SPRING_CLOUD%22%7D%2C%22port%22%3A8085%2C%22scheduled%22%3Atrue%2C%22serviceName%22%3A%22DEFAULT_GROUP%40%40service-gateway%22%2C%22weight%22%3A1.0%7D&serviceName=DEFAULT_GROUP%40%40service-gateway&encoding=UTF-8&namespaceId=public HTTP/1.1" 200 38 3 Nacos-Java-Client:v1.0.0
192.168.2.111 - - [18/Dec/2019:11:34:35 +0800] "GET /nacos/v1/cs/health HTTP/1.1" 200 2 2 Apache-HttpAsyncClient/4.1.3 (Java/1.8.0_91)
127.0.0.1 - - [18/Dec/2019:11:34:38 +0800] "PUT /nacos/v1/ns/instance/beat?beat=%7B%22cluster%22%3A%22DEFAULT%22%2C%22ip%22%3A%22192.168.2.111%22%2C%22metadata%22%3A%7B%22preserved.register.source%22%3A%22SPRING_CLOUD%22%7D%2C%22port%22%3A8085%2C%22scheduled%22%3Atrue%2C%22serviceName%22%3A%22DEFAULT_GROUP%40%40service-gateway%22%2C%22weight%22%3A1.0%7D&serviceName=DEFAULT_GROUP%40%40service-gateway&encoding=UTF-8&namespaceId=public HTTP/1.1" 200 38 4 Nacos-Java-Client:v1.0.0
192.168.2.111 - - [18/Dec/2019:11:34:40 +0800] "GET /nacos/v1/cs/health HTTP/1.1" 200 2 5 Apache-HttpAsyncClient/4.1.3 (Java/1.8.0_91)
127.0.0.1 - - [18/Dec/2019:11:34:42 +0800] "GET /nacos/v1/ns/instance/list?healthyOnly=false&namespaceId=public&clientIP=192.168.2.111&serviceName=DEFAULT_GROUP%40%40service-gateway&udpPort=65388&encoding=UTF-8 HTTP/1.1" 200 580 4 Nacos-Java-Client:v1.0.0
127.0.0.1 - - [18/Dec/2019:11:34:43 +0800] "PUT /nacos/v1/ns/instance/beat?beat=%7B%22cluster%22%3A%22DEFAULT%22%2C%22ip%22%3A%22192.168.2.111%22%2C%22metadata%22%3A%7B%22preserved.register.source%22%3A%22SPRING_CLOUD%22%7D%2C%22port%22%3A8085%2C%22scheduled%22%3Atrue%2C%22serviceName%22%3A%22DEFAULT_GROUP%40%40service-gateway%22%2C%22weight%22%3A1.0%7D&serviceName=DEFAULT_GROUP%40%40service-gateway&encoding=UTF-8&namespaceId=public HTTP/1.1" 200 38 5 Nacos-Java-Client:v1.0.0
192.168.2.111 - - [18/Dec/2019:11:34:45 +0800] "GET /nacos/v1/cs/health HTTP/1.1" 200 2 4 Apache-HttpAsyncClient/4.1.3 (Java/1.8.0_91)
127.0.0.1 - - [18/Dec/2019:11:34:49 +0800] "PUT /nacos/v1/ns/instance/beat?beat=%7B%22cluster%22%3A%22DEFAULT%22%2C%22ip%22%3A%22192.168.2.111%22%2C%22metadata%22%3A%7B%22preserved.register.source%22%3A%22SPRING_CLOUD%22%7D%2C%22port%22%3A8085%2C%22scheduled%22%3Atrue%2C%22serviceName%22%3A%22DEFAULT_GROUP%40%40service-gateway%22%2C%22weight%22%3A1.0%7D&serviceName=DEFAULT_GROUP%40%40service-gateway&encoding=UTF-8&namespaceId=public HTTP/1.1" 200 38 3 Nacos-Java-Client:v1.0.0
192.168.2.111 - - [18/Dec/2019:11:34:50 +0800] "GET /nacos/v1/cs/health HTTP/1.1" 200 2 1 Apache-HttpAsyncClient/4.1.3 (Java/1.8.0_91)
127.0.0.1 - - [18/Dec/2019:11:34:54 +0800] "GET /nacos/v1/ns/instance/list?healthyOnly=false&namespaceId=public&clientIP=192.168.2.111&serviceName=DEFAULT_GROUP%40%40service-gateway&udpPort=65388&encoding=UTF-8 HTTP/1.1" 200 580 2 Nacos-Java-Client:v1.0.0
127.0.0.1 - - [18/Dec/2019:11:34:55 +0800] "PUT /nacos/v1/ns/instance/beat?beat=%7B%22cluster%22%3A%22DEFAULT%22%2C%22ip%22%3A%22192.168.2.111%22%2C%22metadata%22%3A%7B%22preserved.register.source%22%3A%22SPRING_CLOUD%22%7D%2C%22port%22%3A8085%2C%22scheduled%22%3Atrue%2C%22serviceName%22%3A%22DEFAULT_GROUP%40%40service-gateway%22%2C%22weight%22%3A1.0%7D&serviceName=DEFAULT_GROUP%40%40service-gateway&encoding=UTF-8&namespaceId=public HTTP/1.1" 200 38 3 Nacos-Java-Client:v1.0.0
192.168.2.111 - - [18/Dec/2019:11:34:55 +0800] "GET /nacos/v1/cs/health HTTP/1.1" 200 2 3 Apache-HttpAsyncClient/4.1.3 (Java/1.8.0_91)
127.0.0.1 - - [18/Dec/2019:11:34:57 +0800] "POST /nacos/v1/cs/configs/listener HTTP/1.1" 200 - 29503 Java/1.8.0_91
127.0.0.1 - - [18/Dec/2019:11:34:58 +0800] "GET /nacos/v1/ns/service/list?pageSize=2147483647&groupName=DEFAULT_GROUP&encoding=UTF-8&namespaceId=public&pageNo=1 HTTP/1.1" 200 49 6 Nacos-Java-Client:v1.0.0
127.0.0.1 - - [18/Dec/2019:11:34:59 +0800] "PUT /nacos/v1/ns/instance/beat?beat=%7B%22cluster%22%3A%22DEFAULT%22%2C%22ip%22%3A%22192.168.2.111%22%2C%22metadata%22%3A%7B%22preserved.register.source%22%3A%22SPRING_CLOUD%22%7D%2C%22port%22%3A8085%2C%22scheduled%22%3Atrue%2C%22serviceName%22%3A%22DEFAULT_GROUP%40%40service-gateway%22%2C%22weight%22%3A1.0%7D&serviceName=DEFAULT_GROUP%40%40service-gateway&encoding=UTF-8&namespaceId=public HTTP/1.1" 200 38 4 Nacos-Java-Client:v1.0.0
192.168.2.111 - - [18/Dec/2019:11:35:00 +0800] "GET /nacos/v1/cs/health HTTP/1.1" 200 2 2 Apache-HttpAsyncClient/4.1.3 (Java/1.8.0_91)
127.0.0.1 - - [18/Dec/2019:11:35:02 +0800] "DELETE /nacos/v1/ns/instance?namespaceId=public&port=8085&clusterName=DEFAULT&ip=192.168.2.111&ephemeral=true&serviceName=DEFAULT_GROUP%40%40service-gateway&encoding=UTF-8 HTTP/1.1" 200 2 6 Nacos-Java-Client:v1.0.0
192.168.2.111 - - [18/Dec/2019:11:35:05 +0800] "GET /nacos/v1/cs/health HTTP/1.1" 200 2 3 Apache-HttpAsyncClient/4.1.3 (Java/1.8.0_91)
127.0.0.1 - - [18/Dec/2019:11:35:09 +0800] "GET /nacos/v1/cs/configs?dataId=service-gateway.yml&group=DEFAULT_GROUP HTTP/1.1" 404 23 2 Java/1.8.0_91
127.0.0.1 - - [18/Dec/2019:11:35:09 +0800] "GET /nacos/v1/cs/configs?dataId=service-gateway-dev.yml&group=DEFAULT_GROUP HTTP/1.1" 200 1918 3 Java/1.8.0_91
192.168.2.111 - - [18/Dec/2019:11:35:10 +0800] "GET /nacos/v1/cs/health HTTP/1.1" 200 2 2 Apache-HttpAsyncClient/4.1.3 (Java/1.8.0_91)
127.0.0.1 - - [18/Dec/2019:11:35:12 +0800] "GET /nacos/v1/ns/service/list?pageSize=2147483647&groupName=DEFAULT_GROUP&encoding=UTF-8&namespaceId=public&pageNo=1 HTTP/1.1" 200 49 4 Nacos-Java-Client:v1.0.0
127.0.0.1 - - [18/Dec/2019:11:35:13 +0800] "POST /nacos/v1/ns/instance?groupName=DEFAULT_GROUP&metadata=%7B%22preserved.register.source%22%3A%22SPRING_CLOUD%22%7D&namespaceId=public&port=8085&enable=true&healthy=true&clusterName=DEFAULT&ip=192.168.2.111&weight=1.0&ephemeral=true&serviceName=DEFAULT_GROUP%40%40service-gateway&encoding=UTF-8 HTTP/1.1" 200 2 4 Nacos-Java-Client:v1.0.0
127.0.0.1 - - [18/Dec/2019:11:35:13 +0800] "POST /nacos/v1/cs/configs/listener HTTP/1.1" 200 - 2 Java/1.8.0_91
127.0.0.1 - - [18/Dec/2019:11:35:14 +0800] "GET /nacos/v1/ns/instance/list?healthyOnly=false&namespaceId=public&clientIP=192.168.2.111&serviceName=DEFAULT_GROUP%40%40service-gateway&udpPort=61402&encoding=UTF-8 HTTP/1.1" 200 580 5 Nacos-Java-Client:v1.0.0
192.168.2.111 - - [18/Dec/2019:11:35:15 +0800] "GET /nacos/v1/cs/health HTTP/1.1" 200 2 4 Apache-HttpAsyncClient/4.1.3 (Java/1.8.0_91)
127.0.0.1 - - [18/Dec/2019:11:35:15 +0800] "GET /nacos/v1/cs/configs?dataId=service-gateway.yml&group=DEFAULT_GROUP HTTP/1.1" 404 23 2 Java/1.8.0_91
127.0.0.1 - - [18/Dec/2019:11:35:15 +0800] "GET /nacos/v1/cs/configs?dataId=service-gateway-dev.yml&group=DEFAULT_GROUP HTTP/1.1" 200 1918 3 Java/1.8.0_91
127.0.0.1 - - [18/Dec/2019:11:35:16 +0800] "PUT /nacos/v1/ns/instance/beat?beat=%7B%22cluster%22%3A%22DEFAULT%22%2C%22ip%22%3A%22192.168.2.111%22%2C%22metadata%22%3A%7B%22preserved.register.source%22%3A%22SPRING_CLOUD%22%7D%2C%22port%22%3A8085%2C%22scheduled%22%3Atrue%2C%22serviceName%22%3A%22DEFAULT_GROUP%40%40service-gateway%22%2C%22weight%22%3A1.0%7D&serviceName=DEFAULT_GROUP%40%40service-gateway&encoding=UTF-8&namespaceId=public HTTP/1.1" 200 38 7 Nacos-Java-Client:v1.0.0
127.0.0.1 - - [18/Dec/2019:11:35:16 +0800] "GET /nacos/v1/ns/instance/list?healthyOnly=false&namespaceId=public&clientIP=192.168.2.111&serviceName=DEFAULT_GROUP%40%40service-gateway&udpPort=61402&encoding=UTF-8 HTTP/1.1" 200 580 3 Nacos-Java-Client:v1.0.0
192.168.2.111 - - [18/Dec/2019:11:35:20 +0800] "GET /nacos/v1/cs/health HTTP/1.1" 200 2 3 Apache-HttpAsyncClient/4.1.3 (Java/1.8.0_91)
127.0.0.1 - - [18/Dec/2019:11:35:23 +0800] "PUT /nacos/v1/ns/instance/beat?beat=%7B%22cluster%22%3A%22DEFAULT%22%2C%22ip%22%3A%22192.168.2.111%22%2C%22metadata%22%3A%7B%22preserved.register.source%22%3A%22SPRING_CLOUD%22%7D%2C%22port%22%3A8085%2C%22scheduled%22%3Atrue%2C%22serviceName%22%3A%22DEFAULT_GROUP%40%40service-gateway%22%2C%22weight%22%3A1.0%7D&serviceName=DEFAULT_GROUP%40%40service-gateway&encoding=UTF-8&namespaceId=public HTTP/1.1" 200 38 5 Nacos-Java-Client:v1.0.0
192.168.2.111 - - [18/Dec/2019:11:35:25 +0800] "GET /nacos/v1/cs/health HTTP/1.1" 200 2 1 Apache-HttpAsyncClient/4.1.3 (Java/1.8.0_91)
127.0.0.1 - - [18/Dec/2019:11:35:26 +0800] "PUT /nacos/v1/ns/instance/beat?beat=%7B%22cluster%22%3A%22DEFAULT%22%2C%22ip%22%3A%22192.168.2.111%22%2C%22metadata%22%3A%7B%22preserved.register.source%22%3A%22SPRING_CLOUD%22%7D%2C%22port%22%3A8085%2C%22scheduled%22%3Atrue%2C%22serviceName%22%3A%22DEFAULT_GROUP%40%40service-gateway%22%2C%22weight%22%3A1.0%7D&serviceName=DEFAULT_GROUP%40%40service-gateway&encoding=UTF-8&namespaceId=public HTTP/1.1" 200 38 3 Nacos-Java-Client:v1.0.0
127.0.0.1 - - [18/Dec/2019:11:35:26 +0800] "GET /nacos/v1/ns/instance/list?healthyOnly=false&namespaceId=public&clientIP=192.168.2.111&serviceName=DEFAULT_GROUP%40%40service-gateway&udpPort=61402&encoding=UTF-8 HTTP/1.1" 200 580 1 Nacos-Java-Client:v1.0.0
127.0.0.1 - - [18/Dec/2019:11:35:26 +0800] "POST /nacos/v1/cs/configs/listener HTTP/1.1" 500 - 29504 Java/1.8.0_91
192.168.2.111 - - [18/Dec/2019:11:35:30 +0800] "GET /nacos/v1/cs/health HTTP/1.1" 200 2 2 Apache-HttpAsyncClient/4.1.3 (Java/1.8.0_91)
127.0.0.1 - - [18/Dec/2019:11:35:32 +0800] "PUT /nacos/v1/ns/instance/beat?beat=%7B%22cluster%22%3A%22DEFAULT%22%2C%22ip%22%3A%22192.168.2.111%22%2C%22metadata%22%3A%7B%22preserved.register.source%22%3A%22SPRING_CLOUD%22%7D%2C%22port%22%3A8085%2C%22scheduled%22%3Atrue%2C%22serviceName%22%3A%22DEFAULT_GROUP%40%40service-gateway%22%2C%22weight%22%3A1.0%7D&serviceName=DEFAULT_GROUP%40%40service-gateway&encoding=UTF-8&namespaceId=public HTTP/1.1" 200 38 4 Nacos-Java-Client:v1.0.0
192.168.2.111 - - [18/Dec/2019:11:35:35 +0800] "GET /nacos/v1/cs/health HTTP/1.1" 200 2 3 Apache-HttpAsyncClient/4.1.3 (Java/1.8.0_91)
127.0.0.1 - - [18/Dec/2019:11:35:37 +0800] "PUT /nacos/v1/ns/instance/beat?beat=%7B%22cluster%22%3A%22DEFAULT%22%2C%22ip%22%3A%22192.168.2.111%22%2C%22metadata%22%3A%7B%22preserved.register.source%22%3A%22SPRING_CLOUD%22%7D%2C%22port%22%3A8085%2C%22scheduled%22%3Atrue%2C%22serviceName%22%3A%22DEFAULT_GROUP%40%40service-gateway%22%2C%22weight%22%3A1.0%7D&serviceName=DEFAULT_GROUP%40%40service-gateway&encoding=UTF-8&namespaceId=public HTTP/1.1" 200 38 2 Nacos-Java-Client:v1.0.0
127.0.0.1 - - [18/Dec/2019:11:35:38 +0800] "GET /nacos/v1/ns/instance/list?healthyOnly=false&namespaceId=public&clientIP=192.168.2.111&serviceName=DEFAULT_GROUP%40%40service-gateway&udpPort=61402&encoding=UTF-8 HTTP/1.1" 200 580 3 Nacos-Java-Client:v1.0.0
192.168.2.111 - - [18/Dec/2019:11:35:40 +0800] "GET /nacos/v1/cs/health HTTP/1.1" 200 2 2 Apache-HttpAsyncClient/4.1.3 (Java/1.8.0_91)
127.0.0.1 - - [18/Dec/2019:11:35:43 +0800] "PUT /nacos/v1/ns/instance/beat?beat=%7B%22cluster%22%3A%22DEFAULT%22%2C%22ip%22%3A%22192.168.2.111%22%2C%22metadata%22%3A%7B%22preserved.register.source%22%3A%22SPRING_CLOUD%22%7D%2C%22port%22%3A8085%2C%22scheduled%22%3Atrue%2C%22serviceName%22%3A%22DEFAULT_GROUP%40%40service-gateway%22%2C%22weight%22%3A1.0%7D&serviceName=DEFAULT_GROUP%40%40service-gateway&encoding=UTF-8&namespaceId=public HTTP/1.1" 200 38 6 Nacos-Java-Client:v1.0.0
127.0.0.1 - - [18/Dec/2019:11:35:44 +0800] "GET /nacos/v1/ns/service/list?pageSize=2147483647&groupName=DEFAULT_GROUP&encoding=UTF-8&namespaceId=public&pageNo=1 HTTP/1.1" 200 49 2 Nacos-Java-Client:v1.0.0
127.0.0.1 - - [18/Dec/2019:11:35:45 +0800] "POST /nacos/v1/cs/configs/listener HTTP/1.1" 200 - 29502 Java/1.8.0_91
192.168.2.111 - - [18/Dec/2019:11:35:45 +0800] "GET /nacos/v1/cs/health HTTP/1.1" 200 2 4 Apache-HttpAsyncClient/4.1.3 (Java/1.8.0_91)
127.0.0.1 - - [18/Dec/2019:11:35:48 +0800] "PUT /nacos/v1/ns/instance/beat?beat=%7B%22cluster%22%3A%22DEFAULT%22%2C%22ip%22%3A%22192.168.2.111%22%2C%22metadata%22%3A%7B%22preserved.register.source%22%3A%22SPRING_CLOUD%22%7D%2C%22port%22%3A8085%2C%22scheduled%22%3Atrue%2C%22serviceName%22%3A%22DEFAULT_GROUP%40%40service-gateway%22%2C%22weight%22%3A1.0%7D&serviceName=DEFAULT_GROUP%40%40service-gateway&encoding=UTF-8&namespaceId=public HTTP/1.1" 200 38 3 Nacos-Java-Client:v1.0.0
127.0.0.1 - - [18/Dec/2019:11:35:49 +0800] "GET /nacos/v1/ns/instance/list?healthyOnly=false&namespaceId=public&clientIP=192.168.2.111&serviceName=DEFAULT_GROUP%40%40service-gateway&udpPort=61402&encoding=UTF-8 HTTP/1.1" 200 580 3 Nacos-Java-Client:v1.0.0
192.168.2.111 - - [18/Dec/2019:11:35:50 +0800] "GET /nacos/v1/cs/health HTTP/1.1" 200 2 5 Apache-HttpAsyncClient/4.1.3 (Java/1.8.0_91)
127.0.0.1 - - [18/Dec/2019:11:35:51 +0800] "PUT /nacos/v1/ns/instance/beat?beat=%7B%22cluster%22%3A%22DEFAULT%22%2C%22ip%22%3A%22192.168.2.111%22%2C%22metadata%22%3A%7B%22preserved.register.source%22%3A%22SPRING_CLOUD%22%7D%2C%22port%22%3A8085%2C%22scheduled%22%3Atrue%2C%22serviceName%22%3A%22DEFAULT_GROUP%40%40service-gateway%22%2C%22weight%22%3A1.0%7D&serviceName=DEFAULT_GROUP%40%40service-gateway&encoding=UTF-8&namespaceId=public HTTP/1.1" 200 38 3 Nacos-Java-Client:v1.0.0
192.168.2.111 - - [18/Dec/2019:11:35:55 +0800] "GET /nacos/v1/cs/health HTTP/1.1" 200 2 2 Apache-HttpAsyncClient/4.1.3 (Java/1.8.0_91)
127.0.0.1 - - [18/Dec/2019:11:35:58 +0800] "PUT /nacos/v1/ns/instance/beat?beat=%7B%22cluster%22%3A%22DEFAULT%22%2C%22ip%22%3A%22192.168.2.111%22%2C%22metadata%22%3A%7B%22preserved.register.source%22%3A%22SPRING_CLOUD%22%7D%2C%22port%22%3A8085%2C%22scheduled%22%3Atrue%2C%22serviceName%22%3A%22DEFAULT_GROUP%40%40service-gateway%22%2C%22weight%22%3A1.0%7D&serviceName=DEFAULT_GROUP%40%40service-gateway&encoding=UTF-8&namespaceId=public HTTP/1.1" 200 38 2 Nacos-Java-Client:v1.0.0
127.0.0.1 - - [18/Dec/2019:11:35:59 +0800] "GET /nacos/v1/ns/instance/list?healthyOnly=false&namespaceId=public&clientIP=192.168.2.111&serviceName=DEFAULT_GROUP%40%40service-gateway&udpPort=61402&encoding=UTF-8 HTTP/1.1" 200 580 2 Nacos-Java-Client:v1.0.0
0:0:0:0:0:0:0:1 - - [18/Dec/2019:11:35:59 +0800] "GET /nacos/v1/console/namespaces?namespaceId= HTTP/1.1" 401 154 16 Mozilla/5.0 (Windows NT 10.0; Win64; x64) AppleWebKit/537.36 (KHTML, like Gecko) Chrome/77.0.3865.75 Safari/537.36
0:0:0:0:0:0:0:1 - - [18/Dec/2019:11:35:59 +0800] "GET /nacos/v1/cs/configs?search=accurate&dataId=&group=&appName=&config_tags=&pageNo=1&pageSize=10&tenant=&namespaceId= HTTP/1.1" 200 2169 6 Mozilla/5.0 (Windows NT 10.0; Win64; x64) AppleWebKit/537.36 (KHTML, like Gecko) Chrome/77.0.3865.75 Safari/537.36
192.168.2.111 - - [18/Dec/2019:11:36:00 +0800] "GET /nacos/v1/cs/health HTTP/1.1" 200 2 2 Apache-HttpAsyncClient/4.1.3 (Java/1.8.0_91)
0:0:0:0:0:0:0:1 - - [18/Dec/2019:11:36:01 +0800] "POST /nacos/v1/auth/login HTTP/1.1" 200 176 158 Mozilla/5.0 (Windows NT 10.0; Win64; x64) AppleWebKit/537.36 (KHTML, like Gecko) Chrome/77.0.3865.75 Safari/537.36
0:0:0:0:0:0:0:1 - - [18/Dec/2019:11:36:01 +0800] "GET /nacos/v1/console/namespaces?namespaceId= HTTP/1.1" 200 130 4 Mozilla/5.0 (Windows NT 10.0; Win64; x64) AppleWebKit/537.36 (KHTML, like Gecko) Chrome/77.0.3865.75 Safari/537.36
0:0:0:0:0:0:0:1 - - [18/Dec/2019:11:36:01 +0800] "GET /nacos/v1/console/server/state HTTP/1.1" 200 82 3 Mozilla/5.0 (Windows NT 10.0; Win64; x64) AppleWebKit/537.36 (KHTML, like Gecko) Chrome/77.0.3865.75 Safari/537.36
0:0:0:0:0:0:0:1 - - [18/Dec/2019:11:36:01 +0800] "GET /nacos/v1/cs/configs?search=accurate&dataId=&group=&appName=&config_tags=&pageNo=1&pageSize=10&tenant=&namespaceId= HTTP/1.1" 200 2169 4 Mozilla/5.0 (Windows NT 10.0; Win64; x64) AppleWebKit/537.36 (KHTML, like Gecko) Chrome/77.0.3865.75 Safari/537.36
127.0.0.1 - - [18/Dec/2019:11:36:03 +0800] "PUT /nacos/v1/ns/instance/beat?beat=%7B%22cluster%22%3A%22DEFAULT%22%2C%22ip%22%3A%22192.168.2.111%22%2C%22metadata%22%3A%7B%22preserved.register.source%22%3A%22SPRING_CLOUD%22%7D%2C%22port%22%3A8085%2C%22scheduled%22%3Atrue%2C%22serviceName%22%3A%22DEFAULT_GROUP%40%40service-gateway%22%2C%22weight%22%3A1.0%7D&serviceName=DEFAULT_GROUP%40%40service-gateway&encoding=UTF-8&namespaceId=public HTTP/1.1" 200 38 2 Nacos-Java-Client:v1.0.0
192.168.2.111 - - [18/Dec/2019:11:36:05 +0800] "GET /nacos/v1/cs/health HTTP/1.1" 200 2 2 Apache-HttpAsyncClient/4.1.3 (Java/1.8.0_91)
127.0.0.1 - - [18/Dec/2019:11:36:07 +0800] "PUT /nacos/v1/ns/instance/beat?beat=%7B%22cluster%22%3A%22DEFAULT%22%2C%22ip%22%3A%22192.168.2.111%22%2C%22metadata%22%3A%7B%22preserved.register.source%22%3A%22SPRING_CLOUD%22%7D%2C%22port%22%3A8085%2C%22scheduled%22%3Atrue%2C%22serviceName%22%3A%22DEFAULT_GROUP%40%40service-gateway%22%2C%22weight%22%3A1.0%7D&serviceName=DEFAULT_GROUP%40%40service-gateway&encoding=UTF-8&namespaceId=public HTTP/1.1" 200 38 2 Nacos-Java-Client:v1.0.0
127.0.0.1 - - [18/Dec/2019:11:36:09 +0800] "GET /nacos/v1/ns/instance/list?healthyOnly=false&namespaceId=public&clientIP=192.168.2.111&serviceName=DEFAULT_GROUP%40%40service-gateway&udpPort=61402&encoding=UTF-8 HTTP/1.1" 200 580 2 Nacos-Java-Client:v1.0.0
192.168.2.111 - - [18/Dec/2019:11:36:10 +0800] "GET /nacos/v1/cs/health HTTP/1.1" 200 2 4 Apache-HttpAsyncClient/4.1.3 (Java/1.8.0_91)
127.0.0.1 - - [18/Dec/2019:11:36:13 +0800] "PUT /nacos/v1/ns/instance/beat?beat=%7B%22cluster%22%3A%22DEFAULT%22%2C%22ip%22%3A%22192.168.2.111%22%2C%22metadata%22%3A%7B%22preserved.register.source%22%3A%22SPRING_CLOUD%22%7D%2C%22port%22%3A8085%2C%22scheduled%22%3Atrue%2C%22serviceName%22%3A%22DEFAULT_GROUP%40%40service-gateway%22%2C%22weight%22%3A1.0%7D&serviceName=DEFAULT_GROUP%40%40service-gateway&encoding=UTF-8&namespaceId=public HTTP/1.1" 200 38 7 Nacos-Java-Client:v1.0.0
127.0.0.1 - - [18/Dec/2019:11:36:14 +0800] "POST /nacos/v1/cs/configs/listener HTTP/1.1" 200 - 29504 Java/1.8.0_91
192.168.2.111 - - [18/Dec/2019:11:36:15 +0800] "GET /nacos/v1/cs/health HTTP/1.1" 200 2 1 Apache-HttpAsyncClient/4.1.3 (Java/1.8.0_91)
127.0.0.1 - - [18/Dec/2019:11:36:15 +0800] "GET /nacos/v1/ns/service/list?pageSize=2147483647&groupName=DEFAULT_GROUP&encoding=UTF-8&namespaceId=public&pageNo=1 HTTP/1.1" 200 49 2 Nacos-Java-Client:v1.0.0
127.0.0.1 - - [18/Dec/2019:11:36:17 +0800] "PUT /nacos/v1/ns/instance/beat?beat=%7B%22cluster%22%3A%22DEFAULT%22%2C%22ip%22%3A%22192.168.2.111%22%2C%22metadata%22%3A%7B%22preserved.register.source%22%3A%22SPRING_CLOUD%22%7D%2C%22port%22%3A8085%2C%22scheduled%22%3Atrue%2C%22serviceName%22%3A%22DEFAULT_GROUP%40%40service-gateway%22%2C%22weight%22%3A1.0%7D&serviceName=DEFAULT_GROUP%40%40service-gateway&encoding=UTF-8&namespaceId=public HTTP/1.1" 200 38 5 Nacos-Java-Client:v1.0.0
127.0.0.1 - - [18/Dec/2019:11:36:19 +0800] "GET /nacos/v1/ns/instance/list?healthyOnly=false&namespaceId=public&clientIP=192.168.2.111&serviceName=DEFAULT_GROUP%40%40service-gateway&udpPort=61402&encoding=UTF-8 HTTP/1.1" 200 580 3 Nacos-Java-Client:v1.0.0
192.168.2.111 - - [18/Dec/2019:11:36:20 +0800] "GET /nacos/v1/cs/health HTTP/1.1" 200 2 2 Apache-HttpAsyncClient/4.1.3 (Java/1.8.0_91)
127.0.0.1 - - [18/Dec/2019:11:36:22 +0800] "PUT /nacos/v1/ns/instance/beat?beat=%7B%22cluster%22%3A%22DEFAULT%22%2C%22ip%22%3A%22192.168.2.111%22%2C%22metadata%22%3A%7B%22preserved.register.source%22%3A%22SPRING_CLOUD%22%7D%2C%22port%22%3A8085%2C%22scheduled%22%3Atrue%2C%22serviceName%22%3A%22DEFAULT_GROUP%40%40service-gateway%22%2C%22weight%22%3A1.0%7D&serviceName=DEFAULT_GROUP%40%40service-gateway&encoding=UTF-8&namespaceId=public HTTP/1.1" 200 38 3 Nacos-Java-Client:v1.0.0
192.168.2.111 - - [18/Dec/2019:11:36:25 +0800] "GET /nacos/v1/cs/health HTTP/1.1" 200 2 2 Apache-HttpAsyncClient/4.1.3 (Java/1.8.0_91)
127.0.0.1 - - [18/Dec/2019:11:36:28 +0800] "PUT /nacos/v1/ns/instance/beat?beat=%7B%22cluster%22%3A%22DEFAULT%22%2C%22ip%22%3A%22192.168.2.111%22%2C%22metadata%22%3A%7B%22preserved.register.source%22%3A%22SPRING_CLOUD%22%7D%2C%22port%22%3A8085%2C%22scheduled%22%3Atrue%2C%22serviceName%22%3A%22DEFAULT_GROUP%40%40service-gateway%22%2C%22weight%22%3A1.0%7D&serviceName=DEFAULT_GROUP%40%40service-gateway&encoding=UTF-8&namespaceId=public HTTP/1.1" 200 38 2 Nacos-Java-Client:v1.0.0
127.0.0.1 - - [18/Dec/2019:11:36:29 +0800] "GET /nacos/v1/ns/instance/list?healthyOnly=false&namespaceId=public&clientIP=192.168.2.111&serviceName=DEFAULT_GROUP%40%40service-gateway&udpPort=61402&encoding=UTF-8 HTTP/1.1" 200 580 3 Nacos-Java-Client:v1.0.0
192.168.2.111 - - [18/Dec/2019:11:36:30 +0800] "GET /nacos/v1/cs/health HTTP/1.1" 200 2 1 Apache-HttpAsyncClient/4.1.3 (Java/1.8.0_91)
127.0.0.1 - - [18/Dec/2019:11:36:33 +0800] "PUT /nacos/v1/ns/instance/beat?beat=%7B%22cluster%22%3A%22DEFAULT%22%2C%22ip%22%3A%22192.168.2.111%22%2C%22metadata%22%3A%7B%22preserved.register.source%22%3A%22SPRING_CLOUD%22%7D%2C%22port%22%3A8085%2C%22scheduled%22%3Atrue%2C%22serviceName%22%3A%22DEFAULT_GROUP%40%40service-gateway%22%2C%22weight%22%3A1.0%7D&serviceName=DEFAULT_GROUP%40%40service-gateway&encoding=UTF-8&namespaceId=public HTTP/1.1" 200 38 2 Nacos-Java-Client:v1.0.0
0:0:0:0:0:0:0:1 - - [18/Dec/2019:11:36:34 +0800] "GET /nacos/v1/cs/configs?show=all&dataId=service-gateway-dev.yml&group=DEFAULT_GROUP&tenant=&namespaceId= HTTP/1.1" 200 2337 2 Mozilla/5.0 (Windows NT 10.0; Win64; x64) AppleWebKit/537.36 (KHTML, like Gecko) Chrome/77.0.3865.75 Safari/537.36
192.168.2.111 - - [18/Dec/2019:11:36:35 +0800] "GET /nacos/v1/cs/health HTTP/1.1" 200 2 3 Apache-HttpAsyncClient/4.1.3 (Java/1.8.0_91)
127.0.0.1 - - [18/Dec/2019:11:36:38 +0800] "PUT /nacos/v1/ns/instance/beat?beat=%7B%22cluster%22%3A%22DEFAULT%22%2C%22ip%22%3A%22192.168.2.111%22%2C%22metadata%22%3A%7B%22preserved.register.source%22%3A%22SPRING_CLOUD%22%7D%2C%22port%22%3A8085%2C%22scheduled%22%3Atrue%2C%22serviceName%22%3A%22DEFAULT_GROUP%40%40service-gateway%22%2C%22weight%22%3A1.0%7D&serviceName=DEFAULT_GROUP%40%40service-gateway&encoding=UTF-8&namespaceId=public HTTP/1.1" 200 38 1 Nacos-Java-Client:v1.0.0
192.168.2.111 - - [18/Dec/2019:11:36:40 +0800] "GET /nacos/v1/cs/health HTTP/1.1" 200 2 6 Apache-HttpAsyncClient/4.1.3 (Java/1.8.0_91)
127.0.0.1 - - [18/Dec/2019:11:36:40 +0800] "GET /nacos/v1/ns/instance/list?healthyOnly=false&namespaceId=public&clientIP=192.168.2.111&serviceName=DEFAULT_GROUP%40%40service-gateway&udpPort=61402&encoding=UTF-8 HTTP/1.1" 200 580 2 Nacos-Java-Client:v1.0.0
127.0.0.1 - - [18/Dec/2019:11:36:42 +0800] "PUT /nacos/v1/ns/instance/beat?beat=%7B%22cluster%22%3A%22DEFAULT%22%2C%22ip%22%3A%22192.168.2.111%22%2C%22metadata%22%3A%7B%22preserved.register.source%22%3A%22SPRING_CLOUD%22%7D%2C%22port%22%3A8085%2C%22scheduled%22%3Atrue%2C%22serviceName%22%3A%22DEFAULT_GROUP%40%40service-gateway%22%2C%22weight%22%3A1.0%7D&serviceName=DEFAULT_GROUP%40%40service-gateway&encoding=UTF-8&namespaceId=public HTTP/1.1" 200 38 1 Nacos-Java-Client:v1.0.0
127.0.0.1 - - [18/Dec/2019:11:36:44 +0800] "POST /nacos/v1/cs/configs/listener HTTP/1.1" 200 - 29502 Java/1.8.0_91
192.168.2.111 - - [18/Dec/2019:11:36:45 +0800] "GET /nacos/v1/cs/health HTTP/1.1" 200 2 2 Apache-HttpAsyncClient/4.1.3 (Java/1.8.0_91)
0:0:0:0:0:0:0:1 - - [18/Dec/2019:11:36:46 +0800] "GET /nacos/v1/cs/configs?search=accurate&dataId=&group=&appName=&config_tags=&pageNo=1&pageSize=10&tenant=&namespaceId= HTTP/1.1" 200 2169 4 Mozilla/5.0 (Windows NT 10.0; Win64; x64) AppleWebKit/537.36 (KHTML, like Gecko) Chrome/77.0.3865.75 Safari/537.36
127.0.0.1 - - [18/Dec/2019:11:36:47 +0800] "PUT /nacos/v1/ns/instance/beat?beat=%7B%22cluster%22%3A%22DEFAULT%22%2C%22ip%22%3A%22192.168.2.111%22%2C%22metadata%22%3A%7B%22preserved.register.source%22%3A%22SPRING_CLOUD%22%7D%2C%22port%22%3A8085%2C%22scheduled%22%3Atrue%2C%22serviceName%22%3A%22DEFAULT_GROUP%40%40service-gateway%22%2C%22weight%22%3A1.0%7D&serviceName=DEFAULT_GROUP%40%40service-gateway&encoding=UTF-8&namespaceId=public HTTP/1.1" 200 38 3 Nacos-Java-Client:v1.0.0
127.0.0.1 - - [18/Dec/2019:11:36:47 +0800] "GET /nacos/v1/ns/service/list?pageSize=2147483647&groupName=DEFAULT_GROUP&encoding=UTF-8&namespaceId=public&pageNo=1 HTTP/1.1" 200 49 2 Nacos-Java-Client:v1.0.0
192.168.2.111 - - [18/Dec/2019:11:36:50 +0800] "GET /nacos/v1/cs/health HTTP/1.1" 200 2 1 Apache-HttpAsyncClient/4.1.3 (Java/1.8.0_91)
127.0.0.1 - - [18/Dec/2019:11:36:51 +0800] "PUT /nacos/v1/ns/instance/beat?beat=%7B%22cluster%22%3A%22DEFAULT%22%2C%22ip%22%3A%22192.168.2.111%22%2C%22metadata%22%3A%7B%22preserved.register.source%22%3A%22SPRING_CLOUD%22%7D%2C%22port%22%3A8085%2C%22scheduled%22%3Atrue%2C%22serviceName%22%3A%22DEFAULT_GROUP%40%40service-gateway%22%2C%22weight%22%3A1.0%7D&serviceName=DEFAULT_GROUP%40%40service-gateway&encoding=UTF-8&namespaceId=public HTTP/1.1" 200 38 2 Nacos-Java-Client:v1.0.0
127.0.0.1 - - [18/Dec/2019:11:36:52 +0800] "GET /nacos/v1/ns/instance/list?healthyOnly=false&namespaceId=public&clientIP=192.168.2.111&serviceName=DEFAULT_GROUP%40%40service-gateway&udpPort=61402&encoding=UTF-8 HTTP/1.1" 200 580 2 Nacos-Java-Client:v1.0.0
192.168.2.111 - - [18/Dec/2019:11:36:55 +0800] "GET /nacos/v1/cs/health HTTP/1.1" 200 2 7 Apache-HttpAsyncClient/4.1.3 (Java/1.8.0_91)
127.0.0.1 - - [18/Dec/2019:11:36:56 +0800] "PUT /nacos/v1/ns/instance/beat?beat=%7B%22cluster%22%3A%22DEFAULT%22%2C%22ip%22%3A%22192.168.2.111%22%2C%22metadata%22%3A%7B%22preserved.register.source%22%3A%22SPRING_CLOUD%22%7D%2C%22port%22%3A8085%2C%22scheduled%22%3Atrue%2C%22serviceName%22%3A%22DEFAULT_GROUP%40%40service-gateway%22%2C%22weight%22%3A1.0%7D&serviceName=DEFAULT_GROUP%40%40service-gateway&encoding=UTF-8&namespaceId=public HTTP/1.1" 200 38 3 Nacos-Java-Client:v1.0.0
192.168.2.111 - - [18/Dec/2019:11:37:00 +0800] "GET /nacos/v1/cs/health HTTP/1.1" 200 2 3 Apache-HttpAsyncClient/4.1.3 (Java/1.8.0_91)
127.0.0.1 - - [18/Dec/2019:11:37:01 +0800] "PUT /nacos/v1/ns/instance/beat?beat=%7B%22cluster%22%3A%22DEFAULT%22%2C%22ip%22%3A%22192.168.2.111%22%2C%22metadata%22%3A%7B%22preserved.register.source%22%3A%22SPRING_CLOUD%22%7D%2C%22port%22%3A8085%2C%22scheduled%22%3Atrue%2C%22serviceName%22%3A%22DEFAULT_GROUP%40%40service-gateway%22%2C%22weight%22%3A1.0%7D&serviceName=DEFAULT_GROUP%40%40service-gateway&encoding=UTF-8&namespaceId=public HTTP/1.1" 200 38 2 Nacos-Java-Client:v1.0.0
127.0.0.1 - - [18/Dec/2019:11:37:03 +0800] "GET /nacos/v1/ns/instance/list?healthyOnly=false&namespaceId=public&clientIP=192.168.2.111&serviceName=DEFAULT_GROUP%40%40service-gateway&udpPort=61402&encoding=UTF-8 HTTP/1.1" 200 580 3 Nacos-Java-Client:v1.0.0
192.168.2.111 - - [18/Dec/2019:11:37:05 +0800] "GET /nacos/v1/cs/health HTTP/1.1" 200 2 1 Apache-HttpAsyncClient/4.1.3 (Java/1.8.0_91)
0:0:0:0:0:0:0:1 - - [18/Dec/2019:11:37:05 +0800] "GET /nacos/v1/cs/configs?dataId=service-gateway-dev.yml&group=DEFAULT_GROUP&namespaceId=&tenant=&beta=true HTTP/1.1" 200 60 8 Mozilla/5.0 (Windows NT 10.0; Win64; x64) AppleWebKit/537.36 (KHTML, like Gecko) Chrome/77.0.3865.75 Safari/537.36
0:0:0:0:0:0:0:1 - - [18/Dec/2019:11:37:05 +0800] "GET /nacos/v1/cs/configs?dataId=service-gateway-dev.yml&group=DEFAULT_GROUP&namespaceId=&tenant=&show=all HTTP/1.1" 200 2337 4 Mozilla/5.0 (Windows NT 10.0; Win64; x64) AppleWebKit/537.36 (KHTML, like Gecko) Chrome/77.0.3865.75 Safari/537.36
0:0:0:0:0:0:0:1 - - [18/Dec/2019:11:37:08 +0800] "GET /nacos/v1/cs/configs?search=accurate&dataId=&group=&appName=&config_tags=&pageNo=1&pageSize=10&tenant=&namespaceId= HTTP/1.1" 200 2169 4 Mozilla/5.0 (Windows NT 10.0; Win64; x64) AppleWebKit/537.36 (KHTML, like Gecko) Chrome/77.0.3865.75 Safari/537.36
127.0.0.1 - - [18/Dec/2019:11:37:08 +0800] "PUT /nacos/v1/ns/instance/beat?beat=%7B%22cluster%22%3A%22DEFAULT%22%2C%22ip%22%3A%22192.168.2.111%22%2C%22metadata%22%3A%7B%22preserved.register.source%22%3A%22SPRING_CLOUD%22%7D%2C%22port%22%3A8085%2C%22scheduled%22%3Atrue%2C%22serviceName%22%3A%22DEFAULT_GROUP%40%40service-gateway%22%2C%22weight%22%3A1.0%7D&serviceName=DEFAULT_GROUP%40%40service-gateway&encoding=UTF-8&namespaceId=public HTTP/1.1" 200 38 3 Nacos-Java-Client:v1.0.0
192.168.2.111 - - [18/Dec/2019:11:37:10 +0800] "GET /nacos/v1/cs/health HTTP/1.1" 200 2 2 Apache-HttpAsyncClient/4.1.3 (Java/1.8.0_91)
127.0.0.1 - - [18/Dec/2019:11:37:13 +0800] "PUT /nacos/v1/ns/instance/beat?beat=%7B%22cluster%22%3A%22DEFAULT%22%2C%22ip%22%3A%22192.168.2.111%22%2C%22metadata%22%3A%7B%22preserved.register.source%22%3A%22SPRING_CLOUD%22%7D%2C%22port%22%3A8085%2C%22scheduled%22%3Atrue%2C%22serviceName%22%3A%22DEFAULT_GROUP%40%40service-gateway%22%2C%22weight%22%3A1.0%7D&serviceName=DEFAULT_GROUP%40%40service-gateway&encoding=UTF-8&namespaceId=public HTTP/1.1" 200 38 2 Nacos-Java-Client:v1.0.0
