192.168.2.111 - - [19/Dec/2019:10:10:25 +0800] "GET /nacos/v1/cs/health HTTP/1.1" 200 2 1 Apache-HttpAsyncClient/4.1.3 (Java/1.8.0_91)
127.0.0.1 - - [19/Dec/2019:10:10:27 +0800] "PUT /nacos/v1/ns/instance/beat?beat=%7B%22cluster%22%3A%22DEFAULT%22%2C%22ip%22%3A%22192.168.2.111%22%2C%22metadata%22%3A%7B%22preserved.register.source%22%3A%22SPRING_CLOUD%22%7D%2C%22port%22%3A8085%2C%22scheduled%22%3Atrue%2C%22serviceName%22%3A%22DEFAULT_GROUP%40%40service-gateway%22%2C%22weight%22%3A1.0%7D&serviceName=DEFAULT_GROUP%40%40service-gateway&encoding=UTF-8&namespaceId=public HTTP/1.1" 200 38 3 Nacos-Java-Client:v1.0.0
192.168.2.111 - - [19/Dec/2019:10:10:30 +0800] "GET /nacos/v1/cs/health HTTP/1.1" 200 2 1 Apache-HttpAsyncClient/4.1.3 (Java/1.8.0_91)
127.0.0.1 - - [19/Dec/2019:10:10:31 +0800] "PUT /nacos/v1/ns/instance/beat?beat=%7B%22cluster%22%3A%22DEFAULT%22%2C%22ip%22%3A%22192.168.2.111%22%2C%22metadata%22%3A%7B%22preserved.register.source%22%3A%22SPRING_CLOUD%22%7D%2C%22port%22%3A8085%2C%22scheduled%22%3Atrue%2C%22serviceName%22%3A%22DEFAULT_GROUP%40%40service-gateway%22%2C%22weight%22%3A1.0%7D&serviceName=DEFAULT_GROUP%40%40service-gateway&encoding=UTF-8&namespaceId=public HTTP/1.1" 200 38 2 Nacos-Java-Client:v1.0.0
127.0.0.1 - - [19/Dec/2019:10:10:35 +0800] "GET /nacos/v1/ns/instance/list?healthyOnly=false&namespaceId=public&clientIP=192.168.2.111&serviceName=DEFAULT_GROUP%40%40service-gateway&udpPort=52171&encoding=UTF-8 HTTP/1.1" 200 580 2 Nacos-Java-Client:v1.0.0
192.168.2.111 - - [19/Dec/2019:10:10:35 +0800] "GET /nacos/v1/cs/health HTTP/1.1" 200 2 1 Apache-HttpAsyncClient/4.1.3 (Java/1.8.0_91)
0:0:0:0:0:0:0:1 - - [19/Dec/2019:10:10:36 +0800] "POST /nacos/v1/cs/configs HTTP/1.1" 200 14 9 Mozilla/5.0 (Windows NT 10.0; Win64; x64) AppleWebKit/537.36 (KHTML, like Gecko) Chrome/77.0.3865.75 Safari/537.36
192.168.2.111 - - [19/Dec/2019:10:10:36 +0800] "GET /nacos/v1/cs/communication/dataChange?dataId=service-gateway-dev.yml&group=DEFAULT_GROUP HTTP/1.1" 200 14 2 Apache-HttpAsyncClient/4.1.3 (Java/1.8.0_91)
0:0:0:0:0:0:0:1 - - [19/Dec/2019:10:10:36 +0800] "GET /nacos/v1/cs/configs?dataId=service-gateway-dev.yml&group=DEFAULT_GROUP&namespaceId=&tenant=&show=all HTTP/1.1" 200 653 2 Mozilla/5.0 (Windows NT 10.0; Win64; x64) AppleWebKit/537.36 (KHTML, like Gecko) Chrome/77.0.3865.75 Safari/537.36
127.0.0.1 - - [19/Dec/2019:10:10:37 +0800] "POST /nacos/v1/cs/configs/listener HTTP/1.1" 200 44 17987 Java/1.8.0_91
127.0.0.1 - - [19/Dec/2019:10:10:37 +0800] "GET /nacos/v1/cs/configs?dataId=service-gateway-dev.yml&group=DEFAULT_GROUP HTTP/1.1" 200 283 2 Java/1.8.0_91
127.0.0.1 - - [19/Dec/2019:10:10:37 +0800] "PUT /nacos/v1/ns/instance/beat?beat=%7B%22cluster%22%3A%22DEFAULT%22%2C%22ip%22%3A%22192.168.2.111%22%2C%22metadata%22%3A%7B%22preserved.register.source%22%3A%22SPRING_CLOUD%22%7D%2C%22port%22%3A8085%2C%22scheduled%22%3Atrue%2C%22serviceName%22%3A%22DEFAULT_GROUP%40%40service-gateway%22%2C%22weight%22%3A1.0%7D&serviceName=DEFAULT_GROUP%40%40service-gateway&encoding=UTF-8&namespaceId=public HTTP/1.1" 200 38 3 Nacos-Java-Client:v1.0.0
192.168.2.111 - - [19/Dec/2019:10:10:40 +0800] "GET /nacos/v1/cs/health HTTP/1.1" 200 2 2 Apache-HttpAsyncClient/4.1.3 (Java/1.8.0_91)
127.0.0.1 - - [19/Dec/2019:10:10:41 +0800] "PUT /nacos/v1/ns/instance/beat?beat=%7B%22cluster%22%3A%22DEFAULT%22%2C%22ip%22%3A%22192.168.2.111%22%2C%22metadata%22%3A%7B%22preserved.register.source%22%3A%22SPRING_CLOUD%22%7D%2C%22port%22%3A8085%2C%22scheduled%22%3Atrue%2C%22serviceName%22%3A%22DEFAULT_GROUP%40%40service-gateway%22%2C%22weight%22%3A1.0%7D&serviceName=DEFAULT_GROUP%40%40service-gateway&encoding=UTF-8&namespaceId=public HTTP/1.1" 200 38 2 Nacos-Java-Client:v1.0.0
127.0.0.1 - - [19/Dec/2019:10:10:43 +0800] "GET /nacos/v1/cs/configs?dataId=service-gateway-dev.yml&group=DEFAULT_GROUP HTTP/1.1" 200 283 2 Java/1.8.0_91
127.0.0.1 - - [19/Dec/2019:10:10:45 +0800] "GET /nacos/v1/ns/instance/list?healthyOnly=false&namespaceId=public&clientIP=192.168.2.111&serviceName=DEFAULT_GROUP%40%40service-gateway&udpPort=52171&encoding=UTF-8 HTTP/1.1" 200 580 3 Nacos-Java-Client:v1.0.0
192.168.2.111 - - [19/Dec/2019:10:10:45 +0800] "GET /nacos/v1/cs/health HTTP/1.1" 200 2 2 Apache-HttpAsyncClient/4.1.3 (Java/1.8.0_91)
127.0.0.1 - - [19/Dec/2019:10:10:46 +0800] "PUT /nacos/v1/ns/instance/beat?beat=%7B%22cluster%22%3A%22DEFAULT%22%2C%22ip%22%3A%22192.168.2.111%22%2C%22metadata%22%3A%7B%22preserved.register.source%22%3A%22SPRING_CLOUD%22%7D%2C%22port%22%3A8085%2C%22scheduled%22%3Atrue%2C%22serviceName%22%3A%22DEFAULT_GROUP%40%40service-gateway%22%2C%22weight%22%3A1.0%7D&serviceName=DEFAULT_GROUP%40%40service-gateway&encoding=UTF-8&namespaceId=public HTTP/1.1" 200 38 6 Nacos-Java-Client:v1.0.0
127.0.0.1 - - [19/Dec/2019:10:10:47 +0800] "GET /nacos/v1/ns/service/list?pageSize=2147483647&groupName=DEFAULT_GROUP&encoding=UTF-8&namespaceId=public&pageNo=1 HTTP/1.1" 200 49 2 Nacos-Java-Client:v1.0.0
192.168.2.111 - - [19/Dec/2019:10:10:50 +0800] "GET /nacos/v1/cs/health HTTP/1.1" 200 2 2 Apache-HttpAsyncClient/4.1.3 (Java/1.8.0_91)
127.0.0.1 - - [19/Dec/2019:10:10:50 +0800] "PUT /nacos/v1/ns/instance/beat?beat=%7B%22cluster%22%3A%22DEFAULT%22%2C%22ip%22%3A%22192.168.2.111%22%2C%22metadata%22%3A%7B%22preserved.register.source%22%3A%22SPRING_CLOUD%22%7D%2C%22port%22%3A8085%2C%22scheduled%22%3Atrue%2C%22serviceName%22%3A%22DEFAULT_GROUP%40%40service-gateway%22%2C%22weight%22%3A1.0%7D&serviceName=DEFAULT_GROUP%40%40service-gateway&encoding=UTF-8&namespaceId=public HTTP/1.1" 200 38 2 Nacos-Java-Client:v1.0.0
127.0.0.1 - - [19/Dec/2019:10:10:55 +0800] "GET /nacos/v1/ns/instance/list?healthyOnly=false&namespaceId=public&clientIP=192.168.2.111&serviceName=DEFAULT_GROUP%40%40service-gateway&udpPort=52171&encoding=UTF-8 HTTP/1.1" 200 580 2 Nacos-Java-Client:v1.0.0
192.168.2.111 - - [19/Dec/2019:10:10:55 +0800] "GET /nacos/v1/cs/health HTTP/1.1" 200 2 1 Apache-HttpAsyncClient/4.1.3 (Java/1.8.0_91)
127.0.0.1 - - [19/Dec/2019:10:10:56 +0800] "PUT /nacos/v1/ns/instance/beat?beat=%7B%22cluster%22%3A%22DEFAULT%22%2C%22ip%22%3A%22192.168.2.111%22%2C%22metadata%22%3A%7B%22preserved.register.source%22%3A%22SPRING_CLOUD%22%7D%2C%22port%22%3A8085%2C%22scheduled%22%3Atrue%2C%22serviceName%22%3A%22DEFAULT_GROUP%40%40service-gateway%22%2C%22weight%22%3A1.0%7D&serviceName=DEFAULT_GROUP%40%40service-gateway&encoding=UTF-8&namespaceId=public HTTP/1.1" 200 38 1 Nacos-Java-Client:v1.0.0
192.168.2.111 - - [19/Dec/2019:10:11:00 +0800] "GET /nacos/v1/cs/health HTTP/1.1" 200 2 1 Apache-HttpAsyncClient/4.1.3 (Java/1.8.0_91)
127.0.0.1 - - [19/Dec/2019:10:11:00 +0800] "PUT /nacos/v1/ns/instance/beat?beat=%7B%22cluster%22%3A%22DEFAULT%22%2C%22ip%22%3A%22192.168.2.111%22%2C%22metadata%22%3A%7B%22preserved.register.source%22%3A%22SPRING_CLOUD%22%7D%2C%22port%22%3A8085%2C%22scheduled%22%3Atrue%2C%22serviceName%22%3A%22DEFAULT_GROUP%40%40service-gateway%22%2C%22weight%22%3A1.0%7D&serviceName=DEFAULT_GROUP%40%40service-gateway&encoding=UTF-8&namespaceId=public HTTP/1.1" 200 38 3 Nacos-Java-Client:v1.0.0
192.168.2.111 - - [19/Dec/2019:10:11:05 +0800] "GET /nacos/v1/cs/health HTTP/1.1" 200 2 3 Apache-HttpAsyncClient/4.1.3 (Java/1.8.0_91)
127.0.0.1 - - [19/Dec/2019:10:11:07 +0800] "GET /nacos/v1/ns/instance/list?healthyOnly=false&namespaceId=public&clientIP=192.168.2.111&serviceName=DEFAULT_GROUP%40%40service-gateway&udpPort=52171&encoding=UTF-8 HTTP/1.1" 200 580 2 Nacos-Java-Client:v1.0.0
127.0.0.1 - - [19/Dec/2019:10:11:07 +0800] "PUT /nacos/v1/ns/instance/beat?beat=%7B%22cluster%22%3A%22DEFAULT%22%2C%22ip%22%3A%22192.168.2.111%22%2C%22metadata%22%3A%7B%22preserved.register.source%22%3A%22SPRING_CLOUD%22%7D%2C%22port%22%3A8085%2C%22scheduled%22%3Atrue%2C%22serviceName%22%3A%22DEFAULT_GROUP%40%40service-gateway%22%2C%22weight%22%3A1.0%7D&serviceName=DEFAULT_GROUP%40%40service-gateway&encoding=UTF-8&namespaceId=public HTTP/1.1" 200 38 4 Nacos-Java-Client:v1.0.0
192.168.2.111 - - [19/Dec/2019:10:11:10 +0800] "GET /nacos/v1/cs/health HTTP/1.1" 200 2 2 Apache-HttpAsyncClient/4.1.3 (Java/1.8.0_91)
0:0:0:0:0:0:0:1 - - [19/Dec/2019:10:11:12 +0800] "GET /nacos/v1/cs/configs?search=accurate&dataId=&group=&appName=&config_tags=&pageNo=1&pageSize=10&tenant=&namespaceId= HTTP/1.1" 200 2810 4 Mozilla/5.0 (Windows NT 10.0; Win64; x64) AppleWebKit/537.36 (KHTML, like Gecko) Chrome/77.0.3865.75 Safari/537.36
127.0.0.1 - - [19/Dec/2019:10:11:12 +0800] "POST /nacos/v1/cs/configs/listener HTTP/1.1" 200 - 29503 Java/1.8.0_91
127.0.0.1 - - [19/Dec/2019:10:11:12 +0800] "PUT /nacos/v1/ns/instance/beat?beat=%7B%22cluster%22%3A%22DEFAULT%22%2C%22ip%22%3A%22192.168.2.111%22%2C%22metadata%22%3A%7B%22preserved.register.source%22%3A%22SPRING_CLOUD%22%7D%2C%22port%22%3A8085%2C%22scheduled%22%3Atrue%2C%22serviceName%22%3A%22DEFAULT_GROUP%40%40service-gateway%22%2C%22weight%22%3A1.0%7D&serviceName=DEFAULT_GROUP%40%40service-gateway&encoding=UTF-8&namespaceId=public HTTP/1.1" 200 38 2 Nacos-Java-Client:v1.0.0
0:0:0:0:0:0:0:1 - - [19/Dec/2019:10:11:14 +0800] "GET /nacos/v1/cs/configs?dataId=common-consumer.yml&group=DEFAULT_GROUP&namespaceId=&tenant=&beta=true HTTP/1.1" 200 60 3 Mozilla/5.0 (Windows NT 10.0; Win64; x64) AppleWebKit/537.36 (KHTML, like Gecko) Chrome/77.0.3865.75 Safari/537.36
0:0:0:0:0:0:0:1 - - [19/Dec/2019:10:11:14 +0800] "GET /nacos/v1/cs/configs?dataId=common-consumer.yml&group=DEFAULT_GROUP&namespaceId=&tenant=&show=all HTTP/1.1" 200 2371 1 Mozilla/5.0 (Windows NT 10.0; Win64; x64) AppleWebKit/537.36 (KHTML, like Gecko) Chrome/77.0.3865.75 Safari/537.36
192.168.2.111 - - [19/Dec/2019:10:11:15 +0800] "GET /nacos/v1/cs/health HTTP/1.1" 200 2 1 Apache-HttpAsyncClient/4.1.3 (Java/1.8.0_91)
127.0.0.1 - - [19/Dec/2019:10:11:16 +0800] "PUT /nacos/v1/ns/instance/beat?beat=%7B%22cluster%22%3A%22DEFAULT%22%2C%22ip%22%3A%22192.168.2.111%22%2C%22metadata%22%3A%7B%22preserved.register.source%22%3A%22SPRING_CLOUD%22%7D%2C%22port%22%3A8085%2C%22scheduled%22%3Atrue%2C%22serviceName%22%3A%22DEFAULT_GROUP%40%40service-gateway%22%2C%22weight%22%3A1.0%7D&serviceName=DEFAULT_GROUP%40%40service-gateway&encoding=UTF-8&namespaceId=public HTTP/1.1" 200 38 3 Nacos-Java-Client:v1.0.0
127.0.0.1 - - [19/Dec/2019:10:11:18 +0800] "GET /nacos/v1/ns/instance/list?healthyOnly=false&namespaceId=public&clientIP=192.168.2.111&serviceName=DEFAULT_GROUP%40%40service-gateway&udpPort=52171&encoding=UTF-8 HTTP/1.1" 200 580 2 Nacos-Java-Client:v1.0.0
127.0.0.1 - - [19/Dec/2019:10:11:19 +0800] "GET /nacos/v1/ns/service/list?pageSize=2147483647&groupName=DEFAULT_GROUP&encoding=UTF-8&namespaceId=public&pageNo=1 HTTP/1.1" 200 49 6 Nacos-Java-Client:v1.0.0
192.168.2.111 - - [19/Dec/2019:10:11:20 +0800] "GET /nacos/v1/cs/health HTTP/1.1" 200 2 1 Apache-HttpAsyncClient/4.1.3 (Java/1.8.0_91)
127.0.0.1 - - [19/Dec/2019:10:11:20 +0800] "PUT /nacos/v1/ns/instance/beat?beat=%7B%22cluster%22%3A%22DEFAULT%22%2C%22ip%22%3A%22192.168.2.111%22%2C%22metadata%22%3A%7B%22preserved.register.source%22%3A%22SPRING_CLOUD%22%7D%2C%22port%22%3A8085%2C%22scheduled%22%3Atrue%2C%22serviceName%22%3A%22DEFAULT_GROUP%40%40service-gateway%22%2C%22weight%22%3A1.0%7D&serviceName=DEFAULT_GROUP%40%40service-gateway&encoding=UTF-8&namespaceId=public HTTP/1.1" 200 38 1 Nacos-Java-Client:v1.0.0
0:0:0:0:0:0:0:1 - - [19/Dec/2019:10:11:22 +0800] "GET /nacos/v1/cs/configs?search=accurate&dataId=&group=&appName=&config_tags=&pageNo=1&pageSize=10&tenant=&namespaceId= HTTP/1.1" 200 2810 3 Mozilla/5.0 (Windows NT 10.0; Win64; x64) AppleWebKit/537.36 (KHTML, like Gecko) Chrome/77.0.3865.75 Safari/537.36
192.168.2.111 - - [19/Dec/2019:10:11:25 +0800] "GET /nacos/v1/cs/health HTTP/1.1" 200 2 2 Apache-HttpAsyncClient/4.1.3 (Java/1.8.0_91)
127.0.0.1 - - [19/Dec/2019:10:11:25 +0800] "PUT /nacos/v1/ns/instance/beat?beat=%7B%22cluster%22%3A%22DEFAULT%22%2C%22ip%22%3A%22192.168.2.111%22%2C%22metadata%22%3A%7B%22preserved.register.source%22%3A%22SPRING_CLOUD%22%7D%2C%22port%22%3A8085%2C%22scheduled%22%3Atrue%2C%22serviceName%22%3A%22DEFAULT_GROUP%40%40service-gateway%22%2C%22weight%22%3A1.0%7D&serviceName=DEFAULT_GROUP%40%40service-gateway&encoding=UTF-8&namespaceId=public HTTP/1.1" 200 38 2 Nacos-Java-Client:v1.0.0
0:0:0:0:0:0:0:1 - - [19/Dec/2019:10:11:25 +0800] "GET /nacos/v1/cs/configs?dataId=common-log.yml&group=DEFAULT_GROUP&namespaceId=&tenant=&beta=true HTTP/1.1" 200 60 2 Mozilla/5.0 (Windows NT 10.0; Win64; x64) AppleWebKit/537.36 (KHTML, like Gecko) Chrome/77.0.3865.75 Safari/537.36
0:0:0:0:0:0:0:1 - - [19/Dec/2019:10:11:25 +0800] "GET /nacos/v1/cs/configs?dataId=common-log.yml&group=DEFAULT_GROUP&namespaceId=&tenant=&show=all HTTP/1.1" 200 466 2 Mozilla/5.0 (Windows NT 10.0; Win64; x64) AppleWebKit/537.36 (KHTML, like Gecko) Chrome/77.0.3865.75 Safari/537.36
0:0:0:0:0:0:0:1 - - [19/Dec/2019:10:11:28 +0800] "GET /nacos/v1/cs/configs?search=accurate&dataId=&group=&appName=&config_tags=&pageNo=1&pageSize=10&tenant=&namespaceId= HTTP/1.1" 200 2810 2 Mozilla/5.0 (Windows NT 10.0; Win64; x64) AppleWebKit/537.36 (KHTML, like Gecko) Chrome/77.0.3865.75 Safari/537.36
127.0.0.1 - - [19/Dec/2019:10:11:30 +0800] "GET /nacos/v1/ns/instance/list?healthyOnly=false&namespaceId=public&clientIP=192.168.2.111&serviceName=DEFAULT_GROUP%40%40service-gateway&udpPort=52171&encoding=UTF-8 HTTP/1.1" 200 580 2 Nacos-Java-Client:v1.0.0
192.168.2.111 - - [19/Dec/2019:10:11:30 +0800] "GET /nacos/v1/cs/health HTTP/1.1" 200 2 3 Apache-HttpAsyncClient/4.1.3 (Java/1.8.0_91)
127.0.0.1 - - [19/Dec/2019:10:11:30 +0800] "PUT /nacos/v1/ns/instance/beat?beat=%7B%22cluster%22%3A%22DEFAULT%22%2C%22ip%22%3A%22192.168.2.111%22%2C%22metadata%22%3A%7B%22preserved.register.source%22%3A%22SPRING_CLOUD%22%7D%2C%22port%22%3A8085%2C%22scheduled%22%3Atrue%2C%22serviceName%22%3A%22DEFAULT_GROUP%40%40service-gateway%22%2C%22weight%22%3A1.0%7D&serviceName=DEFAULT_GROUP%40%40service-gateway&encoding=UTF-8&namespaceId=public HTTP/1.1" 200 38 3 Nacos-Java-Client:v1.0.0
0:0:0:0:0:0:0:1 - - [19/Dec/2019:10:11:32 +0800] "GET /nacos/v1/cs/configs?dataId=service-gateway-dev.yml&group=DEFAULT_GROUP&namespaceId=&tenant=&beta=true HTTP/1.1" 200 60 3 Mozilla/5.0 (Windows NT 10.0; Win64; x64) AppleWebKit/537.36 (KHTML, like Gecko) Chrome/77.0.3865.75 Safari/537.36
0:0:0:0:0:0:0:1 - - [19/Dec/2019:10:11:32 +0800] "GET /nacos/v1/cs/configs?dataId=service-gateway-dev.yml&group=DEFAULT_GROUP&namespaceId=&tenant=&show=all HTTP/1.1" 200 653 2 Mozilla/5.0 (Windows NT 10.0; Win64; x64) AppleWebKit/537.36 (KHTML, like Gecko) Chrome/77.0.3865.75 Safari/537.36
192.168.2.111 - - [19/Dec/2019:10:11:35 +0800] "GET /nacos/v1/cs/health HTTP/1.1" 200 2 2 Apache-HttpAsyncClient/4.1.3 (Java/1.8.0_91)
127.0.0.1 - - [19/Dec/2019:10:11:37 +0800] "PUT /nacos/v1/ns/instance/beat?beat=%7B%22cluster%22%3A%22DEFAULT%22%2C%22ip%22%3A%22192.168.2.111%22%2C%22metadata%22%3A%7B%22preserved.register.source%22%3A%22SPRING_CLOUD%22%7D%2C%22port%22%3A8085%2C%22scheduled%22%3Atrue%2C%22serviceName%22%3A%22DEFAULT_GROUP%40%40service-gateway%22%2C%22weight%22%3A1.0%7D&serviceName=DEFAULT_GROUP%40%40service-gateway&encoding=UTF-8&namespaceId=public HTTP/1.1" 200 38 2 Nacos-Java-Client:v1.0.0
192.168.2.111 - - [19/Dec/2019:10:11:40 +0800] "GET /nacos/v1/cs/health HTTP/1.1" 200 2 1 Apache-HttpAsyncClient/4.1.3 (Java/1.8.0_91)
127.0.0.1 - - [19/Dec/2019:10:11:40 +0800] "PUT /nacos/v1/ns/instance/beat?beat=%7B%22cluster%22%3A%22DEFAULT%22%2C%22ip%22%3A%22192.168.2.111%22%2C%22metadata%22%3A%7B%22preserved.register.source%22%3A%22SPRING_CLOUD%22%7D%2C%22port%22%3A8085%2C%22scheduled%22%3Atrue%2C%22serviceName%22%3A%22DEFAULT_GROUP%40%40service-gateway%22%2C%22weight%22%3A1.0%7D&serviceName=DEFAULT_GROUP%40%40service-gateway&encoding=UTF-8&namespaceId=public HTTP/1.1" 200 38 2 Nacos-Java-Client:v1.0.0
0:0:0:0:0:0:0:1 - - [19/Dec/2019:10:11:40 +0800] "GET /nacos/v1/cs/configs?search=accurate&dataId=&group=&appName=&config_tags=&pageNo=1&pageSize=10&tenant=&namespaceId= HTTP/1.1" 200 2810 4 Mozilla/5.0 (Windows NT 10.0; Win64; x64) AppleWebKit/537.36 (KHTML, like Gecko) Chrome/77.0.3865.75 Safari/537.36
0:0:0:0:0:0:0:1 - - [19/Dec/2019:10:11:40 +0800] "GET /nacos/v1/cs/configs?search=accurate&dataId=&group=&appName=&config_tags=&pageNo=1&pageSize=10&tenant=&namespaceId= HTTP/1.1" 200 2810 3 Mozilla/5.0 (Windows NT 10.0; Win64; x64) AppleWebKit/537.36 (KHTML, like Gecko) Chrome/77.0.3865.75 Safari/537.36
0:0:0:0:0:0:0:1 - - [19/Dec/2019:10:11:40 +0800] "GET /nacos/v1/cs/configs?search=accurate&dataId=&group=&appName=&config_tags=&pageNo=1&pageSize=10&tenant=&namespaceId= HTTP/1.1" 200 2810 3 Mozilla/5.0 (Windows NT 10.0; Win64; x64) AppleWebKit/537.36 (KHTML, like Gecko) Chrome/77.0.3865.75 Safari/537.36
0:0:0:0:0:0:0:1 - - [19/Dec/2019:10:11:40 +0800] "GET /nacos/v1/cs/configs?search=accurate&dataId=&group=&appName=&config_tags=&pageNo=1&pageSize=10&tenant=&namespaceId= HTTP/1.1" 200 2810 3 Mozilla/5.0 (Windows NT 10.0; Win64; x64) AppleWebKit/537.36 (KHTML, like Gecko) Chrome/77.0.3865.75 Safari/537.36
0:0:0:0:0:0:0:1 - - [19/Dec/2019:10:11:40 +0800] "GET /nacos/v1/cs/configs?search=accurate&dataId=&group=&appName=&config_tags=&pageNo=1&pageSize=10&tenant=&namespaceId= HTTP/1.1" 200 2810 4 Mozilla/5.0 (Windows NT 10.0; Win64; x64) AppleWebKit/537.36 (KHTML, like Gecko) Chrome/77.0.3865.75 Safari/537.36
0:0:0:0:0:0:0:1 - - [19/Dec/2019:10:11:40 +0800] "GET /nacos/v1/cs/configs?search=accurate&dataId=&group=&appName=&config_tags=&pageNo=1&pageSize=10&tenant=&namespaceId= HTTP/1.1" 200 2810 3 Mozilla/5.0 (Windows NT 10.0; Win64; x64) AppleWebKit/537.36 (KHTML, like Gecko) Chrome/77.0.3865.75 Safari/537.36
0:0:0:0:0:0:0:1 - - [19/Dec/2019:10:11:40 +0800] "GET /nacos/v1/cs/configs?search=accurate&dataId=&group=&appName=&config_tags=&pageNo=1&pageSize=10&tenant=&namespaceId= HTTP/1.1" 200 2810 3 Mozilla/5.0 (Windows NT 10.0; Win64; x64) AppleWebKit/537.36 (KHTML, like Gecko) Chrome/77.0.3865.75 Safari/537.36
0:0:0:0:0:0:0:1 - - [19/Dec/2019:10:11:40 +0800] "GET /nacos/v1/cs/configs?search=accurate&dataId=&group=&appName=&config_tags=&pageNo=1&pageSize=10&tenant=&namespaceId= HTTP/1.1" 200 2810 4 Mozilla/5.0 (Windows NT 10.0; Win64; x64) AppleWebKit/537.36 (KHTML, like Gecko) Chrome/77.0.3865.75 Safari/537.36
0:0:0:0:0:0:0:1 - - [19/Dec/2019:10:11:40 +0800] "GET /nacos/v1/cs/configs?search=accurate&dataId=&group=&appName=&config_tags=&pageNo=1&pageSize=10&tenant=&namespaceId= HTTP/1.1" 200 2810 3 Mozilla/5.0 (Windows NT 10.0; Win64; x64) AppleWebKit/537.36 (KHTML, like Gecko) Chrome/77.0.3865.75 Safari/537.36
0:0:0:0:0:0:0:1 - - [19/Dec/2019:10:11:40 +0800] "GET /nacos/v1/cs/configs?search=accurate&dataId=&group=&appName=&config_tags=&pageNo=1&pageSize=10&tenant=&namespaceId= HTTP/1.1" 200 2810 2 Mozilla/5.0 (Windows NT 10.0; Win64; x64) AppleWebKit/537.36 (KHTML, like Gecko) Chrome/77.0.3865.75 Safari/537.36
0:0:0:0:0:0:0:1 - - [19/Dec/2019:10:11:40 +0800] "GET /nacos/v1/cs/configs?search=accurate&dataId=&group=&appName=&config_tags=&pageNo=1&pageSize=10&tenant=&namespaceId= HTTP/1.1" 200 2810 3 Mozilla/5.0 (Windows NT 10.0; Win64; x64) AppleWebKit/537.36 (KHTML, like Gecko) Chrome/77.0.3865.75 Safari/537.36
0:0:0:0:0:0:0:1 - - [19/Dec/2019:10:11:40 +0800] "GET /nacos/v1/cs/configs?search=accurate&dataId=&group=&appName=&config_tags=&pageNo=1&pageSize=10&tenant=&namespaceId= HTTP/1.1" 200 2810 3 Mozilla/5.0 (Windows NT 10.0; Win64; x64) AppleWebKit/537.36 (KHTML, like Gecko) Chrome/77.0.3865.75 Safari/537.36
0:0:0:0:0:0:0:1 - - [19/Dec/2019:10:11:40 +0800] "GET /nacos/v1/cs/configs?search=accurate&dataId=&group=&appName=&config_tags=&pageNo=1&pageSize=10&tenant=&namespaceId= HTTP/1.1" 200 2810 3 Mozilla/5.0 (Windows NT 10.0; Win64; x64) AppleWebKit/537.36 (KHTML, like Gecko) Chrome/77.0.3865.75 Safari/537.36
0:0:0:0:0:0:0:1 - - [19/Dec/2019:10:11:40 +0800] "GET /nacos/v1/cs/configs?search=accurate&dataId=&group=&appName=&config_tags=&pageNo=1&pageSize=10&tenant=&namespaceId= HTTP/1.1" 200 2810 4 Mozilla/5.0 (Windows NT 10.0; Win64; x64) AppleWebKit/537.36 (KHTML, like Gecko) Chrome/77.0.3865.75 Safari/537.36
0:0:0:0:0:0:0:1 - - [19/Dec/2019:10:11:40 +0800] "GET /nacos/v1/cs/configs?search=accurate&dataId=&group=&appName=&config_tags=&pageNo=1&pageSize=10&tenant=&namespaceId= HTTP/1.1" 200 2810 2 Mozilla/5.0 (Windows NT 10.0; Win64; x64) AppleWebKit/537.36 (KHTML, like Gecko) Chrome/77.0.3865.75 Safari/537.36
0:0:0:0:0:0:0:1 - - [19/Dec/2019:10:11:40 +0800] "GET /nacos/v1/cs/configs?search=accurate&dataId=&group=&appName=&config_tags=&pageNo=1&pageSize=10&tenant=&namespaceId= HTTP/1.1" 200 2810 4 Mozilla/5.0 (Windows NT 10.0; Win64; x64) AppleWebKit/537.36 (KHTML, like Gecko) Chrome/77.0.3865.75 Safari/537.36
0:0:0:0:0:0:0:1 - - [19/Dec/2019:10:11:40 +0800] "GET /nacos/v1/cs/configs?search=accurate&dataId=&group=&appName=&config_tags=&pageNo=1&pageSize=10&tenant=&namespaceId= HTTP/1.1" 200 2810 3 Mozilla/5.0 (Windows NT 10.0; Win64; x64) AppleWebKit/537.36 (KHTML, like Gecko) Chrome/77.0.3865.75 Safari/537.36
0:0:0:0:0:0:0:1 - - [19/Dec/2019:10:11:41 +0800] "GET /nacos/v1/cs/configs?search=accurate&dataId=&group=&appName=&config_tags=&pageNo=1&pageSize=10&tenant=&namespaceId= HTTP/1.1" 200 2810 4 Mozilla/5.0 (Windows NT 10.0; Win64; x64) AppleWebKit/537.36 (KHTML, like Gecko) Chrome/77.0.3865.75 Safari/537.36
0:0:0:0:0:0:0:1 - - [19/Dec/2019:10:11:41 +0800] "GET /nacos/v1/cs/configs?search=accurate&dataId=&group=&appName=&config_tags=&pageNo=1&pageSize=10&tenant=&namespaceId= HTTP/1.1" 200 2810 3 Mozilla/5.0 (Windows NT 10.0; Win64; x64) AppleWebKit/537.36 (KHTML, like Gecko) Chrome/77.0.3865.75 Safari/537.36
0:0:0:0:0:0:0:1 - - [19/Dec/2019:10:11:41 +0800] "GET /nacos/v1/cs/configs?search=accurate&dataId=&group=&appName=&config_tags=&pageNo=1&pageSize=10&tenant=&namespaceId= HTTP/1.1" 200 2810 3 Mozilla/5.0 (Windows NT 10.0; Win64; x64) AppleWebKit/537.36 (KHTML, like Gecko) Chrome/77.0.3865.75 Safari/537.36
0:0:0:0:0:0:0:1 - - [19/Dec/2019:10:11:41 +0800] "GET /nacos/v1/cs/configs?search=accurate&dataId=&group=&appName=&config_tags=&pageNo=1&pageSize=10&tenant=&namespaceId= HTTP/1.1" 200 2810 3 Mozilla/5.0 (Windows NT 10.0; Win64; x64) AppleWebKit/537.36 (KHTML, like Gecko) Chrome/77.0.3865.75 Safari/537.36
0:0:0:0:0:0:0:1 - - [19/Dec/2019:10:11:41 +0800] "GET /nacos/v1/cs/configs?search=accurate&dataId=&group=&appName=&config_tags=&pageNo=1&pageSize=10&tenant=&namespaceId= HTTP/1.1" 200 2810 2 Mozilla/5.0 (Windows NT 10.0; Win64; x64) AppleWebKit/537.36 (KHTML, like Gecko) Chrome/77.0.3865.75 Safari/537.36
0:0:0:0:0:0:0:1 - - [19/Dec/2019:10:11:41 +0800] "GET /nacos/v1/cs/configs?search=accurate&dataId=&group=&appName=&config_tags=&pageNo=1&pageSize=10&tenant=&namespaceId= HTTP/1.1" 200 2810 3 Mozilla/5.0 (Windows NT 10.0; Win64; x64) AppleWebKit/537.36 (KHTML, like Gecko) Chrome/77.0.3865.75 Safari/537.36
0:0:0:0:0:0:0:1 - - [19/Dec/2019:10:11:41 +0800] "GET /nacos/v1/cs/configs?search=accurate&dataId=&group=&appName=&config_tags=&pageNo=1&pageSize=10&tenant=&namespaceId= HTTP/1.1" 200 2810 2 Mozilla/5.0 (Windows NT 10.0; Win64; x64) AppleWebKit/537.36 (KHTML, like Gecko) Chrome/77.0.3865.75 Safari/537.36
0:0:0:0:0:0:0:1 - - [19/Dec/2019:10:11:41 +0800] "GET /nacos/v1/cs/configs?search=accurate&dataId=&group=&appName=&config_tags=&pageNo=1&pageSize=10&tenant=&namespaceId= HTTP/1.1" 200 2810 2 Mozilla/5.0 (Windows NT 10.0; Win64; x64) AppleWebKit/537.36 (KHTML, like Gecko) Chrome/77.0.3865.75 Safari/537.36
0:0:0:0:0:0:0:1 - - [19/Dec/2019:10:11:41 +0800] "GET /nacos/v1/cs/configs?search=accurate&dataId=&group=&appName=&config_tags=&pageNo=1&pageSize=10&tenant=&namespaceId= HTTP/1.1" 200 2810 2 Mozilla/5.0 (Windows NT 10.0; Win64; x64) AppleWebKit/537.36 (KHTML, like Gecko) Chrome/77.0.3865.75 Safari/537.36
0:0:0:0:0:0:0:1 - - [19/Dec/2019:10:11:41 +0800] "GET /nacos/v1/cs/configs?search=accurate&dataId=&group=&appName=&config_tags=&pageNo=1&pageSize=10&tenant=&namespaceId= HTTP/1.1" 200 2810 3 Mozilla/5.0 (Windows NT 10.0; Win64; x64) AppleWebKit/537.36 (KHTML, like Gecko) Chrome/77.0.3865.75 Safari/537.36
0:0:0:0:0:0:0:1 - - [19/Dec/2019:10:11:41 +0800] "GET /nacos/v1/cs/configs?search=accurate&dataId=&group=&appName=&config_tags=&pageNo=1&pageSize=10&tenant=&namespaceId= HTTP/1.1" 200 2810 3 Mozilla/5.0 (Windows NT 10.0; Win64; x64) AppleWebKit/537.36 (KHTML, like Gecko) Chrome/77.0.3865.75 Safari/537.36
0:0:0:0:0:0:0:1 - - [19/Dec/2019:10:11:41 +0800] "GET /nacos/v1/cs/configs?search=accurate&dataId=&group=&appName=&config_tags=&pageNo=1&pageSize=10&tenant=&namespaceId= HTTP/1.1" 200 2810 3 Mozilla/5.0 (Windows NT 10.0; Win64; x64) AppleWebKit/537.36 (KHTML, like Gecko) Chrome/77.0.3865.75 Safari/537.36
0:0:0:0:0:0:0:1 - - [19/Dec/2019:10:11:41 +0800] "GET /nacos/v1/cs/configs?search=accurate&dataId=&group=&appName=&config_tags=&pageNo=1&pageSize=10&tenant=&namespaceId= HTTP/1.1" 200 2810 3 Mozilla/5.0 (Windows NT 10.0; Win64; x64) AppleWebKit/537.36 (KHTML, like Gecko) Chrome/77.0.3865.75 Safari/537.36
127.0.0.1 - - [19/Dec/2019:10:11:41 +0800] "GET /nacos/v1/ns/instance/list?healthyOnly=false&namespaceId=public&clientIP=192.168.2.111&serviceName=DEFAULT_GROUP%40%40service-gateway&udpPort=52171&encoding=UTF-8 HTTP/1.1" 200 580 2 Nacos-Java-Client:v1.0.0
0:0:0:0:0:0:0:1 - - [19/Dec/2019:10:11:41 +0800] "GET /nacos/v1/cs/configs?search=accurate&dataId=&group=&appName=&config_tags=&pageNo=1&pageSize=10&tenant=&namespaceId= HTTP/1.1" 200 2810 3 Mozilla/5.0 (Windows NT 10.0; Win64; x64) AppleWebKit/537.36 (KHTML, like Gecko) Chrome/77.0.3865.75 Safari/537.36
0:0:0:0:0:0:0:1 - - [19/Dec/2019:10:11:41 +0800] "GET /nacos/v1/cs/configs?search=accurate&dataId=&group=&appName=&config_tags=&pageNo=1&pageSize=10&tenant=&namespaceId= HTTP/1.1" 200 2810 2 Mozilla/5.0 (Windows NT 10.0; Win64; x64) AppleWebKit/537.36 (KHTML, like Gecko) Chrome/77.0.3865.75 Safari/537.36
0:0:0:0:0:0:0:1 - - [19/Dec/2019:10:11:41 +0800] "GET /nacos/v1/cs/configs?search=accurate&dataId=&group=&appName=&config_tags=&pageNo=1&pageSize=10&tenant=&namespaceId= HTTP/1.1" 200 2810 2 Mozilla/5.0 (Windows NT 10.0; Win64; x64) AppleWebKit/537.36 (KHTML, like Gecko) Chrome/77.0.3865.75 Safari/537.36
0:0:0:0:0:0:0:1 - - [19/Dec/2019:10:11:41 +0800] "GET /nacos/v1/cs/configs?search=accurate&dataId=&group=&appName=&config_tags=&pageNo=1&pageSize=10&tenant=&namespaceId= HTTP/1.1" 200 2810 3 Mozilla/5.0 (Windows NT 10.0; Win64; x64) AppleWebKit/537.36 (KHTML, like Gecko) Chrome/77.0.3865.75 Safari/537.36
0:0:0:0:0:0:0:1 - - [19/Dec/2019:10:11:41 +0800] "GET /nacos/v1/cs/configs?search=accurate&dataId=&group=&appName=&config_tags=&pageNo=1&pageSize=10&tenant=&namespaceId= HTTP/1.1" 200 2810 3 Mozilla/5.0 (Windows NT 10.0; Win64; x64) AppleWebKit/537.36 (KHTML, like Gecko) Chrome/77.0.3865.75 Safari/537.36
0:0:0:0:0:0:0:1 - - [19/Dec/2019:10:11:41 +0800] "GET /nacos/v1/cs/configs?search=accurate&dataId=&group=&appName=&config_tags=&pageNo=1&pageSize=10&tenant=&namespaceId= HTTP/1.1" 200 2810 5 Mozilla/5.0 (Windows NT 10.0; Win64; x64) AppleWebKit/537.36 (KHTML, like Gecko) Chrome/77.0.3865.75 Safari/537.36
0:0:0:0:0:0:0:1 - - [19/Dec/2019:10:11:41 +0800] "GET /nacos/v1/cs/configs?search=accurate&dataId=&group=&appName=&config_tags=&pageNo=1&pageSize=10&tenant=&namespaceId= HTTP/1.1" 200 2810 4 Mozilla/5.0 (Windows NT 10.0; Win64; x64) AppleWebKit/537.36 (KHTML, like Gecko) Chrome/77.0.3865.75 Safari/537.36
0:0:0:0:0:0:0:1 - - [19/Dec/2019:10:11:41 +0800] "GET /nacos/v1/cs/configs?search=accurate&dataId=&group=&appName=&config_tags=&pageNo=1&pageSize=10&tenant=&namespaceId= HTTP/1.1" 200 2810 3 Mozilla/5.0 (Windows NT 10.0; Win64; x64) AppleWebKit/537.36 (KHTML, like Gecko) Chrome/77.0.3865.75 Safari/537.36
0:0:0:0:0:0:0:1 - - [19/Dec/2019:10:11:41 +0800] "GET /nacos/v1/cs/configs?search=accurate&dataId=&group=&appName=&config_tags=&pageNo=1&pageSize=10&tenant=&namespaceId= HTTP/1.1" 200 2810 3 Mozilla/5.0 (Windows NT 10.0; Win64; x64) AppleWebKit/537.36 (KHTML, like Gecko) Chrome/77.0.3865.75 Safari/537.36
0:0:0:0:0:0:0:1 - - [19/Dec/2019:10:11:41 +0800] "GET /nacos/v1/cs/configs?search=accurate&dataId=&group=&appName=&config_tags=&pageNo=1&pageSize=10&tenant=&namespaceId= HTTP/1.1" 200 2810 2 Mozilla/5.0 (Windows NT 10.0; Win64; x64) AppleWebKit/537.36 (KHTML, like Gecko) Chrome/77.0.3865.75 Safari/537.36
0:0:0:0:0:0:0:1 - - [19/Dec/2019:10:11:41 +0800] "GET /nacos/v1/cs/configs?search=accurate&dataId=&group=&appName=&config_tags=&pageNo=1&pageSize=10&tenant=&namespaceId= HTTP/1.1" 200 2810 3 Mozilla/5.0 (Windows NT 10.0; Win64; x64) AppleWebKit/537.36 (KHTML, like Gecko) Chrome/77.0.3865.75 Safari/537.36
0:0:0:0:0:0:0:1 - - [19/Dec/2019:10:11:41 +0800] "GET /nacos/v1/cs/configs?search=accurate&dataId=&group=&appName=&config_tags=&pageNo=1&pageSize=10&tenant=&namespaceId= HTTP/1.1" 200 2810 3 Mozilla/5.0 (Windows NT 10.0; Win64; x64) AppleWebKit/537.36 (KHTML, like Gecko) Chrome/77.0.3865.75 Safari/537.36
0:0:0:0:0:0:0:1 - - [19/Dec/2019:10:11:41 +0800] "GET /nacos/v1/cs/configs?search=accurate&dataId=&group=&appName=&config_tags=&pageNo=1&pageSize=10&tenant=&namespaceId= HTTP/1.1" 200 2810 3 Mozilla/5.0 (Windows NT 10.0; Win64; x64) AppleWebKit/537.36 (KHTML, like Gecko) Chrome/77.0.3865.75 Safari/537.36
0:0:0:0:0:0:0:1 - - [19/Dec/2019:10:11:41 +0800] "GET /nacos/v1/cs/configs?search=accurate&dataId=&group=&appName=&config_tags=&pageNo=1&pageSize=10&tenant=&namespaceId= HTTP/1.1" 200 2810 3 Mozilla/5.0 (Windows NT 10.0; Win64; x64) AppleWebKit/537.36 (KHTML, like Gecko) Chrome/77.0.3865.75 Safari/537.36
0:0:0:0:0:0:0:1 - - [19/Dec/2019:10:11:41 +0800] "GET /nacos/v1/cs/configs?search=accurate&dataId=&group=&appName=&config_tags=&pageNo=1&pageSize=10&tenant=&namespaceId= HTTP/1.1" 200 2810 3 Mozilla/5.0 (Windows NT 10.0; Win64; x64) AppleWebKit/537.36 (KHTML, like Gecko) Chrome/77.0.3865.75 Safari/537.36
0:0:0:0:0:0:0:1 - - [19/Dec/2019:10:11:41 +0800] "GET /nacos/v1/cs/configs?search=accurate&dataId=&group=&appName=&config_tags=&pageNo=1&pageSize=10&tenant=&namespaceId= HTTP/1.1" 200 2810 3 Mozilla/5.0 (Windows NT 10.0; Win64; x64) AppleWebKit/537.36 (KHTML, like Gecko) Chrome/77.0.3865.75 Safari/537.36
0:0:0:0:0:0:0:1 - - [19/Dec/2019:10:11:41 +0800] "GET /nacos/v1/cs/configs?search=accurate&dataId=&group=&appName=&config_tags=&pageNo=1&pageSize=10&tenant=&namespaceId= HTTP/1.1" 200 2810 3 Mozilla/5.0 (Windows NT 10.0; Win64; x64) AppleWebKit/537.36 (KHTML, like Gecko) Chrome/77.0.3865.75 Safari/537.36
0:0:0:0:0:0:0:1 - - [19/Dec/2019:10:11:41 +0800] "GET /nacos/v1/cs/configs?search=accurate&dataId=&group=&appName=&config_tags=&pageNo=1&pageSize=10&tenant=&namespaceId= HTTP/1.1" 200 2810 2 Mozilla/5.0 (Windows NT 10.0; Win64; x64) AppleWebKit/537.36 (KHTML, like Gecko) Chrome/77.0.3865.75 Safari/537.36
0:0:0:0:0:0:0:1 - - [19/Dec/2019:10:11:41 +0800] "GET /nacos/v1/cs/configs?search=accurate&dataId=&group=&appName=&config_tags=&pageNo=1&pageSize=10&tenant=&namespaceId= HTTP/1.1" 200 2810 3 Mozilla/5.0 (Windows NT 10.0; Win64; x64) AppleWebKit/537.36 (KHTML, like Gecko) Chrome/77.0.3865.75 Safari/537.36
0:0:0:0:0:0:0:1 - - [19/Dec/2019:10:11:41 +0800] "GET /nacos/v1/cs/configs?search=accurate&dataId=&group=&appName=&config_tags=&pageNo=1&pageSize=10&tenant=&namespaceId= HTTP/1.1" 200 2810 3 Mozilla/5.0 (Windows NT 10.0; Win64; x64) AppleWebKit/537.36 (KHTML, like Gecko) Chrome/77.0.3865.75 Safari/537.36
0:0:0:0:0:0:0:1 - - [19/Dec/2019:10:11:41 +0800] "GET /nacos/v1/cs/configs?search=accurate&dataId=&group=&appName=&config_tags=&pageNo=1&pageSize=10&tenant=&namespaceId= HTTP/1.1" 200 2810 2 Mozilla/5.0 (Windows NT 10.0; Win64; x64) AppleWebKit/537.36 (KHTML, like Gecko) Chrome/77.0.3865.75 Safari/537.36
127.0.0.1 - - [19/Dec/2019:10:11:42 +0800] "POST /nacos/v1/cs/configs/listener HTTP/1.1" 200 - 29502 Java/1.8.0_91
192.168.2.111 - - [19/Dec/2019:10:11:45 +0800] "GET /nacos/v1/cs/health HTTP/1.1" 200 2 1 Apache-HttpAsyncClient/4.1.3 (Java/1.8.0_91)
127.0.0.1 - - [19/Dec/2019:10:11:45 +0800] "PUT /nacos/v1/ns/instance/beat?beat=%7B%22cluster%22%3A%22DEFAULT%22%2C%22ip%22%3A%22192.168.2.111%22%2C%22metadata%22%3A%7B%22preserved.register.source%22%3A%22SPRING_CLOUD%22%7D%2C%22port%22%3A8085%2C%22scheduled%22%3Atrue%2C%22serviceName%22%3A%22DEFAULT_GROUP%40%40service-gateway%22%2C%22weight%22%3A1.0%7D&serviceName=DEFAULT_GROUP%40%40service-gateway&encoding=UTF-8&namespaceId=public HTTP/1.1" 200 38 2 Nacos-Java-Client:v1.0.0
127.0.0.1 - - [19/Dec/2019:10:11:49 +0800] "GET /nacos/v1/ns/service/list?pageSize=2147483647&groupName=DEFAULT_GROUP&encoding=UTF-8&namespaceId=public&pageNo=1 HTTP/1.1" 200 49 2 Nacos-Java-Client:v1.0.0
192.168.2.111 - - [19/Dec/2019:10:11:50 +0800] "GET /nacos/v1/cs/health HTTP/1.1" 200 2 1 Apache-HttpAsyncClient/4.1.3 (Java/1.8.0_91)
127.0.0.1 - - [19/Dec/2019:10:11:50 +0800] "PUT /nacos/v1/ns/instance/beat?beat=%7B%22cluster%22%3A%22DEFAULT%22%2C%22ip%22%3A%22192.168.2.111%22%2C%22metadata%22%3A%7B%22preserved.register.source%22%3A%22SPRING_CLOUD%22%7D%2C%22port%22%3A8085%2C%22scheduled%22%3Atrue%2C%22serviceName%22%3A%22DEFAULT_GROUP%40%40service-gateway%22%2C%22weight%22%3A1.0%7D&serviceName=DEFAULT_GROUP%40%40service-gateway&encoding=UTF-8&namespaceId=public HTTP/1.1" 200 38 1 Nacos-Java-Client:v1.0.0
127.0.0.1 - - [19/Dec/2019:10:11:51 +0800] "GET /nacos/v1/ns/instance/list?healthyOnly=false&namespaceId=public&clientIP=192.168.2.111&serviceName=DEFAULT_GROUP%40%40service-gateway&udpPort=52171&encoding=UTF-8 HTTP/1.1" 200 580 1 Nacos-Java-Client:v1.0.0
0:0:0:0:0:0:0:1 - - [19/Dec/2019:10:11:54 +0800] "POST /nacos/v1/cs/configs HTTP/1.1" 200 14 9 Mozilla/5.0 (Windows NT 10.0; Win64; x64) AppleWebKit/537.36 (KHTML, like Gecko) Chrome/77.0.3865.75 Safari/537.36
192.168.2.111 - - [19/Dec/2019:10:11:54 +0800] "GET /nacos/v1/cs/communication/dataChange?dataId=service-gateway-dev.yml&group=DEFAULT_GROUP HTTP/1.1" 200 14 2 Apache-HttpAsyncClient/4.1.3 (Java/1.8.0_91)
0:0:0:0:0:0:0:1 - - [19/Dec/2019:10:11:54 +0800] "GET /nacos/v1/cs/configs?dataId=service-gateway-dev.yml&group=DEFAULT_GROUP&namespaceId=&tenant=&show=all HTTP/1.1" 200 738 1 Mozilla/5.0 (Windows NT 10.0; Win64; x64) AppleWebKit/537.36 (KHTML, like Gecko) Chrome/77.0.3865.75 Safari/537.36
127.0.0.1 - - [19/Dec/2019:10:11:54 +0800] "POST /nacos/v1/cs/configs/listener HTTP/1.1" 200 44 12026 Java/1.8.0_91
127.0.0.1 - - [19/Dec/2019:10:11:54 +0800] "GET /nacos/v1/cs/configs?dataId=service-gateway-dev.yml&group=DEFAULT_GROUP HTTP/1.1" 200 357 2 Java/1.8.0_91
127.0.0.1 - - [19/Dec/2019:10:11:54 +0800] "GET /nacos/v1/cs/configs?dataId=common-log.yml&group=DEFAULT_GROUP HTTP/1.1" 200 108 2 Java/1.8.0_91
127.0.0.1 - - [19/Dec/2019:10:11:54 +0800] "GET /nacos/v1/cs/configs?dataId=service-gateway.yml&group=DEFAULT_GROUP HTTP/1.1" 404 23 1 Java/1.8.0_91
127.0.0.1 - - [19/Dec/2019:10:11:54 +0800] "GET /nacos/v1/cs/configs?dataId=service-gateway-dev.yml&group=DEFAULT_GROUP HTTP/1.1" 200 357 2 Java/1.8.0_91
192.168.2.111 - - [19/Dec/2019:10:11:55 +0800] "GET /nacos/v1/cs/health HTTP/1.1" 200 2 1 Apache-HttpAsyncClient/4.1.3 (Java/1.8.0_91)
127.0.0.1 - - [19/Dec/2019:10:11:57 +0800] "PUT /nacos/v1/ns/instance/beat?beat=%7B%22cluster%22%3A%22DEFAULT%22%2C%22ip%22%3A%22192.168.2.111%22%2C%22metadata%22%3A%7B%22preserved.register.source%22%3A%22SPRING_CLOUD%22%7D%2C%22port%22%3A8085%2C%22scheduled%22%3Atrue%2C%22serviceName%22%3A%22DEFAULT_GROUP%40%40service-gateway%22%2C%22weight%22%3A1.0%7D&serviceName=DEFAULT_GROUP%40%40service-gateway&encoding=UTF-8&namespaceId=public HTTP/1.1" 200 38 3 Nacos-Java-Client:v1.0.0
192.168.2.111 - - [19/Dec/2019:10:12:00 +0800] "GET /nacos/v1/cs/health HTTP/1.1" 200 2 1 Apache-HttpAsyncClient/4.1.3 (Java/1.8.0_91)
127.0.0.1 - - [19/Dec/2019:10:12:01 +0800] "GET /nacos/v1/ns/instance/list?healthyOnly=false&namespaceId=public&clientIP=192.168.2.111&serviceName=DEFAULT_GROUP%40%40service-gateway&udpPort=52171&encoding=UTF-8 HTTP/1.1" 200 580 3 Nacos-Java-Client:v1.0.0
127.0.0.1 - - [19/Dec/2019:10:12:02 +0800] "PUT /nacos/v1/ns/instance/beat?beat=%7B%22cluster%22%3A%22DEFAULT%22%2C%22ip%22%3A%22192.168.2.111%22%2C%22metadata%22%3A%7B%22preserved.register.source%22%3A%22SPRING_CLOUD%22%7D%2C%22port%22%3A8085%2C%22scheduled%22%3Atrue%2C%22serviceName%22%3A%22DEFAULT_GROUP%40%40service-gateway%22%2C%22weight%22%3A1.0%7D&serviceName=DEFAULT_GROUP%40%40service-gateway&encoding=UTF-8&namespaceId=public HTTP/1.1" 200 38 1 Nacos-Java-Client:v1.0.0
192.168.2.111 - - [19/Dec/2019:10:12:05 +0800] "GET /nacos/v1/cs/health HTTP/1.1" 200 2 1 Apache-HttpAsyncClient/4.1.3 (Java/1.8.0_91)
127.0.0.1 - - [19/Dec/2019:10:12:07 +0800] "PUT /nacos/v1/ns/instance/beat?beat=%7B%22cluster%22%3A%22DEFAULT%22%2C%22ip%22%3A%22192.168.2.111%22%2C%22metadata%22%3A%7B%22preserved.register.source%22%3A%22SPRING_CLOUD%22%7D%2C%22port%22%3A8085%2C%22scheduled%22%3Atrue%2C%22serviceName%22%3A%22DEFAULT_GROUP%40%40service-gateway%22%2C%22weight%22%3A1.0%7D&serviceName=DEFAULT_GROUP%40%40service-gateway&encoding=UTF-8&namespaceId=public HTTP/1.1" 200 38 5 Nacos-Java-Client:v1.0.0
0:0:0:0:0:0:0:1 - - [19/Dec/2019:10:12:09 +0800] "POST /nacos/v1/cs/configs HTTP/1.1" 200 14 9 Mozilla/5.0 (Windows NT 10.0; Win64; x64) AppleWebKit/537.36 (KHTML, like Gecko) Chrome/77.0.3865.75 Safari/537.36
192.168.2.111 - - [19/Dec/2019:10:12:09 +0800] "GET /nacos/v1/cs/communication/dataChange?dataId=service-gateway-dev.yml&group=DEFAULT_GROUP HTTP/1.1" 200 14 2 Apache-HttpAsyncClient/4.1.3 (Java/1.8.0_91)
0:0:0:0:0:0:0:1 - - [19/Dec/2019:10:12:09 +0800] "GET /nacos/v1/cs/configs?dataId=service-gateway-dev.yml&group=DEFAULT_GROUP&namespaceId=&tenant=&show=all HTTP/1.1" 200 653 2 Mozilla/5.0 (Windows NT 10.0; Win64; x64) AppleWebKit/537.36 (KHTML, like Gecko) Chrome/77.0.3865.75 Safari/537.36
127.0.0.1 - - [19/Dec/2019:10:12:09 +0800] "POST /nacos/v1/cs/configs/listener HTTP/1.1" 200 44 14842 Java/1.8.0_91
127.0.0.1 - - [19/Dec/2019:10:12:09 +0800] "GET /nacos/v1/cs/configs?dataId=service-gateway-dev.yml&group=DEFAULT_GROUP HTTP/1.1" 200 283 2 Java/1.8.0_91
127.0.0.1 - - [19/Dec/2019:10:12:09 +0800] "GET /nacos/v1/cs/configs?dataId=common-log.yml&group=DEFAULT_GROUP HTTP/1.1" 200 108 2 Java/1.8.0_91
127.0.0.1 - - [19/Dec/2019:10:12:09 +0800] "GET /nacos/v1/cs/configs?dataId=service-gateway.yml&group=DEFAULT_GROUP HTTP/1.1" 404 23 1 Java/1.8.0_91
127.0.0.1 - - [19/Dec/2019:10:12:09 +0800] "GET /nacos/v1/cs/configs?dataId=service-gateway-dev.yml&group=DEFAULT_GROUP HTTP/1.1" 200 283 1 Java/1.8.0_91
192.168.2.111 - - [19/Dec/2019:10:12:10 +0800] "GET /nacos/v1/cs/health HTTP/1.1" 200 2 1 Apache-HttpAsyncClient/4.1.3 (Java/1.8.0_91)
127.0.0.1 - - [19/Dec/2019:10:12:10 +0800] "PUT /nacos/v1/ns/instance/beat?beat=%7B%22cluster%22%3A%22DEFAULT%22%2C%22ip%22%3A%22192.168.2.111%22%2C%22metadata%22%3A%7B%22preserved.register.source%22%3A%22SPRING_CLOUD%22%7D%2C%22port%22%3A8085%2C%22scheduled%22%3Atrue%2C%22serviceName%22%3A%22DEFAULT_GROUP%40%40service-gateway%22%2C%22weight%22%3A1.0%7D&serviceName=DEFAULT_GROUP%40%40service-gateway&encoding=UTF-8&namespaceId=public HTTP/1.1" 200 38 2 Nacos-Java-Client:v1.0.0
127.0.0.1 - - [19/Dec/2019:10:12:13 +0800] "GET /nacos/v1/ns/instance/list?healthyOnly=false&namespaceId=public&clientIP=192.168.2.111&serviceName=DEFAULT_GROUP%40%40service-gateway&udpPort=52171&encoding=UTF-8 HTTP/1.1" 200 580 2 Nacos-Java-Client:v1.0.0
192.168.2.111 - - [19/Dec/2019:10:12:15 +0800] "GET /nacos/v1/cs/health HTTP/1.1" 200 2 2 Apache-HttpAsyncClient/4.1.3 (Java/1.8.0_91)
127.0.0.1 - - [19/Dec/2019:10:12:16 +0800] "PUT /nacos/v1/ns/instance/beat?beat=%7B%22cluster%22%3A%22DEFAULT%22%2C%22ip%22%3A%22192.168.2.111%22%2C%22metadata%22%3A%7B%22preserved.register.source%22%3A%22SPRING_CLOUD%22%7D%2C%22port%22%3A8085%2C%22scheduled%22%3Atrue%2C%22serviceName%22%3A%22DEFAULT_GROUP%40%40service-gateway%22%2C%22weight%22%3A1.0%7D&serviceName=DEFAULT_GROUP%40%40service-gateway&encoding=UTF-8&namespaceId=public HTTP/1.1" 200 38 2 Nacos-Java-Client:v1.0.0
192.168.2.111 - - [19/Dec/2019:10:12:20 +0800] "GET /nacos/v1/cs/health HTTP/1.1" 200 2 2 Apache-HttpAsyncClient/4.1.3 (Java/1.8.0_91)
127.0.0.1 - - [19/Dec/2019:10:12:21 +0800] "GET /nacos/v1/ns/service/list?pageSize=2147483647&groupName=DEFAULT_GROUP&encoding=UTF-8&namespaceId=public&pageNo=1 HTTP/1.1" 200 49 1 Nacos-Java-Client:v1.0.0
127.0.0.1 - - [19/Dec/2019:10:12:22 +0800] "PUT /nacos/v1/ns/instance/beat?beat=%7B%22cluster%22%3A%22DEFAULT%22%2C%22ip%22%3A%22192.168.2.111%22%2C%22metadata%22%3A%7B%22preserved.register.source%22%3A%22SPRING_CLOUD%22%7D%2C%22port%22%3A8085%2C%22scheduled%22%3Atrue%2C%22serviceName%22%3A%22DEFAULT_GROUP%40%40service-gateway%22%2C%22weight%22%3A1.0%7D&serviceName=DEFAULT_GROUP%40%40service-gateway&encoding=UTF-8&namespaceId=public HTTP/1.1" 200 38 1 Nacos-Java-Client:v1.0.0
127.0.0.1 - - [19/Dec/2019:10:12:25 +0800] "GET /nacos/v1/ns/instance/list?healthyOnly=false&namespaceId=public&clientIP=192.168.2.111&serviceName=DEFAULT_GROUP%40%40service-gateway&udpPort=52171&encoding=UTF-8 HTTP/1.1" 200 580 2 Nacos-Java-Client:v1.0.0
192.168.2.111 - - [19/Dec/2019:10:12:25 +0800] "GET /nacos/v1/cs/health HTTP/1.1" 200 2 2 Apache-HttpAsyncClient/4.1.3 (Java/1.8.0_91)
127.0.0.1 - - [19/Dec/2019:10:12:25 +0800] "PUT /nacos/v1/ns/instance/beat?beat=%7B%22cluster%22%3A%22DEFAULT%22%2C%22ip%22%3A%22192.168.2.111%22%2C%22metadata%22%3A%7B%22preserved.register.source%22%3A%22SPRING_CLOUD%22%7D%2C%22port%22%3A8085%2C%22scheduled%22%3Atrue%2C%22serviceName%22%3A%22DEFAULT_GROUP%40%40service-gateway%22%2C%22weight%22%3A1.0%7D&serviceName=DEFAULT_GROUP%40%40service-gateway&encoding=UTF-8&namespaceId=public HTTP/1.1" 200 38 1 Nacos-Java-Client:v1.0.0
192.168.2.111 - - [19/Dec/2019:10:12:30 +0800] "GET /nacos/v1/cs/health HTTP/1.1" 200 2 2 Apache-HttpAsyncClient/4.1.3 (Java/1.8.0_91)
127.0.0.1 - - [19/Dec/2019:10:12:32 +0800] "PUT /nacos/v1/ns/instance/beat?beat=%7B%22cluster%22%3A%22DEFAULT%22%2C%22ip%22%3A%22192.168.2.111%22%2C%22metadata%22%3A%7B%22preserved.register.source%22%3A%22SPRING_CLOUD%22%7D%2C%22port%22%3A8085%2C%22scheduled%22%3Atrue%2C%22serviceName%22%3A%22DEFAULT_GROUP%40%40service-gateway%22%2C%22weight%22%3A1.0%7D&serviceName=DEFAULT_GROUP%40%40service-gateway&encoding=UTF-8&namespaceId=public HTTP/1.1" 200 38 2 Nacos-Java-Client:v1.0.0
192.168.2.111 - - [19/Dec/2019:10:12:35 +0800] "GET /nacos/v1/cs/health HTTP/1.1" 200 2 2 Apache-HttpAsyncClient/4.1.3 (Java/1.8.0_91)
127.0.0.1 - - [19/Dec/2019:10:12:37 +0800] "GET /nacos/v1/ns/instance/list?healthyOnly=false&namespaceId=public&clientIP=192.168.2.111&serviceName=DEFAULT_GROUP%40%40service-gateway&udpPort=52171&encoding=UTF-8 HTTP/1.1" 200 580 2 Nacos-Java-Client:v1.0.0
127.0.0.1 - - [19/Dec/2019:10:12:37 +0800] "PUT /nacos/v1/ns/instance/beat?beat=%7B%22cluster%22%3A%22DEFAULT%22%2C%22ip%22%3A%22192.168.2.111%22%2C%22metadata%22%3A%7B%22preserved.register.source%22%3A%22SPRING_CLOUD%22%7D%2C%22port%22%3A8085%2C%22scheduled%22%3Atrue%2C%22serviceName%22%3A%22DEFAULT_GROUP%40%40service-gateway%22%2C%22weight%22%3A1.0%7D&serviceName=DEFAULT_GROUP%40%40service-gateway&encoding=UTF-8&namespaceId=public HTTP/1.1" 200 38 2 Nacos-Java-Client:v1.0.0
127.0.0.1 - - [19/Dec/2019:10:12:39 +0800] "POST /nacos/v1/cs/configs/listener HTTP/1.1" 200 - 29501 Java/1.8.0_91
192.168.2.111 - - [19/Dec/2019:10:12:40 +0800] "GET /nacos/v1/cs/health HTTP/1.1" 200 2 1 Apache-HttpAsyncClient/4.1.3 (Java/1.8.0_91)
127.0.0.1 - - [19/Dec/2019:10:12:40 +0800] "PUT /nacos/v1/ns/instance/beat?beat=%7B%22cluster%22%3A%22DEFAULT%22%2C%22ip%22%3A%22192.168.2.111%22%2C%22metadata%22%3A%7B%22preserved.register.source%22%3A%22SPRING_CLOUD%22%7D%2C%22port%22%3A8085%2C%22scheduled%22%3Atrue%2C%22serviceName%22%3A%22DEFAULT_GROUP%40%40service-gateway%22%2C%22weight%22%3A1.0%7D&serviceName=DEFAULT_GROUP%40%40service-gateway&encoding=UTF-8&namespaceId=public HTTP/1.1" 200 38 2 Nacos-Java-Client:v1.0.0
192.168.2.111 - - [19/Dec/2019:10:12:45 +0800] "GET /nacos/v1/cs/health HTTP/1.1" 200 2 4 Apache-HttpAsyncClient/4.1.3 (Java/1.8.0_91)
127.0.0.1 - - [19/Dec/2019:10:12:46 +0800] "PUT /nacos/v1/ns/instance/beat?beat=%7B%22cluster%22%3A%22DEFAULT%22%2C%22ip%22%3A%22192.168.2.111%22%2C%22metadata%22%3A%7B%22preserved.register.source%22%3A%22SPRING_CLOUD%22%7D%2C%22port%22%3A8085%2C%22scheduled%22%3Atrue%2C%22serviceName%22%3A%22DEFAULT_GROUP%40%40service-gateway%22%2C%22weight%22%3A1.0%7D&serviceName=DEFAULT_GROUP%40%40service-gateway&encoding=UTF-8&namespaceId=public HTTP/1.1" 200 38 2 Nacos-Java-Client:v1.0.0
127.0.0.1 - - [19/Dec/2019:10:12:48 +0800] "GET /nacos/v1/ns/instance/list?healthyOnly=false&namespaceId=public&clientIP=192.168.2.111&serviceName=DEFAULT_GROUP%40%40service-gateway&udpPort=52171&encoding=UTF-8 HTTP/1.1" 200 580 3 Nacos-Java-Client:v1.0.0
192.168.2.111 - - [19/Dec/2019:10:12:50 +0800] "GET /nacos/v1/cs/health HTTP/1.1" 200 2 1 Apache-HttpAsyncClient/4.1.3 (Java/1.8.0_91)
127.0.0.1 - - [19/Dec/2019:10:12:51 +0800] "PUT /nacos/v1/ns/instance/beat?beat=%7B%22cluster%22%3A%22DEFAULT%22%2C%22ip%22%3A%22192.168.2.111%22%2C%22metadata%22%3A%7B%22preserved.register.source%22%3A%22SPRING_CLOUD%22%7D%2C%22port%22%3A8085%2C%22scheduled%22%3Atrue%2C%22serviceName%22%3A%22DEFAULT_GROUP%40%40service-gateway%22%2C%22weight%22%3A1.0%7D&serviceName=DEFAULT_GROUP%40%40service-gateway&encoding=UTF-8&namespaceId=public HTTP/1.1" 200 38 2 Nacos-Java-Client:v1.0.0
127.0.0.1 - - [19/Dec/2019:10:12:53 +0800] "GET /nacos/v1/ns/service/list?pageSize=2147483647&groupName=DEFAULT_GROUP&encoding=UTF-8&namespaceId=public&pageNo=1 HTTP/1.1" 200 49 2 Nacos-Java-Client:v1.0.0
192.168.2.111 - - [19/Dec/2019:10:12:55 +0800] "GET /nacos/v1/cs/health HTTP/1.1" 200 2 2 Apache-HttpAsyncClient/4.1.3 (Java/1.8.0_91)
127.0.0.1 - - [19/Dec/2019:10:12:56 +0800] "PUT /nacos/v1/ns/instance/beat?beat=%7B%22cluster%22%3A%22DEFAULT%22%2C%22ip%22%3A%22192.168.2.111%22%2C%22metadata%22%3A%7B%22preserved.register.source%22%3A%22SPRING_CLOUD%22%7D%2C%22port%22%3A8085%2C%22scheduled%22%3Atrue%2C%22serviceName%22%3A%22DEFAULT_GROUP%40%40service-gateway%22%2C%22weight%22%3A1.0%7D&serviceName=DEFAULT_GROUP%40%40service-gateway&encoding=UTF-8&namespaceId=public HTTP/1.1" 200 38 2 Nacos-Java-Client:v1.0.0
127.0.0.1 - - [19/Dec/2019:10:12:59 +0800] "GET /nacos/v1/ns/instance/list?healthyOnly=false&namespaceId=public&clientIP=192.168.2.111&serviceName=DEFAULT_GROUP%40%40service-gateway&udpPort=52171&encoding=UTF-8 HTTP/1.1" 200 580 5 Nacos-Java-Client:v1.0.0
192.168.2.111 - - [19/Dec/2019:10:13:00 +0800] "GET /nacos/v1/cs/health HTTP/1.1" 200 2 2 Apache-HttpAsyncClient/4.1.3 (Java/1.8.0_91)
127.0.0.1 - - [19/Dec/2019:10:13:00 +0800] "PUT /nacos/v1/ns/instance/beat?beat=%7B%22cluster%22%3A%22DEFAULT%22%2C%22ip%22%3A%22192.168.2.111%22%2C%22metadata%22%3A%7B%22preserved.register.source%22%3A%22SPRING_CLOUD%22%7D%2C%22port%22%3A8085%2C%22scheduled%22%3Atrue%2C%22serviceName%22%3A%22DEFAULT_GROUP%40%40service-gateway%22%2C%22weight%22%3A1.0%7D&serviceName=DEFAULT_GROUP%40%40service-gateway&encoding=UTF-8&namespaceId=public HTTP/1.1" 200 38 2 Nacos-Java-Client:v1.0.0
192.168.2.111 - - [19/Dec/2019:10:13:05 +0800] "GET /nacos/v1/cs/health HTTP/1.1" 200 2 2 Apache-HttpAsyncClient/4.1.3 (Java/1.8.0_91)
127.0.0.1 - - [19/Dec/2019:10:13:06 +0800] "PUT /nacos/v1/ns/instance/beat?beat=%7B%22cluster%22%3A%22DEFAULT%22%2C%22ip%22%3A%22192.168.2.111%22%2C%22metadata%22%3A%7B%22preserved.register.source%22%3A%22SPRING_CLOUD%22%7D%2C%22port%22%3A8085%2C%22scheduled%22%3Atrue%2C%22serviceName%22%3A%22DEFAULT_GROUP%40%40service-gateway%22%2C%22weight%22%3A1.0%7D&serviceName=DEFAULT_GROUP%40%40service-gateway&encoding=UTF-8&namespaceId=public HTTP/1.1" 200 38 4 Nacos-Java-Client:v1.0.0
127.0.0.1 - - [19/Dec/2019:10:13:08 +0800] "POST /nacos/v1/cs/configs/listener HTTP/1.1" 200 - 29503 Java/1.8.0_91
127.0.0.1 - - [19/Dec/2019:10:13:10 +0800] "GET /nacos/v1/ns/instance/list?healthyOnly=false&namespaceId=public&clientIP=192.168.2.111&serviceName=DEFAULT_GROUP%40%40service-gateway&udpPort=52171&encoding=UTF-8 HTTP/1.1" 200 580 3 Nacos-Java-Client:v1.0.0
192.168.2.111 - - [19/Dec/2019:10:13:10 +0800] "GET /nacos/v1/cs/health HTTP/1.1" 200 2 1 Apache-HttpAsyncClient/4.1.3 (Java/1.8.0_91)
127.0.0.1 - - [19/Dec/2019:10:13:11 +0800] "PUT /nacos/v1/ns/instance/beat?beat=%7B%22cluster%22%3A%22DEFAULT%22%2C%22ip%22%3A%22192.168.2.111%22%2C%22metadata%22%3A%7B%22preserved.register.source%22%3A%22SPRING_CLOUD%22%7D%2C%22port%22%3A8085%2C%22scheduled%22%3Atrue%2C%22serviceName%22%3A%22DEFAULT_GROUP%40%40service-gateway%22%2C%22weight%22%3A1.0%7D&serviceName=DEFAULT_GROUP%40%40service-gateway&encoding=UTF-8&namespaceId=public HTTP/1.1" 200 38 2 Nacos-Java-Client:v1.0.0
192.168.2.111 - - [19/Dec/2019:10:13:15 +0800] "GET /nacos/v1/cs/health HTTP/1.1" 200 2 0 Apache-HttpAsyncClient/4.1.3 (Java/1.8.0_91)
127.0.0.1 - - [19/Dec/2019:10:13:17 +0800] "PUT /nacos/v1/ns/instance/beat?beat=%7B%22cluster%22%3A%22DEFAULT%22%2C%22ip%22%3A%22192.168.2.111%22%2C%22metadata%22%3A%7B%22preserved.register.source%22%3A%22SPRING_CLOUD%22%7D%2C%22port%22%3A8085%2C%22scheduled%22%3Atrue%2C%22serviceName%22%3A%22DEFAULT_GROUP%40%40service-gateway%22%2C%22weight%22%3A1.0%7D&serviceName=DEFAULT_GROUP%40%40service-gateway&encoding=UTF-8&namespaceId=public HTTP/1.1" 200 38 2 Nacos-Java-Client:v1.0.0
127.0.0.1 - - [19/Dec/2019:10:13:20 +0800] "GET /nacos/v1/ns/instance/list?healthyOnly=false&namespaceId=public&clientIP=192.168.2.111&serviceName=DEFAULT_GROUP%40%40service-gateway&udpPort=52171&encoding=UTF-8 HTTP/1.1" 200 580 3 Nacos-Java-Client:v1.0.0
192.168.2.111 - - [19/Dec/2019:10:13:20 +0800] "GET /nacos/v1/cs/health HTTP/1.1" 200 2 2 Apache-HttpAsyncClient/4.1.3 (Java/1.8.0_91)
127.0.0.1 - - [19/Dec/2019:10:13:20 +0800] "PUT /nacos/v1/ns/instance/beat?beat=%7B%22cluster%22%3A%22DEFAULT%22%2C%22ip%22%3A%22192.168.2.111%22%2C%22metadata%22%3A%7B%22preserved.register.source%22%3A%22SPRING_CLOUD%22%7D%2C%22port%22%3A8085%2C%22scheduled%22%3Atrue%2C%22serviceName%22%3A%22DEFAULT_GROUP%40%40service-gateway%22%2C%22weight%22%3A1.0%7D&serviceName=DEFAULT_GROUP%40%40service-gateway&encoding=UTF-8&namespaceId=public HTTP/1.1" 200 38 1 Nacos-Java-Client:v1.0.0
