127.0.0.1 - - [19/Dec/2019:10:33:22 +0800] "PUT /nacos/v1/ns/instance/beat?beat=%7B%22cluster%22%3A%22DEFAULT%22%2C%22ip%22%3A%22192.168.2.111%22%2C%22metadata%22%3A%7B%22preserved.register.source%22%3A%22SPRING_CLOUD%22%7D%2C%22port%22%3A8085%2C%22scheduled%22%3Atrue%2C%22serviceName%22%3A%22DEFAULT_GROUP%40%40service-gateway%22%2C%22weight%22%3A1.0%7D&serviceName=DEFAULT_GROUP%40%40service-gateway&encoding=UTF-8&namespaceId=public HTTP/1.1" 200 38 2 Nacos-Java-Client:v1.0.0
127.0.0.1 - - [19/Dec/2019:10:33:25 +0800] "DELETE /nacos/v1/ns/instance?namespaceId=public&port=8085&clusterName=DEFAULT&ip=192.168.2.111&ephemeral=true&serviceName=DEFAULT_GROUP%40%40service-gateway&encoding=UTF-8 HTTP/1.1" 200 2 3 Nacos-Java-Client:v1.0.0
192.168.2.111 - - [19/Dec/2019:10:33:25 +0800] "GET /nacos/v1/cs/health HTTP/1.1" 200 2 1 Apache-HttpAsyncClient/4.1.3 (Java/1.8.0_91)
127.0.0.1 - - [19/Dec/2019:10:33:29 +0800] "GET /nacos/v1/cs/configs?dataId=common-consumer.yml&group=DEFAULT_GROUP HTTP/1.1" 200 1944 2 Java/1.8.0_91
127.0.0.1 - - [19/Dec/2019:10:33:29 +0800] "GET /nacos/v1/cs/configs?dataId=common-log.yml&group=DEFAULT_GROUP HTTP/1.1" 200 113 2 Java/1.8.0_91
127.0.0.1 - - [19/Dec/2019:10:33:29 +0800] "GET /nacos/v1/cs/configs?dataId=service-gateway.yml&group=DEFAULT_GROUP HTTP/1.1" 404 23 0 Java/1.8.0_91
127.0.0.1 - - [19/Dec/2019:10:33:29 +0800] "GET /nacos/v1/cs/configs?dataId=service-gateway-dev.yml&group=DEFAULT_GROUP HTTP/1.1" 200 360 1 Java/1.8.0_91
192.168.2.111 - - [19/Dec/2019:10:33:30 +0800] "GET /nacos/v1/cs/health HTTP/1.1" 200 2 1 Apache-HttpAsyncClient/4.1.3 (Java/1.8.0_91)
127.0.0.1 - - [19/Dec/2019:10:33:31 +0800] "GET /nacos/v1/ns/service/list?pageSize=2147483647&groupName=DEFAULT_GROUP&encoding=UTF-8&namespaceId=public&pageNo=1 HTTP/1.1" 200 49 1 Nacos-Java-Client:v1.0.0
127.0.0.1 - - [19/Dec/2019:10:33:32 +0800] "POST /nacos/v1/ns/instance?groupName=DEFAULT_GROUP&metadata=%7B%22preserved.register.source%22%3A%22SPRING_CLOUD%22%7D&namespaceId=public&port=8085&enable=true&healthy=true&clusterName=DEFAULT&ip=192.168.2.111&weight=1.0&ephemeral=true&serviceName=DEFAULT_GROUP%40%40service-gateway&encoding=UTF-8 HTTP/1.1" 200 2 1 Nacos-Java-Client:v1.0.0
127.0.0.1 - - [19/Dec/2019:10:33:32 +0800] "POST /nacos/v1/cs/configs/listener HTTP/1.1" 200 - 1 Java/1.8.0_91
127.0.0.1 - - [19/Dec/2019:10:33:33 +0800] "GET /nacos/v1/ns/instance/list?healthyOnly=false&namespaceId=public&clientIP=192.168.2.111&serviceName=DEFAULT_GROUP%40%40service-gateway&udpPort=54714&encoding=UTF-8 HTTP/1.1" 200 580 1 Nacos-Java-Client:v1.0.0
127.0.0.1 - - [19/Dec/2019:10:33:33 +0800] "GET /nacos/v1/cs/configs?dataId=common-consumer.yml&group=DEFAULT_GROUP HTTP/1.1" 200 1944 2 Java/1.8.0_91
127.0.0.1 - - [19/Dec/2019:10:33:33 +0800] "GET /nacos/v1/cs/configs?dataId=common-log.yml&group=DEFAULT_GROUP HTTP/1.1" 200 113 2 Java/1.8.0_91
127.0.0.1 - - [19/Dec/2019:10:33:33 +0800] "GET /nacos/v1/cs/configs?dataId=service-gateway.yml&group=DEFAULT_GROUP HTTP/1.1" 404 23 1 Java/1.8.0_91
127.0.0.1 - - [19/Dec/2019:10:33:33 +0800] "GET /nacos/v1/cs/configs?dataId=service-gateway-dev.yml&group=DEFAULT_GROUP HTTP/1.1" 200 360 2 Java/1.8.0_91
127.0.0.1 - - [19/Dec/2019:10:33:34 +0800] "GET /nacos/v1/cs/configs?dataId=common-consumer.yml&group=DEFAULT_GROUP HTTP/1.1" 200 1944 1 Java/1.8.0_91
127.0.0.1 - - [19/Dec/2019:10:33:34 +0800] "GET /nacos/v1/cs/configs?dataId=common-log.yml&group=DEFAULT_GROUP HTTP/1.1" 200 113 1 Java/1.8.0_91
127.0.0.1 - - [19/Dec/2019:10:33:34 +0800] "GET /nacos/v1/cs/configs?dataId=service-gateway.yml&group=DEFAULT_GROUP HTTP/1.1" 404 23 1 Java/1.8.0_91
127.0.0.1 - - [19/Dec/2019:10:33:34 +0800] "GET /nacos/v1/cs/configs?dataId=service-gateway-dev.yml&group=DEFAULT_GROUP HTTP/1.1" 200 360 2 Java/1.8.0_91
192.168.2.111 - - [19/Dec/2019:10:33:35 +0800] "GET /nacos/v1/cs/health HTTP/1.1" 200 2 1 Apache-HttpAsyncClient/4.1.3 (Java/1.8.0_91)
127.0.0.1 - - [19/Dec/2019:10:33:36 +0800] "PUT /nacos/v1/ns/instance/beat?beat=%7B%22cluster%22%3A%22DEFAULT%22%2C%22ip%22%3A%22192.168.2.111%22%2C%22metadata%22%3A%7B%22preserved.register.source%22%3A%22SPRING_CLOUD%22%7D%2C%22port%22%3A8085%2C%22scheduled%22%3Atrue%2C%22serviceName%22%3A%22DEFAULT_GROUP%40%40service-gateway%22%2C%22weight%22%3A1.0%7D&serviceName=DEFAULT_GROUP%40%40service-gateway&encoding=UTF-8&namespaceId=public HTTP/1.1" 200 38 2 Nacos-Java-Client:v1.0.0
127.0.0.1 - - [19/Dec/2019:10:33:36 +0800] "GET /nacos/v1/ns/instance/list?healthyOnly=false&namespaceId=public&clientIP=192.168.2.111&serviceName=DEFAULT_GROUP%40%40service-gateway&udpPort=54714&encoding=UTF-8 HTTP/1.1" 200 580 1 Nacos-Java-Client:v1.0.0
127.0.0.1 - - [19/Dec/2019:10:33:36 +0800] "POST /nacos/v1/cs/configs/listener HTTP/1.1" 500 - 29502 Java/1.8.0_91
127.0.0.1 - - [19/Dec/2019:10:33:39 +0800] "GET /nacos/v1/cs/configs?dataId=common-log.yml&group=DEFAULT_GROUP HTTP/1.1" 200 113 2 Java/1.8.0_91
127.0.0.1 - - [19/Dec/2019:10:33:39 +0800] "GET /nacos/v1/cs/configs?dataId=service-gateway.yml&group=DEFAULT_GROUP HTTP/1.1" 404 23 1 Java/1.8.0_91
127.0.0.1 - - [19/Dec/2019:10:33:39 +0800] "GET /nacos/v1/cs/configs?dataId=service-gateway-dev.yml&group=DEFAULT_GROUP HTTP/1.1" 200 360 1 Java/1.8.0_91
192.168.2.111 - - [19/Dec/2019:10:33:40 +0800] "GET /nacos/v1/cs/health HTTP/1.1" 200 2 1 Apache-HttpAsyncClient/4.1.3 (Java/1.8.0_91)
127.0.0.1 - - [19/Dec/2019:10:33:43 +0800] "PUT /nacos/v1/ns/instance/beat?beat=%7B%22cluster%22%3A%22DEFAULT%22%2C%22ip%22%3A%22192.168.2.111%22%2C%22metadata%22%3A%7B%22preserved.register.source%22%3A%22SPRING_CLOUD%22%7D%2C%22port%22%3A8085%2C%22scheduled%22%3Atrue%2C%22serviceName%22%3A%22DEFAULT_GROUP%40%40service-gateway%22%2C%22weight%22%3A1.0%7D&serviceName=DEFAULT_GROUP%40%40service-gateway&encoding=UTF-8&namespaceId=public HTTP/1.1" 200 38 2 Nacos-Java-Client:v1.0.0
192.168.2.111 - - [19/Dec/2019:10:33:45 +0800] "GET /nacos/v1/cs/health HTTP/1.1" 200 2 1 Apache-HttpAsyncClient/4.1.3 (Java/1.8.0_91)
127.0.0.1 - - [19/Dec/2019:10:33:46 +0800] "PUT /nacos/v1/ns/instance/beat?beat=%7B%22cluster%22%3A%22DEFAULT%22%2C%22ip%22%3A%22192.168.2.111%22%2C%22metadata%22%3A%7B%22preserved.register.source%22%3A%22SPRING_CLOUD%22%7D%2C%22port%22%3A8085%2C%22scheduled%22%3Atrue%2C%22serviceName%22%3A%22DEFAULT_GROUP%40%40service-gateway%22%2C%22weight%22%3A1.0%7D&serviceName=DEFAULT_GROUP%40%40service-gateway&encoding=UTF-8&namespaceId=public HTTP/1.1" 200 38 1 Nacos-Java-Client:v1.0.0
127.0.0.1 - - [19/Dec/2019:10:33:48 +0800] "GET /nacos/v1/ns/instance/list?healthyOnly=false&namespaceId=public&clientIP=192.168.2.111&serviceName=DEFAULT_GROUP%40%40service-gateway&udpPort=54714&encoding=UTF-8 HTTP/1.1" 200 580 1 Nacos-Java-Client:v1.0.0
192.168.2.111 - - [19/Dec/2019:10:33:50 +0800] "GET /nacos/v1/cs/health HTTP/1.1" 200 2 1 Apache-HttpAsyncClient/4.1.3 (Java/1.8.0_91)
127.0.0.1 - - [19/Dec/2019:10:33:52 +0800] "PUT /nacos/v1/ns/instance/beat?beat=%7B%22cluster%22%3A%22DEFAULT%22%2C%22ip%22%3A%22192.168.2.111%22%2C%22metadata%22%3A%7B%22preserved.register.source%22%3A%22SPRING_CLOUD%22%7D%2C%22port%22%3A8085%2C%22scheduled%22%3Atrue%2C%22serviceName%22%3A%22DEFAULT_GROUP%40%40service-gateway%22%2C%22weight%22%3A1.0%7D&serviceName=DEFAULT_GROUP%40%40service-gateway&encoding=UTF-8&namespaceId=public HTTP/1.1" 200 38 2 Nacos-Java-Client:v1.0.0
192.168.2.111 - - [19/Dec/2019:10:33:55 +0800] "GET /nacos/v1/cs/health HTTP/1.1" 200 2 1 Apache-HttpAsyncClient/4.1.3 (Java/1.8.0_91)
127.0.0.1 - - [19/Dec/2019:10:33:56 +0800] "PUT /nacos/v1/ns/instance/beat?beat=%7B%22cluster%22%3A%22DEFAULT%22%2C%22ip%22%3A%22192.168.2.111%22%2C%22metadata%22%3A%7B%22preserved.register.source%22%3A%22SPRING_CLOUD%22%7D%2C%22port%22%3A8085%2C%22scheduled%22%3Atrue%2C%22serviceName%22%3A%22DEFAULT_GROUP%40%40service-gateway%22%2C%22weight%22%3A1.0%7D&serviceName=DEFAULT_GROUP%40%40service-gateway&encoding=UTF-8&namespaceId=public HTTP/1.1" 200 38 1 Nacos-Java-Client:v1.0.0
127.0.0.1 - - [19/Dec/2019:10:34:00 +0800] "GET /nacos/v1/ns/instance/list?healthyOnly=false&namespaceId=public&clientIP=192.168.2.111&serviceName=DEFAULT_GROUP%40%40service-gateway&udpPort=54714&encoding=UTF-8 HTTP/1.1" 200 580 1 Nacos-Java-Client:v1.0.0
192.168.2.111 - - [19/Dec/2019:10:34:00 +0800] "GET /nacos/v1/cs/health HTTP/1.1" 200 2 1 Apache-HttpAsyncClient/4.1.3 (Java/1.8.0_91)
127.0.0.1 - - [19/Dec/2019:10:34:02 +0800] "PUT /nacos/v1/ns/instance/beat?beat=%7B%22cluster%22%3A%22DEFAULT%22%2C%22ip%22%3A%22192.168.2.111%22%2C%22metadata%22%3A%7B%22preserved.register.source%22%3A%22SPRING_CLOUD%22%7D%2C%22port%22%3A8085%2C%22scheduled%22%3Atrue%2C%22serviceName%22%3A%22DEFAULT_GROUP%40%40service-gateway%22%2C%22weight%22%3A1.0%7D&serviceName=DEFAULT_GROUP%40%40service-gateway&encoding=UTF-8&namespaceId=public HTTP/1.1" 200 38 3 Nacos-Java-Client:v1.0.0
127.0.0.1 - - [19/Dec/2019:10:34:05 +0800] "GET /nacos/v1/ns/service/list?pageSize=2147483647&groupName=DEFAULT_GROUP&encoding=UTF-8&namespaceId=public&pageNo=1 HTTP/1.1" 200 49 3 Nacos-Java-Client:v1.0.0
192.168.2.111 - - [19/Dec/2019:10:34:05 +0800] "GET /nacos/v1/cs/health HTTP/1.1" 200 2 1 Apache-HttpAsyncClient/4.1.3 (Java/1.8.0_91)
127.0.0.1 - - [19/Dec/2019:10:34:06 +0800] "PUT /nacos/v1/ns/instance/beat?beat=%7B%22cluster%22%3A%22DEFAULT%22%2C%22ip%22%3A%22192.168.2.111%22%2C%22metadata%22%3A%7B%22preserved.register.source%22%3A%22SPRING_CLOUD%22%7D%2C%22port%22%3A8085%2C%22scheduled%22%3Atrue%2C%22serviceName%22%3A%22DEFAULT_GROUP%40%40service-gateway%22%2C%22weight%22%3A1.0%7D&serviceName=DEFAULT_GROUP%40%40service-gateway&encoding=UTF-8&namespaceId=public HTTP/1.1" 200 38 1 Nacos-Java-Client:v1.0.0
127.0.0.1 - - [19/Dec/2019:10:34:09 +0800] "POST /nacos/v1/cs/configs/listener HTTP/1.1" 200 - 29504 Java/1.8.0_91
192.168.2.111 - - [19/Dec/2019:10:34:10 +0800] "GET /nacos/v1/cs/health HTTP/1.1" 200 2 1 Apache-HttpAsyncClient/4.1.3 (Java/1.8.0_91)
127.0.0.1 - - [19/Dec/2019:10:34:11 +0800] "PUT /nacos/v1/ns/instance/beat?beat=%7B%22cluster%22%3A%22DEFAULT%22%2C%22ip%22%3A%22192.168.2.111%22%2C%22metadata%22%3A%7B%22preserved.register.source%22%3A%22SPRING_CLOUD%22%7D%2C%22port%22%3A8085%2C%22scheduled%22%3Atrue%2C%22serviceName%22%3A%22DEFAULT_GROUP%40%40service-gateway%22%2C%22weight%22%3A1.0%7D&serviceName=DEFAULT_GROUP%40%40service-gateway&encoding=UTF-8&namespaceId=public HTTP/1.1" 200 38 2 Nacos-Java-Client:v1.0.0
127.0.0.1 - - [19/Dec/2019:10:34:12 +0800] "GET /nacos/v1/ns/instance/list?healthyOnly=false&namespaceId=public&clientIP=192.168.2.111&serviceName=DEFAULT_GROUP%40%40service-gateway&udpPort=54714&encoding=UTF-8 HTTP/1.1" 200 580 2 Nacos-Java-Client:v1.0.0
192.168.2.111 - - [19/Dec/2019:10:34:15 +0800] "GET /nacos/v1/cs/health HTTP/1.1" 200 2 1 Apache-HttpAsyncClient/4.1.3 (Java/1.8.0_91)
127.0.0.1 - - [19/Dec/2019:10:34:18 +0800] "PUT /nacos/v1/ns/instance/beat?beat=%7B%22cluster%22%3A%22DEFAULT%22%2C%22ip%22%3A%22192.168.2.111%22%2C%22metadata%22%3A%7B%22preserved.register.source%22%3A%22SPRING_CLOUD%22%7D%2C%22port%22%3A8085%2C%22scheduled%22%3Atrue%2C%22serviceName%22%3A%22DEFAULT_GROUP%40%40service-gateway%22%2C%22weight%22%3A1.0%7D&serviceName=DEFAULT_GROUP%40%40service-gateway&encoding=UTF-8&namespaceId=public HTTP/1.1" 200 38 2 Nacos-Java-Client:v1.0.0
192.168.2.111 - - [19/Dec/2019:10:34:20 +0800] "GET /nacos/v1/cs/health HTTP/1.1" 200 2 3 Apache-HttpAsyncClient/4.1.3 (Java/1.8.0_91)
127.0.0.1 - - [19/Dec/2019:10:34:22 +0800] "PUT /nacos/v1/ns/instance/beat?beat=%7B%22cluster%22%3A%22DEFAULT%22%2C%22ip%22%3A%22192.168.2.111%22%2C%22metadata%22%3A%7B%22preserved.register.source%22%3A%22SPRING_CLOUD%22%7D%2C%22port%22%3A8085%2C%22scheduled%22%3Atrue%2C%22serviceName%22%3A%22DEFAULT_GROUP%40%40service-gateway%22%2C%22weight%22%3A1.0%7D&serviceName=DEFAULT_GROUP%40%40service-gateway&encoding=UTF-8&namespaceId=public HTTP/1.1" 200 38 3 Nacos-Java-Client:v1.0.0
127.0.0.1 - - [19/Dec/2019:10:34:24 +0800] "GET /nacos/v1/ns/instance/list?healthyOnly=false&namespaceId=public&clientIP=192.168.2.111&serviceName=DEFAULT_GROUP%40%40service-gateway&udpPort=54714&encoding=UTF-8 HTTP/1.1" 200 580 3 Nacos-Java-Client:v1.0.0
192.168.2.111 - - [19/Dec/2019:10:34:25 +0800] "GET /nacos/v1/cs/health HTTP/1.1" 200 2 1 Apache-HttpAsyncClient/4.1.3 (Java/1.8.0_91)
127.0.0.1 - - [19/Dec/2019:10:34:26 +0800] "PUT /nacos/v1/ns/instance/beat?beat=%7B%22cluster%22%3A%22DEFAULT%22%2C%22ip%22%3A%22192.168.2.111%22%2C%22metadata%22%3A%7B%22preserved.register.source%22%3A%22SPRING_CLOUD%22%7D%2C%22port%22%3A8085%2C%22scheduled%22%3Atrue%2C%22serviceName%22%3A%22DEFAULT_GROUP%40%40service-gateway%22%2C%22weight%22%3A1.0%7D&serviceName=DEFAULT_GROUP%40%40service-gateway&encoding=UTF-8&namespaceId=public HTTP/1.1" 200 38 2 Nacos-Java-Client:v1.0.0
192.168.2.111 - - [19/Dec/2019:10:34:30 +0800] "GET /nacos/v1/cs/health HTTP/1.1" 200 2 1 Apache-HttpAsyncClient/4.1.3 (Java/1.8.0_91)
127.0.0.1 - - [19/Dec/2019:10:34:31 +0800] "PUT /nacos/v1/ns/instance/beat?beat=%7B%22cluster%22%3A%22DEFAULT%22%2C%22ip%22%3A%22192.168.2.111%22%2C%22metadata%22%3A%7B%22preserved.register.source%22%3A%22SPRING_CLOUD%22%7D%2C%22port%22%3A8085%2C%22scheduled%22%3Atrue%2C%22serviceName%22%3A%22DEFAULT_GROUP%40%40service-gateway%22%2C%22weight%22%3A1.0%7D&serviceName=DEFAULT_GROUP%40%40service-gateway&encoding=UTF-8&namespaceId=public HTTP/1.1" 200 38 2 Nacos-Java-Client:v1.0.0
127.0.0.1 - - [19/Dec/2019:10:34:35 +0800] "GET /nacos/v1/ns/instance/list?healthyOnly=false&namespaceId=public&clientIP=192.168.2.111&serviceName=DEFAULT_GROUP%40%40service-gateway&udpPort=54714&encoding=UTF-8 HTTP/1.1" 200 580 1 Nacos-Java-Client:v1.0.0
192.168.2.111 - - [19/Dec/2019:10:34:35 +0800] "GET /nacos/v1/cs/health HTTP/1.1" 200 2 1 Apache-HttpAsyncClient/4.1.3 (Java/1.8.0_91)
127.0.0.1 - - [19/Dec/2019:10:34:37 +0800] "PUT /nacos/v1/ns/instance/beat?beat=%7B%22cluster%22%3A%22DEFAULT%22%2C%22ip%22%3A%22192.168.2.111%22%2C%22metadata%22%3A%7B%22preserved.register.source%22%3A%22SPRING_CLOUD%22%7D%2C%22port%22%3A8085%2C%22scheduled%22%3Atrue%2C%22serviceName%22%3A%22DEFAULT_GROUP%40%40service-gateway%22%2C%22weight%22%3A1.0%7D&serviceName=DEFAULT_GROUP%40%40service-gateway&encoding=UTF-8&namespaceId=public HTTP/1.1" 200 38 1 Nacos-Java-Client:v1.0.0
127.0.0.1 - - [19/Dec/2019:10:34:37 +0800] "GET /nacos/v1/ns/service/list?pageSize=2147483647&groupName=DEFAULT_GROUP&encoding=UTF-8&namespaceId=public&pageNo=1 HTTP/1.1" 200 49 3 Nacos-Java-Client:v1.0.0
127.0.0.1 - - [19/Dec/2019:10:34:38 +0800] "POST /nacos/v1/cs/configs/listener HTTP/1.1" 200 - 29502 Java/1.8.0_91
192.168.2.111 - - [19/Dec/2019:10:34:40 +0800] "GET /nacos/v1/cs/health HTTP/1.1" 200 2 0 Apache-HttpAsyncClient/4.1.3 (Java/1.8.0_91)
127.0.0.1 - - [19/Dec/2019:10:34:43 +0800] "PUT /nacos/v1/ns/instance/beat?beat=%7B%22cluster%22%3A%22DEFAULT%22%2C%22ip%22%3A%22192.168.2.111%22%2C%22metadata%22%3A%7B%22preserved.register.source%22%3A%22SPRING_CLOUD%22%7D%2C%22port%22%3A8085%2C%22scheduled%22%3Atrue%2C%22serviceName%22%3A%22DEFAULT_GROUP%40%40service-gateway%22%2C%22weight%22%3A1.0%7D&serviceName=DEFAULT_GROUP%40%40service-gateway&encoding=UTF-8&namespaceId=public HTTP/1.1" 200 38 3 Nacos-Java-Client:v1.0.0
127.0.0.1 - - [19/Dec/2019:10:34:45 +0800] "GET /nacos/v1/ns/instance/list?healthyOnly=false&namespaceId=public&clientIP=192.168.2.111&serviceName=DEFAULT_GROUP%40%40service-gateway&udpPort=54714&encoding=UTF-8 HTTP/1.1" 200 580 3 Nacos-Java-Client:v1.0.0
192.168.2.111 - - [19/Dec/2019:10:34:45 +0800] "GET /nacos/v1/cs/health HTTP/1.1" 200 2 2 Apache-HttpAsyncClient/4.1.3 (Java/1.8.0_91)
127.0.0.1 - - [19/Dec/2019:10:34:46 +0800] "PUT /nacos/v1/ns/instance/beat?beat=%7B%22cluster%22%3A%22DEFAULT%22%2C%22ip%22%3A%22192.168.2.111%22%2C%22metadata%22%3A%7B%22preserved.register.source%22%3A%22SPRING_CLOUD%22%7D%2C%22port%22%3A8085%2C%22scheduled%22%3Atrue%2C%22serviceName%22%3A%22DEFAULT_GROUP%40%40service-gateway%22%2C%22weight%22%3A1.0%7D&serviceName=DEFAULT_GROUP%40%40service-gateway&encoding=UTF-8&namespaceId=public HTTP/1.1" 200 38 3 Nacos-Java-Client:v1.0.0
192.168.2.111 - - [19/Dec/2019:10:34:50 +0800] "GET /nacos/v1/cs/health HTTP/1.1" 200 2 3 Apache-HttpAsyncClient/4.1.3 (Java/1.8.0_91)
127.0.0.1 - - [19/Dec/2019:10:34:52 +0800] "PUT /nacos/v1/ns/instance/beat?beat=%7B%22cluster%22%3A%22DEFAULT%22%2C%22ip%22%3A%22192.168.2.111%22%2C%22metadata%22%3A%7B%22preserved.register.source%22%3A%22SPRING_CLOUD%22%7D%2C%22port%22%3A8085%2C%22scheduled%22%3Atrue%2C%22serviceName%22%3A%22DEFAULT_GROUP%40%40service-gateway%22%2C%22weight%22%3A1.0%7D&serviceName=DEFAULT_GROUP%40%40service-gateway&encoding=UTF-8&namespaceId=public HTTP/1.1" 200 38 1 Nacos-Java-Client:v1.0.0
192.168.2.111 - - [19/Dec/2019:10:34:55 +0800] "GET /nacos/v1/cs/health HTTP/1.1" 200 2 3 Apache-HttpAsyncClient/4.1.3 (Java/1.8.0_91)
127.0.0.1 - - [19/Dec/2019:10:34:56 +0800] "PUT /nacos/v1/ns/instance/beat?beat=%7B%22cluster%22%3A%22DEFAULT%22%2C%22ip%22%3A%22192.168.2.111%22%2C%22metadata%22%3A%7B%22preserved.register.source%22%3A%22SPRING_CLOUD%22%7D%2C%22port%22%3A8085%2C%22scheduled%22%3Atrue%2C%22serviceName%22%3A%22DEFAULT_GROUP%40%40service-gateway%22%2C%22weight%22%3A1.0%7D&serviceName=DEFAULT_GROUP%40%40service-gateway&encoding=UTF-8&namespaceId=public HTTP/1.1" 200 38 2 Nacos-Java-Client:v1.0.0
127.0.0.1 - - [19/Dec/2019:10:34:56 +0800] "GET /nacos/v1/ns/instance/list?healthyOnly=false&namespaceId=public&clientIP=192.168.2.111&serviceName=DEFAULT_GROUP%40%40service-gateway&udpPort=54714&encoding=UTF-8 HTTP/1.1" 200 580 4 Nacos-Java-Client:v1.0.0
192.168.2.111 - - [19/Dec/2019:10:35:00 +0800] "GET /nacos/v1/cs/health HTTP/1.1" 200 2 2 Apache-HttpAsyncClient/4.1.3 (Java/1.8.0_91)
127.0.0.1 - - [19/Dec/2019:10:35:03 +0800] "PUT /nacos/v1/ns/instance/beat?beat=%7B%22cluster%22%3A%22DEFAULT%22%2C%22ip%22%3A%22192.168.2.111%22%2C%22metadata%22%3A%7B%22preserved.register.source%22%3A%22SPRING_CLOUD%22%7D%2C%22port%22%3A8085%2C%22scheduled%22%3Atrue%2C%22serviceName%22%3A%22DEFAULT_GROUP%40%40service-gateway%22%2C%22weight%22%3A1.0%7D&serviceName=DEFAULT_GROUP%40%40service-gateway&encoding=UTF-8&namespaceId=public HTTP/1.1" 200 38 2 Nacos-Java-Client:v1.0.0
192.168.2.111 - - [19/Dec/2019:10:35:05 +0800] "GET /nacos/v1/cs/health HTTP/1.1" 200 2 2 Apache-HttpAsyncClient/4.1.3 (Java/1.8.0_91)
127.0.0.1 - - [19/Dec/2019:10:35:08 +0800] "PUT /nacos/v1/ns/instance/beat?beat=%7B%22cluster%22%3A%22DEFAULT%22%2C%22ip%22%3A%22192.168.2.111%22%2C%22metadata%22%3A%7B%22preserved.register.source%22%3A%22SPRING_CLOUD%22%7D%2C%22port%22%3A8085%2C%22scheduled%22%3Atrue%2C%22serviceName%22%3A%22DEFAULT_GROUP%40%40service-gateway%22%2C%22weight%22%3A1.0%7D&serviceName=DEFAULT_GROUP%40%40service-gateway&encoding=UTF-8&namespaceId=public HTTP/1.1" 200 38 3 Nacos-Java-Client:v1.0.0
127.0.0.1 - - [19/Dec/2019:10:35:08 +0800] "POST /nacos/v1/cs/configs/listener HTTP/1.1" 200 - 29502 Java/1.8.0_91
127.0.0.1 - - [19/Dec/2019:10:35:08 +0800] "GET /nacos/v1/ns/instance/list?healthyOnly=false&namespaceId=public&clientIP=192.168.2.111&serviceName=DEFAULT_GROUP%40%40service-gateway&udpPort=54714&encoding=UTF-8 HTTP/1.1" 200 580 2 Nacos-Java-Client:v1.0.0
127.0.0.1 - - [19/Dec/2019:10:35:09 +0800] "GET /nacos/v1/ns/service/list?pageSize=2147483647&groupName=DEFAULT_GROUP&encoding=UTF-8&namespaceId=public&pageNo=1 HTTP/1.1" 200 49 4 Nacos-Java-Client:v1.0.0
192.168.2.111 - - [19/Dec/2019:10:35:10 +0800] "GET /nacos/v1/cs/health HTTP/1.1" 200 2 3 Apache-HttpAsyncClient/4.1.3 (Java/1.8.0_91)
127.0.0.1 - - [19/Dec/2019:10:35:13 +0800] "PUT /nacos/v1/ns/instance/beat?beat=%7B%22cluster%22%3A%22DEFAULT%22%2C%22ip%22%3A%22192.168.2.111%22%2C%22metadata%22%3A%7B%22preserved.register.source%22%3A%22SPRING_CLOUD%22%7D%2C%22port%22%3A8085%2C%22scheduled%22%3Atrue%2C%22serviceName%22%3A%22DEFAULT_GROUP%40%40service-gateway%22%2C%22weight%22%3A1.0%7D&serviceName=DEFAULT_GROUP%40%40service-gateway&encoding=UTF-8&namespaceId=public HTTP/1.1" 200 38 1 Nacos-Java-Client:v1.0.0
192.168.2.111 - - [19/Dec/2019:10:35:15 +0800] "GET /nacos/v1/cs/health HTTP/1.1" 200 2 1 Apache-HttpAsyncClient/4.1.3 (Java/1.8.0_91)
127.0.0.1 - - [19/Dec/2019:10:35:18 +0800] "PUT /nacos/v1/ns/instance/beat?beat=%7B%22cluster%22%3A%22DEFAULT%22%2C%22ip%22%3A%22192.168.2.111%22%2C%22metadata%22%3A%7B%22preserved.register.source%22%3A%22SPRING_CLOUD%22%7D%2C%22port%22%3A8085%2C%22scheduled%22%3Atrue%2C%22serviceName%22%3A%22DEFAULT_GROUP%40%40service-gateway%22%2C%22weight%22%3A1.0%7D&serviceName=DEFAULT_GROUP%40%40service-gateway&encoding=UTF-8&namespaceId=public HTTP/1.1" 200 38 2 Nacos-Java-Client:v1.0.0
127.0.0.1 - - [19/Dec/2019:10:35:20 +0800] "GET /nacos/v1/ns/instance/list?healthyOnly=false&namespaceId=public&clientIP=192.168.2.111&serviceName=DEFAULT_GROUP%40%40service-gateway&udpPort=54714&encoding=UTF-8 HTTP/1.1" 200 580 1 Nacos-Java-Client:v1.0.0
192.168.2.111 - - [19/Dec/2019:10:35:20 +0800] "GET /nacos/v1/cs/health HTTP/1.1" 200 2 1 Apache-HttpAsyncClient/4.1.3 (Java/1.8.0_91)
127.0.0.1 - - [19/Dec/2019:10:35:21 +0800] "DELETE /nacos/v1/ns/instance?namespaceId=public&port=8085&clusterName=DEFAULT&ip=192.168.2.111&ephemeral=true&serviceName=DEFAULT_GROUP%40%40service-gateway&encoding=UTF-8 HTTP/1.1" 200 2 2 Nacos-Java-Client:v1.0.0
192.168.2.111 - - [19/Dec/2019:10:35:25 +0800] "GET /nacos/v1/cs/health HTTP/1.1" 200 2 1 Apache-HttpAsyncClient/4.1.3 (Java/1.8.0_91)
127.0.0.1 - - [19/Dec/2019:10:35:27 +0800] "GET /nacos/v1/cs/configs?dataId=common-log.yml&group=DEFAULT_GROUP HTTP/1.1" 200 113 2 Java/1.8.0_91
127.0.0.1 - - [19/Dec/2019:10:35:27 +0800] "GET /nacos/v1/cs/configs?dataId=service-gateway.yml&group=DEFAULT_GROUP HTTP/1.1" 404 23 1 Java/1.8.0_91
127.0.0.1 - - [19/Dec/2019:10:35:27 +0800] "GET /nacos/v1/cs/configs?dataId=service-gateway-dev.yml&group=DEFAULT_GROUP HTTP/1.1" 200 360 2 Java/1.8.0_91
127.0.0.1 - - [19/Dec/2019:10:35:29 +0800] "POST /nacos/v1/ns/instance?groupName=DEFAULT_GROUP&metadata=%7B%22preserved.register.source%22%3A%22SPRING_CLOUD%22%7D&namespaceId=public&port=8085&enable=true&healthy=true&clusterName=DEFAULT&ip=192.168.2.111&weight=1.0&ephemeral=true&serviceName=DEFAULT_GROUP%40%40service-gateway&encoding=UTF-8 HTTP/1.1" 200 2 1 Nacos-Java-Client:v1.0.0
127.0.0.1 - - [19/Dec/2019:10:35:29 +0800] "POST /nacos/v1/cs/configs/listener HTTP/1.1" 200 - 2 Java/1.8.0_91
192.168.2.111 - - [19/Dec/2019:10:35:30 +0800] "GET /nacos/v1/cs/health HTTP/1.1" 200 2 1 Apache-HttpAsyncClient/4.1.3 (Java/1.8.0_91)
127.0.0.1 - - [19/Dec/2019:10:35:31 +0800] "GET /nacos/v1/ns/service/list?pageSize=2147483647&groupName=DEFAULT_GROUP&encoding=UTF-8&namespaceId=public&pageNo=1 HTTP/1.1" 200 49 1 Nacos-Java-Client:v1.0.0
127.0.0.1 - - [19/Dec/2019:10:35:32 +0800] "GET /nacos/v1/ns/instance/list?healthyOnly=false&namespaceId=public&clientIP=192.168.2.111&serviceName=DEFAULT_GROUP%40%40service-gateway&udpPort=54268&encoding=UTF-8 HTTP/1.1" 200 580 1 Nacos-Java-Client:v1.0.0
127.0.0.1 - - [19/Dec/2019:10:35:33 +0800] "GET /nacos/v1/cs/configs?dataId=common-log.yml&group=DEFAULT_GROUP HTTP/1.1" 200 113 2 Java/1.8.0_91
127.0.0.1 - - [19/Dec/2019:10:35:33 +0800] "GET /nacos/v1/cs/configs?dataId=service-gateway.yml&group=DEFAULT_GROUP HTTP/1.1" 404 23 0 Java/1.8.0_91
127.0.0.1 - - [19/Dec/2019:10:35:33 +0800] "GET /nacos/v1/cs/configs?dataId=service-gateway-dev.yml&group=DEFAULT_GROUP HTTP/1.1" 200 360 1 Java/1.8.0_91
127.0.0.1 - - [19/Dec/2019:10:35:35 +0800] "GET /nacos/v1/ns/instance/list?healthyOnly=false&namespaceId=public&clientIP=192.168.2.111&serviceName=DEFAULT_GROUP%40%40service-gateway&udpPort=54268&encoding=UTF-8 HTTP/1.1" 200 580 1 Nacos-Java-Client:v1.0.0
192.168.2.111 - - [19/Dec/2019:10:35:35 +0800] "GET /nacos/v1/cs/health HTTP/1.1" 200 2 2 Apache-HttpAsyncClient/4.1.3 (Java/1.8.0_91)
127.0.0.1 - - [19/Dec/2019:10:35:36 +0800] "PUT /nacos/v1/ns/instance/beat?beat=%7B%22cluster%22%3A%22DEFAULT%22%2C%22ip%22%3A%22192.168.2.111%22%2C%22metadata%22%3A%7B%22preserved.register.source%22%3A%22SPRING_CLOUD%22%7D%2C%22port%22%3A8085%2C%22scheduled%22%3Atrue%2C%22serviceName%22%3A%22DEFAULT_GROUP%40%40service-gateway%22%2C%22weight%22%3A1.0%7D&serviceName=DEFAULT_GROUP%40%40service-gateway&encoding=UTF-8&namespaceId=public HTTP/1.1" 200 38 1 Nacos-Java-Client:v1.0.0
127.0.0.1 - - [19/Dec/2019:10:35:37 +0800] "GET /nacos/v1/cs/configs?dataId=common-log.yml&group=DEFAULT_GROUP HTTP/1.1" 200 113 1 Java/1.8.0_91
127.0.0.1 - - [19/Dec/2019:10:35:37 +0800] "GET /nacos/v1/cs/configs?dataId=service-gateway.yml&group=DEFAULT_GROUP HTTP/1.1" 404 23 2 Java/1.8.0_91
127.0.0.1 - - [19/Dec/2019:10:35:37 +0800] "GET /nacos/v1/cs/configs?dataId=service-gateway-dev.yml&group=DEFAULT_GROUP HTTP/1.1" 200 360 2 Java/1.8.0_91
127.0.0.1 - - [19/Dec/2019:10:35:37 +0800] "POST /nacos/v1/cs/configs/listener HTTP/1.1" 500 - 29501 Java/1.8.0_91
127.0.0.1 - - [19/Dec/2019:10:35:40 +0800] "PUT /nacos/v1/ns/instance/beat?beat=%7B%22cluster%22%3A%22DEFAULT%22%2C%22ip%22%3A%22192.168.2.111%22%2C%22metadata%22%3A%7B%22preserved.register.source%22%3A%22SPRING_CLOUD%22%7D%2C%22port%22%3A8085%2C%22scheduled%22%3Atrue%2C%22serviceName%22%3A%22DEFAULT_GROUP%40%40service-gateway%22%2C%22weight%22%3A1.0%7D&serviceName=DEFAULT_GROUP%40%40service-gateway&encoding=UTF-8&namespaceId=public HTTP/1.1" 200 38 2 Nacos-Java-Client:v1.0.0
192.168.2.111 - - [19/Dec/2019:10:35:40 +0800] "GET /nacos/v1/cs/health HTTP/1.1" 200 2 1 Apache-HttpAsyncClient/4.1.3 (Java/1.8.0_91)
127.0.0.1 - - [19/Dec/2019:10:35:43 +0800] "GET /nacos/v1/cs/configs?dataId=common-log.yml&group=DEFAULT_GROUP HTTP/1.1" 200 113 2 Java/1.8.0_91
127.0.0.1 - - [19/Dec/2019:10:35:43 +0800] "GET /nacos/v1/cs/configs?dataId=service-gateway.yml&group=DEFAULT_GROUP HTTP/1.1" 404 23 1 Java/1.8.0_91
127.0.0.1 - - [19/Dec/2019:10:35:43 +0800] "GET /nacos/v1/cs/configs?dataId=service-gateway-dev.yml&group=DEFAULT_GROUP HTTP/1.1" 200 360 1 Java/1.8.0_91
127.0.0.1 - - [19/Dec/2019:10:35:45 +0800] "PUT /nacos/v1/ns/instance/beat?beat=%7B%22cluster%22%3A%22DEFAULT%22%2C%22ip%22%3A%22192.168.2.111%22%2C%22metadata%22%3A%7B%22preserved.register.source%22%3A%22SPRING_CLOUD%22%7D%2C%22port%22%3A8085%2C%22scheduled%22%3Atrue%2C%22serviceName%22%3A%22DEFAULT_GROUP%40%40service-gateway%22%2C%22weight%22%3A1.0%7D&serviceName=DEFAULT_GROUP%40%40service-gateway&encoding=UTF-8&namespaceId=public HTTP/1.1" 200 38 1 Nacos-Java-Client:v1.0.0
192.168.2.111 - - [19/Dec/2019:10:35:45 +0800] "GET /nacos/v1/cs/health HTTP/1.1" 200 2 0 Apache-HttpAsyncClient/4.1.3 (Java/1.8.0_91)
127.0.0.1 - - [19/Dec/2019:10:35:47 +0800] "GET /nacos/v1/ns/instance/list?healthyOnly=false&namespaceId=public&clientIP=192.168.2.111&serviceName=DEFAULT_GROUP%40%40service-gateway&udpPort=54268&encoding=UTF-8 HTTP/1.1" 200 580 1 Nacos-Java-Client:v1.0.0
127.0.0.1 - - [19/Dec/2019:10:35:49 +0800] "DELETE /nacos/v1/ns/instance?namespaceId=public&port=8085&clusterName=DEFAULT&ip=192.168.2.111&ephemeral=true&serviceName=DEFAULT_GROUP%40%40service-gateway&encoding=UTF-8 HTTP/1.1" 200 2 1 Nacos-Java-Client:v1.0.0
192.168.2.111 - - [19/Dec/2019:10:35:50 +0800] "GET /nacos/v1/cs/health HTTP/1.1" 200 2 2 Apache-HttpAsyncClient/4.1.3 (Java/1.8.0_91)
127.0.0.1 - - [19/Dec/2019:10:35:51 +0800] "GET /nacos/v1/cs/configs?dataId=common-consumer.yml&group=DEFAULT_GROUP HTTP/1.1" 200 1944 2 Java/1.8.0_91
127.0.0.1 - - [19/Dec/2019:10:35:52 +0800] "GET /nacos/v1/cs/configs?dataId=common-log.yml&group=DEFAULT_GROUP HTTP/1.1" 200 113 1 Java/1.8.0_91
127.0.0.1 - - [19/Dec/2019:10:35:52 +0800] "GET /nacos/v1/cs/configs?dataId=service-gateway.yml&group=DEFAULT_GROUP HTTP/1.1" 404 23 1 Java/1.8.0_91
127.0.0.1 - - [19/Dec/2019:10:35:52 +0800] "GET /nacos/v1/cs/configs?dataId=service-gateway-dev.yml&group=DEFAULT_GROUP HTTP/1.1" 200 360 1 Java/1.8.0_91
127.0.0.1 - - [19/Dec/2019:10:35:53 +0800] "GET /nacos/v1/ns/service/list?pageSize=2147483647&groupName=DEFAULT_GROUP&encoding=UTF-8&namespaceId=public&pageNo=1 HTTP/1.1" 200 49 1 Nacos-Java-Client:v1.0.0
127.0.0.1 - - [19/Dec/2019:10:35:54 +0800] "GET /nacos/v1/ns/instance/list?healthyOnly=false&namespaceId=public&clientIP=192.168.2.111&serviceName=DEFAULT_GROUP%40%40service-gateway&udpPort=56782&encoding=UTF-8 HTTP/1.1" 200 257 1 Nacos-Java-Client:v1.0.0
127.0.0.1 - - [19/Dec/2019:10:35:55 +0800] "POST /nacos/v1/ns/instance?groupName=DEFAULT_GROUP&metadata=%7B%22preserved.register.source%22%3A%22SPRING_CLOUD%22%7D&namespaceId=public&port=8085&enable=true&healthy=true&clusterName=DEFAULT&ip=192.168.2.111&weight=1.0&ephemeral=true&serviceName=DEFAULT_GROUP%40%40service-gateway&encoding=UTF-8 HTTP/1.1" 200 2 2 Nacos-Java-Client:v1.0.0
127.0.0.1 - - [19/Dec/2019:10:35:55 +0800] "POST /nacos/v1/cs/configs/listener HTTP/1.1" 200 - 2 Java/1.8.0_91
127.0.0.1 - - [19/Dec/2019:10:35:55 +0800] "POST /nacos/v1/cs/configs/listener HTTP/1.1" 200 - 1 Java/1.8.0_91
192.168.2.111 - - [19/Dec/2019:10:35:55 +0800] "GET /nacos/v1/cs/health HTTP/1.1" 200 2 1 Apache-HttpAsyncClient/4.1.3 (Java/1.8.0_91)
127.0.0.1 - - [19/Dec/2019:10:35:56 +0800] "GET /nacos/v1/ns/instance/list?healthyOnly=false&namespaceId=public&clientIP=192.168.2.111&serviceName=DEFAULT_GROUP%40%40service-gateway&udpPort=56782&encoding=UTF-8 HTTP/1.1" 200 580 2 Nacos-Java-Client:v1.0.0
127.0.0.1 - - [19/Dec/2019:10:35:59 +0800] "PUT /nacos/v1/ns/instance/beat?beat=%7B%22cluster%22%3A%22DEFAULT%22%2C%22ip%22%3A%22192.168.2.111%22%2C%22metadata%22%3A%7B%22preserved.register.source%22%3A%22SPRING_CLOUD%22%7D%2C%22port%22%3A8085%2C%22scheduled%22%3Atrue%2C%22serviceName%22%3A%22DEFAULT_GROUP%40%40service-gateway%22%2C%22weight%22%3A1.0%7D&serviceName=DEFAULT_GROUP%40%40service-gateway&encoding=UTF-8&namespaceId=public HTTP/1.1" 200 38 2 Nacos-Java-Client:v1.0.0
127.0.0.1 - - [19/Dec/2019:10:36:00 +0800] "GET /nacos/v1/cs/configs?dataId=common-log.yml&group=DEFAULT_GROUP HTTP/1.1" 200 113 5 Java/1.8.0_91
127.0.0.1 - - [19/Dec/2019:10:36:00 +0800] "GET /nacos/v1/cs/configs?dataId=service-gateway.yml&group=DEFAULT_GROUP HTTP/1.1" 404 23 2 Java/1.8.0_91
127.0.0.1 - - [19/Dec/2019:10:36:00 +0800] "GET /nacos/v1/cs/configs?dataId=service-gateway-dev.yml&group=DEFAULT_GROUP HTTP/1.1" 200 360 2 Java/1.8.0_91
192.168.2.111 - - [19/Dec/2019:10:36:00 +0800] "GET /nacos/v1/cs/health HTTP/1.1" 200 2 1 Apache-HttpAsyncClient/4.1.3 (Java/1.8.0_91)
127.0.0.1 - - [19/Dec/2019:10:36:02 +0800] "GET /nacos/v1/cs/configs?dataId=common-consumer.yml&group=DEFAULT_GROUP HTTP/1.1" 200 1944 2 Java/1.8.0_91
127.0.0.1 - - [19/Dec/2019:10:36:02 +0800] "GET /nacos/v1/cs/configs?dataId=common-log.yml&group=DEFAULT_GROUP HTTP/1.1" 200 113 1 Java/1.8.0_91
127.0.0.1 - - [19/Dec/2019:10:36:02 +0800] "GET /nacos/v1/cs/configs?dataId=service-gateway.yml&group=DEFAULT_GROUP HTTP/1.1" 404 23 1 Java/1.8.0_91
127.0.0.1 - - [19/Dec/2019:10:36:02 +0800] "GET /nacos/v1/cs/configs?dataId=service-gateway-dev.yml&group=DEFAULT_GROUP HTTP/1.1" 200 360 1 Java/1.8.0_91
127.0.0.1 - - [19/Dec/2019:10:36:04 +0800] "PUT /nacos/v1/ns/instance/beat?beat=%7B%22cluster%22%3A%22DEFAULT%22%2C%22ip%22%3A%22192.168.2.111%22%2C%22metadata%22%3A%7B%22preserved.register.source%22%3A%22SPRING_CLOUD%22%7D%2C%22port%22%3A8085%2C%22scheduled%22%3Atrue%2C%22serviceName%22%3A%22DEFAULT_GROUP%40%40service-gateway%22%2C%22weight%22%3A1.0%7D&serviceName=DEFAULT_GROUP%40%40service-gateway&encoding=UTF-8&namespaceId=public HTTP/1.1" 200 38 2 Nacos-Java-Client:v1.0.0
127.0.0.1 - - [19/Dec/2019:10:36:05 +0800] "GET /nacos/v1/cs/configs?dataId=common-log.yml&group=DEFAULT_GROUP HTTP/1.1" 200 113 2 Java/1.8.0_91
127.0.0.1 - - [19/Dec/2019:10:36:05 +0800] "GET /nacos/v1/cs/configs?dataId=service-gateway.yml&group=DEFAULT_GROUP HTTP/1.1" 404 23 1 Java/1.8.0_91
127.0.0.1 - - [19/Dec/2019:10:36:05 +0800] "GET /nacos/v1/cs/configs?dataId=service-gateway-dev.yml&group=DEFAULT_GROUP HTTP/1.1" 200 360 1 Java/1.8.0_91
192.168.2.111 - - [19/Dec/2019:10:36:05 +0800] "GET /nacos/v1/cs/health HTTP/1.1" 200 2 0 Apache-HttpAsyncClient/4.1.3 (Java/1.8.0_91)
127.0.0.1 - - [19/Dec/2019:10:36:08 +0800] "GET /nacos/v1/ns/instance/list?healthyOnly=false&namespaceId=public&clientIP=192.168.2.111&serviceName=DEFAULT_GROUP%40%40service-gateway&udpPort=56782&encoding=UTF-8 HTTP/1.1" 200 580 1 Nacos-Java-Client:v1.0.0
127.0.0.1 - - [19/Dec/2019:10:36:09 +0800] "PUT /nacos/v1/ns/instance/beat?beat=%7B%22cluster%22%3A%22DEFAULT%22%2C%22ip%22%3A%22192.168.2.111%22%2C%22metadata%22%3A%7B%22preserved.register.source%22%3A%22SPRING_CLOUD%22%7D%2C%22port%22%3A8085%2C%22scheduled%22%3Atrue%2C%22serviceName%22%3A%22DEFAULT_GROUP%40%40service-gateway%22%2C%22weight%22%3A1.0%7D&serviceName=DEFAULT_GROUP%40%40service-gateway&encoding=UTF-8&namespaceId=public HTTP/1.1" 200 38 1 Nacos-Java-Client:v1.0.0
192.168.2.111 - - [19/Dec/2019:10:36:10 +0800] "GET /nacos/v1/cs/health HTTP/1.1" 200 2 2 Apache-HttpAsyncClient/4.1.3 (Java/1.8.0_91)
127.0.0.1 - - [19/Dec/2019:10:36:12 +0800] "POST /nacos/v1/cs/configs/listener HTTP/1.1" 500 - 29502 Java/1.8.0_91
127.0.0.1 - - [19/Dec/2019:10:36:14 +0800] "PUT /nacos/v1/ns/instance/beat?beat=%7B%22cluster%22%3A%22DEFAULT%22%2C%22ip%22%3A%22192.168.2.111%22%2C%22metadata%22%3A%7B%22preserved.register.source%22%3A%22SPRING_CLOUD%22%7D%2C%22port%22%3A8085%2C%22scheduled%22%3Atrue%2C%22serviceName%22%3A%22DEFAULT_GROUP%40%40service-gateway%22%2C%22weight%22%3A1.0%7D&serviceName=DEFAULT_GROUP%40%40service-gateway&encoding=UTF-8&namespaceId=public HTTP/1.1" 200 38 1 Nacos-Java-Client:v1.0.0
192.168.2.111 - - [19/Dec/2019:10:36:15 +0800] "GET /nacos/v1/cs/health HTTP/1.1" 200 2 1 Apache-HttpAsyncClient/4.1.3 (Java/1.8.0_91)
127.0.0.1 - - [19/Dec/2019:10:36:18 +0800] "GET /nacos/v1/ns/instance/list?healthyOnly=false&namespaceId=public&clientIP=192.168.2.111&serviceName=DEFAULT_GROUP%40%40service-gateway&udpPort=56782&encoding=UTF-8 HTTP/1.1" 200 580 2 Nacos-Java-Client:v1.0.0
127.0.0.1 - - [19/Dec/2019:10:36:19 +0800] "PUT /nacos/v1/ns/instance/beat?beat=%7B%22cluster%22%3A%22DEFAULT%22%2C%22ip%22%3A%22192.168.2.111%22%2C%22metadata%22%3A%7B%22preserved.register.source%22%3A%22SPRING_CLOUD%22%7D%2C%22port%22%3A8085%2C%22scheduled%22%3Atrue%2C%22serviceName%22%3A%22DEFAULT_GROUP%40%40service-gateway%22%2C%22weight%22%3A1.0%7D&serviceName=DEFAULT_GROUP%40%40service-gateway&encoding=UTF-8&namespaceId=public HTTP/1.1" 200 38 1 Nacos-Java-Client:v1.0.0
127.0.0.1 - - [19/Dec/2019:10:36:19 +0800] "DELETE /nacos/v1/ns/instance?namespaceId=public&port=8085&clusterName=DEFAULT&ip=192.168.2.111&ephemeral=true&serviceName=DEFAULT_GROUP%40%40service-gateway&encoding=UTF-8 HTTP/1.1" 200 2 1 Nacos-Java-Client:v1.0.0
192.168.2.111 - - [19/Dec/2019:10:36:20 +0800] "GET /nacos/v1/cs/health HTTP/1.1" 200 2 2 Apache-HttpAsyncClient/4.1.3 (Java/1.8.0_91)
127.0.0.1 - - [19/Dec/2019:10:36:24 +0800] "GET /nacos/v1/cs/configs?dataId=common-consumer.yml&group=DEFAULT_GROUP HTTP/1.1" 200 1944 1 Java/1.8.0_91
127.0.0.1 - - [19/Dec/2019:10:36:24 +0800] "GET /nacos/v1/cs/configs?dataId=common-log.yml&group=DEFAULT_GROUP HTTP/1.1" 200 113 2 Java/1.8.0_91
127.0.0.1 - - [19/Dec/2019:10:36:24 +0800] "GET /nacos/v1/cs/configs?dataId=service-gateway.yml&group=DEFAULT_GROUP HTTP/1.1" 404 23 1 Java/1.8.0_91
127.0.0.1 - - [19/Dec/2019:10:36:24 +0800] "GET /nacos/v1/cs/configs?dataId=service-gateway-dev.yml&group=DEFAULT_GROUP HTTP/1.1" 200 360 1 Java/1.8.0_91
192.168.2.111 - - [19/Dec/2019:10:36:25 +0800] "GET /nacos/v1/cs/health HTTP/1.1" 200 2 1 Apache-HttpAsyncClient/4.1.3 (Java/1.8.0_91)
127.0.0.1 - - [19/Dec/2019:10:36:28 +0800] "GET /nacos/v1/ns/service/list?pageSize=2147483647&groupName=DEFAULT_GROUP&encoding=UTF-8&namespaceId=public&pageNo=1 HTTP/1.1" 200 49 2 Nacos-Java-Client:v1.0.0
127.0.0.1 - - [19/Dec/2019:10:36:28 +0800] "GET /nacos/v1/ns/instance/list?healthyOnly=false&namespaceId=public&clientIP=192.168.2.111&serviceName=DEFAULT_GROUP%40%40service-gateway&udpPort=56145&encoding=UTF-8 HTTP/1.1" 200 257 0 Nacos-Java-Client:v1.0.0
127.0.0.1 - - [19/Dec/2019:10:36:30 +0800] "GET /nacos/v1/ns/instance/list?healthyOnly=false&namespaceId=public&clientIP=192.168.2.111&serviceName=DEFAULT_GROUP%40%40service-gateway&udpPort=56145&encoding=UTF-8 HTTP/1.1" 200 257 1 Nacos-Java-Client:v1.0.0
192.168.2.111 - - [19/Dec/2019:10:36:30 +0800] "GET /nacos/v1/cs/health HTTP/1.1" 200 2 2 Apache-HttpAsyncClient/4.1.3 (Java/1.8.0_91)
127.0.0.1 - - [19/Dec/2019:10:36:34 +0800] "POST /nacos/v1/cs/configs/listener HTTP/1.1" 500 - 29502 Java/1.8.0_91
192.168.2.111 - - [19/Dec/2019:10:36:35 +0800] "GET /nacos/v1/cs/health HTTP/1.1" 200 2 1 Apache-HttpAsyncClient/4.1.3 (Java/1.8.0_91)
192.168.2.111 - - [19/Dec/2019:10:36:40 +0800] "GET /nacos/v1/cs/health HTTP/1.1" 200 2 1 Apache-HttpAsyncClient/4.1.3 (Java/1.8.0_91)
127.0.0.1 - - [19/Dec/2019:10:36:42 +0800] "GET /nacos/v1/ns/instance/list?healthyOnly=false&namespaceId=public&clientIP=192.168.2.111&serviceName=DEFAULT_GROUP%40%40service-gateway&udpPort=56145&encoding=UTF-8 HTTP/1.1" 200 257 1 Nacos-Java-Client:v1.0.0
192.168.2.111 - - [19/Dec/2019:10:36:45 +0800] "GET /nacos/v1/cs/health HTTP/1.1" 200 2 1 Apache-HttpAsyncClient/4.1.3 (Java/1.8.0_91)
192.168.2.111 - - [19/Dec/2019:10:36:50 +0800] "GET /nacos/v1/cs/health HTTP/1.1" 200 2 2 Apache-HttpAsyncClient/4.1.3 (Java/1.8.0_91)
127.0.0.1 - - [19/Dec/2019:10:36:52 +0800] "GET /nacos/v1/ns/instance/list?healthyOnly=false&namespaceId=public&clientIP=192.168.2.111&serviceName=DEFAULT_GROUP%40%40service-gateway&udpPort=56145&encoding=UTF-8 HTTP/1.1" 200 257 1 Nacos-Java-Client:v1.0.0
192.168.2.111 - - [19/Dec/2019:10:36:55 +0800] "GET /nacos/v1/cs/health HTTP/1.1" 200 2 2 Apache-HttpAsyncClient/4.1.3 (Java/1.8.0_91)
127.0.0.1 - - [19/Dec/2019:10:37:00 +0800] "GET /nacos/v1/ns/service/list?pageSize=2147483647&groupName=DEFAULT_GROUP&encoding=UTF-8&namespaceId=public&pageNo=1 HTTP/1.1" 200 49 2 Nacos-Java-Client:v1.0.0
192.168.2.111 - - [19/Dec/2019:10:37:00 +0800] "GET /nacos/v1/cs/health HTTP/1.1" 200 2 1 Apache-HttpAsyncClient/4.1.3 (Java/1.8.0_91)
127.0.0.1 - - [19/Dec/2019:10:37:02 +0800] "GET /nacos/v1/ns/instance/list?healthyOnly=false&namespaceId=public&clientIP=192.168.2.111&serviceName=DEFAULT_GROUP%40%40service-gateway&udpPort=56145&encoding=UTF-8 HTTP/1.1" 200 257 1 Nacos-Java-Client:v1.0.0
192.168.2.111 - - [19/Dec/2019:10:37:05 +0800] "GET /nacos/v1/cs/health HTTP/1.1" 200 2 1 Apache-HttpAsyncClient/4.1.3 (Java/1.8.0_91)
192.168.2.111 - - [19/Dec/2019:10:37:10 +0800] "GET /nacos/v1/cs/health HTTP/1.1" 200 2 1 Apache-HttpAsyncClient/4.1.3 (Java/1.8.0_91)
0:0:0:0:0:0:0:1 - - [19/Dec/2019:10:37:12 +0800] "GET /nacos/v1/cs/configs?search=accurate&dataId=&group=&appName=&config_tags=&pageNo=1&pageSize=10&tenant=&namespaceId= HTTP/1.1" 200 2902 2 Mozilla/5.0 (Windows NT 10.0; Win64; x64) AppleWebKit/537.36 (KHTML, like Gecko) Chrome/77.0.3865.75 Safari/537.36
127.0.0.1 - - [19/Dec/2019:10:37:12 +0800] "GET /nacos/v1/ns/instance/list?healthyOnly=false&namespaceId=public&clientIP=192.168.2.111&serviceName=DEFAULT_GROUP%40%40service-gateway&udpPort=56145&encoding=UTF-8 HTTP/1.1" 200 257 2 Nacos-Java-Client:v1.0.0
192.168.2.111 - - [19/Dec/2019:10:37:15 +0800] "GET /nacos/v1/cs/health HTTP/1.1" 200 2 3 Apache-HttpAsyncClient/4.1.3 (Java/1.8.0_91)
192.168.2.111 - - [19/Dec/2019:10:37:20 +0800] "GET /nacos/v1/cs/health HTTP/1.1" 200 2 2 Apache-HttpAsyncClient/4.1.3 (Java/1.8.0_91)
127.0.0.1 - - [19/Dec/2019:10:37:22 +0800] "GET /nacos/v1/ns/instance/list?healthyOnly=false&namespaceId=public&clientIP=192.168.2.111&serviceName=DEFAULT_GROUP%40%40service-gateway&udpPort=56145&encoding=UTF-8 HTTP/1.1" 200 257 1 Nacos-Java-Client:v1.0.0
192.168.2.111 - - [19/Dec/2019:10:37:25 +0800] "GET /nacos/v1/cs/health HTTP/1.1" 200 2 1 Apache-HttpAsyncClient/4.1.3 (Java/1.8.0_91)
192.168.2.111 - - [19/Dec/2019:10:37:30 +0800] "GET /nacos/v1/cs/health HTTP/1.1" 200 2 1 Apache-HttpAsyncClient/4.1.3 (Java/1.8.0_91)
127.0.0.1 - - [19/Dec/2019:10:37:32 +0800] "GET /nacos/v1/ns/instance/list?healthyOnly=false&namespaceId=public&clientIP=192.168.2.111&serviceName=DEFAULT_GROUP%40%40service-gateway&udpPort=56145&encoding=UTF-8 HTTP/1.1" 200 257 1 Nacos-Java-Client:v1.0.0
127.0.0.1 - - [19/Dec/2019:10:37:32 +0800] "GET /nacos/v1/ns/service/list?pageSize=2147483647&groupName=DEFAULT_GROUP&encoding=UTF-8&namespaceId=public&pageNo=1 HTTP/1.1" 200 49 2 Nacos-Java-Client:v1.0.0
192.168.2.111 - - [19/Dec/2019:10:37:35 +0800] "GET /nacos/v1/cs/health HTTP/1.1" 200 2 1 Apache-HttpAsyncClient/4.1.3 (Java/1.8.0_91)
192.168.2.111 - - [19/Dec/2019:10:37:40 +0800] "GET /nacos/v1/cs/health HTTP/1.1" 200 2 2 Apache-HttpAsyncClient/4.1.3 (Java/1.8.0_91)
127.0.0.1 - - [19/Dec/2019:10:37:44 +0800] "GET /nacos/v1/ns/instance/list?healthyOnly=false&namespaceId=public&clientIP=192.168.2.111&serviceName=DEFAULT_GROUP%40%40service-gateway&udpPort=56145&encoding=UTF-8 HTTP/1.1" 200 257 1 Nacos-Java-Client:v1.0.0
192.168.2.111 - - [19/Dec/2019:10:37:45 +0800] "GET /nacos/v1/cs/health HTTP/1.1" 200 2 2 Apache-HttpAsyncClient/4.1.3 (Java/1.8.0_91)
192.168.2.111 - - [19/Dec/2019:10:37:50 +0800] "GET /nacos/v1/cs/health HTTP/1.1" 200 2 1 Apache-HttpAsyncClient/4.1.3 (Java/1.8.0_91)
192.168.2.111 - - [19/Dec/2019:10:37:55 +0800] "GET /nacos/v1/cs/health HTTP/1.1" 200 2 1 Apache-HttpAsyncClient/4.1.3 (Java/1.8.0_91)
127.0.0.1 - - [19/Dec/2019:10:37:56 +0800] "GET /nacos/v1/ns/instance/list?healthyOnly=false&namespaceId=public&clientIP=192.168.2.111&serviceName=DEFAULT_GROUP%40%40service-gateway&udpPort=56145&encoding=UTF-8 HTTP/1.1" 200 257 1 Nacos-Java-Client:v1.0.0
192.168.2.111 - - [19/Dec/2019:10:38:00 +0800] "GET /nacos/v1/cs/health HTTP/1.1" 200 2 1 Apache-HttpAsyncClient/4.1.3 (Java/1.8.0_91)
127.0.0.1 - - [19/Dec/2019:10:38:04 +0800] "GET /nacos/v1/ns/service/list?pageSize=2147483647&groupName=DEFAULT_GROUP&encoding=UTF-8&namespaceId=public&pageNo=1 HTTP/1.1" 200 49 1 Nacos-Java-Client:v1.0.0
192.168.2.111 - - [19/Dec/2019:10:38:05 +0800] "GET /nacos/v1/cs/health HTTP/1.1" 200 2 1 Apache-HttpAsyncClient/4.1.3 (Java/1.8.0_91)
127.0.0.1 - - [19/Dec/2019:10:38:07 +0800] "GET /nacos/v1/ns/instance/list?healthyOnly=false&namespaceId=public&clientIP=192.168.2.111&serviceName=DEFAULT_GROUP%40%40service-gateway&udpPort=56145&encoding=UTF-8 HTTP/1.1" 200 257 1 Nacos-Java-Client:v1.0.0
192.168.2.111 - - [19/Dec/2019:10:38:10 +0800] "GET /nacos/v1/cs/health HTTP/1.1" 200 2 1 Apache-HttpAsyncClient/4.1.3 (Java/1.8.0_91)
192.168.2.111 - - [19/Dec/2019:10:38:15 +0800] "GET /nacos/v1/cs/health HTTP/1.1" 200 2 1 Apache-HttpAsyncClient/4.1.3 (Java/1.8.0_91)
127.0.0.1 - - [19/Dec/2019:10:38:17 +0800] "GET /nacos/v1/ns/instance/list?healthyOnly=false&namespaceId=public&clientIP=192.168.2.111&serviceName=DEFAULT_GROUP%40%40service-gateway&udpPort=56145&encoding=UTF-8 HTTP/1.1" 200 257 3 Nacos-Java-Client:v1.0.0
192.168.2.111 - - [19/Dec/2019:10:38:20 +0800] "GET /nacos/v1/cs/health HTTP/1.1" 200 2 2 Apache-HttpAsyncClient/4.1.3 (Java/1.8.0_91)
192.168.2.111 - - [19/Dec/2019:10:38:25 +0800] "GET /nacos/v1/cs/health HTTP/1.1" 200 2 1 Apache-HttpAsyncClient/4.1.3 (Java/1.8.0_91)
127.0.0.1 - - [19/Dec/2019:10:38:27 +0800] "GET /nacos/v1/ns/instance/list?healthyOnly=false&namespaceId=public&clientIP=192.168.2.111&serviceName=DEFAULT_GROUP%40%40service-gateway&udpPort=56145&encoding=UTF-8 HTTP/1.1" 200 257 3 Nacos-Java-Client:v1.0.0
192.168.2.111 - - [19/Dec/2019:10:38:30 +0800] "GET /nacos/v1/cs/health HTTP/1.1" 200 2 1 Apache-HttpAsyncClient/4.1.3 (Java/1.8.0_91)
127.0.0.1 - - [19/Dec/2019:10:38:35 +0800] "GET /nacos/v1/ns/service/list?pageSize=2147483647&groupName=DEFAULT_GROUP&encoding=UTF-8&namespaceId=public&pageNo=1 HTTP/1.1" 200 49 2 Nacos-Java-Client:v1.0.0
192.168.2.111 - - [19/Dec/2019:10:38:35 +0800] "GET /nacos/v1/cs/health HTTP/1.1" 200 2 0 Apache-HttpAsyncClient/4.1.3 (Java/1.8.0_91)
127.0.0.1 - - [19/Dec/2019:10:38:39 +0800] "GET /nacos/v1/ns/instance/list?healthyOnly=false&namespaceId=public&clientIP=192.168.2.111&serviceName=DEFAULT_GROUP%40%40service-gateway&udpPort=56145&encoding=UTF-8 HTTP/1.1" 200 257 2 Nacos-Java-Client:v1.0.0
192.168.2.111 - - [19/Dec/2019:10:38:40 +0800] "GET /nacos/v1/cs/health HTTP/1.1" 200 2 0 Apache-HttpAsyncClient/4.1.3 (Java/1.8.0_91)
192.168.2.111 - - [19/Dec/2019:10:38:45 +0800] "GET /nacos/v1/cs/health HTTP/1.1" 200 2 2 Apache-HttpAsyncClient/4.1.3 (Java/1.8.0_91)
127.0.0.1 - - [19/Dec/2019:10:38:50 +0800] "GET /nacos/v1/ns/instance/list?healthyOnly=false&namespaceId=public&clientIP=192.168.2.111&serviceName=DEFAULT_GROUP%40%40service-gateway&udpPort=56145&encoding=UTF-8 HTTP/1.1" 200 257 3 Nacos-Java-Client:v1.0.0
192.168.2.111 - - [19/Dec/2019:10:38:50 +0800] "GET /nacos/v1/cs/health HTTP/1.1" 200 2 3 Apache-HttpAsyncClient/4.1.3 (Java/1.8.0_91)
192.168.2.111 - - [19/Dec/2019:10:38:55 +0800] "GET /nacos/v1/cs/health HTTP/1.1" 200 2 2 Apache-HttpAsyncClient/4.1.3 (Java/1.8.0_91)
192.168.2.111 - - [19/Dec/2019:10:39:00 +0800] "GET /nacos/v1/cs/health HTTP/1.1" 200 2 1 Apache-HttpAsyncClient/4.1.3 (Java/1.8.0_91)
127.0.0.1 - - [19/Dec/2019:10:39:02 +0800] "GET /nacos/v1/ns/instance/list?healthyOnly=false&namespaceId=public&clientIP=192.168.2.111&serviceName=DEFAULT_GROUP%40%40service-gateway&udpPort=56145&encoding=UTF-8 HTTP/1.1" 200 257 3 Nacos-Java-Client:v1.0.0
127.0.0.1 - - [19/Dec/2019:10:39:05 +0800] "GET /nacos/v1/ns/service/list?pageSize=2147483647&groupName=DEFAULT_GROUP&encoding=UTF-8&namespaceId=public&pageNo=1 HTTP/1.1" 200 49 2 Nacos-Java-Client:v1.0.0
192.168.2.111 - - [19/Dec/2019:10:39:05 +0800] "GET /nacos/v1/cs/health HTTP/1.1" 200 2 2 Apache-HttpAsyncClient/4.1.3 (Java/1.8.0_91)
192.168.2.111 - - [19/Dec/2019:10:39:10 +0800] "GET /nacos/v1/cs/health HTTP/1.1" 200 2 0 Apache-HttpAsyncClient/4.1.3 (Java/1.8.0_91)
127.0.0.1 - - [19/Dec/2019:10:39:12 +0800] "GET /nacos/v1/ns/instance/list?healthyOnly=false&namespaceId=public&clientIP=192.168.2.111&serviceName=DEFAULT_GROUP%40%40service-gateway&udpPort=56145&encoding=UTF-8 HTTP/1.1" 200 257 1 Nacos-Java-Client:v1.0.0
192.168.2.111 - - [19/Dec/2019:10:39:15 +0800] "GET /nacos/v1/cs/health HTTP/1.1" 200 2 1 Apache-HttpAsyncClient/4.1.3 (Java/1.8.0_91)
192.168.2.111 - - [19/Dec/2019:10:39:20 +0800] "GET /nacos/v1/cs/health HTTP/1.1" 200 2 5 Apache-HttpAsyncClient/4.1.3 (Java/1.8.0_91)
127.0.0.1 - - [19/Dec/2019:10:39:24 +0800] "GET /nacos/v1/ns/instance/list?healthyOnly=false&namespaceId=public&clientIP=192.168.2.111&serviceName=DEFAULT_GROUP%40%40service-gateway&udpPort=56145&encoding=UTF-8 HTTP/1.1" 200 257 4 Nacos-Java-Client:v1.0.0
192.168.2.111 - - [19/Dec/2019:10:39:25 +0800] "GET /nacos/v1/cs/health HTTP/1.1" 200 2 2 Apache-HttpAsyncClient/4.1.3 (Java/1.8.0_91)
192.168.2.111 - - [19/Dec/2019:10:39:30 +0800] "GET /nacos/v1/cs/health HTTP/1.1" 200 2 2 Apache-HttpAsyncClient/4.1.3 (Java/1.8.0_91)
127.0.0.1 - - [19/Dec/2019:10:39:34 +0800] "GET /nacos/v1/ns/instance/list?healthyOnly=false&namespaceId=public&clientIP=192.168.2.111&serviceName=DEFAULT_GROUP%40%40service-gateway&udpPort=56145&encoding=UTF-8 HTTP/1.1" 200 257 2 Nacos-Java-Client:v1.0.0
127.0.0.1 - - [19/Dec/2019:10:39:35 +0800] "GET /nacos/v1/ns/service/list?pageSize=2147483647&groupName=DEFAULT_GROUP&encoding=UTF-8&namespaceId=public&pageNo=1 HTTP/1.1" 200 49 3 Nacos-Java-Client:v1.0.0
192.168.2.111 - - [19/Dec/2019:10:39:35 +0800] "GET /nacos/v1/cs/health HTTP/1.1" 200 2 1 Apache-HttpAsyncClient/4.1.3 (Java/1.8.0_91)
192.168.2.111 - - [19/Dec/2019:10:39:40 +0800] "GET /nacos/v1/cs/health HTTP/1.1" 200 2 2 Apache-HttpAsyncClient/4.1.3 (Java/1.8.0_91)
127.0.0.1 - - [19/Dec/2019:10:39:45 +0800] "GET /nacos/v1/ns/instance/list?healthyOnly=false&namespaceId=public&clientIP=192.168.2.111&serviceName=DEFAULT_GROUP%40%40service-gateway&udpPort=56145&encoding=UTF-8 HTTP/1.1" 200 257 1 Nacos-Java-Client:v1.0.0
192.168.2.111 - - [19/Dec/2019:10:39:45 +0800] "GET /nacos/v1/cs/health HTTP/1.1" 200 2 2 Apache-HttpAsyncClient/4.1.3 (Java/1.8.0_91)
192.168.2.111 - - [19/Dec/2019:10:39:50 +0800] "GET /nacos/v1/cs/health HTTP/1.1" 200 2 2 Apache-HttpAsyncClient/4.1.3 (Java/1.8.0_91)
127.0.0.1 - - [19/Dec/2019:10:39:55 +0800] "GET /nacos/v1/ns/instance/list?healthyOnly=false&namespaceId=public&clientIP=192.168.2.111&serviceName=DEFAULT_GROUP%40%40service-gateway&udpPort=56145&encoding=UTF-8 HTTP/1.1" 200 257 4 Nacos-Java-Client:v1.0.0
192.168.2.111 - - [19/Dec/2019:10:39:55 +0800] "GET /nacos/v1/cs/health HTTP/1.1" 200 2 1 Apache-HttpAsyncClient/4.1.3 (Java/1.8.0_91)
192.168.2.111 - - [19/Dec/2019:10:40:00 +0800] "GET /nacos/v1/cs/health HTTP/1.1" 200 2 2 Apache-HttpAsyncClient/4.1.3 (Java/1.8.0_91)
127.0.0.1 - - [19/Dec/2019:10:40:05 +0800] "GET /nacos/v1/ns/service/list?pageSize=2147483647&groupName=DEFAULT_GROUP&encoding=UTF-8&namespaceId=public&pageNo=1 HTTP/1.1" 200 49 3 Nacos-Java-Client:v1.0.0
192.168.2.111 - - [19/Dec/2019:10:40:05 +0800] "GET /nacos/v1/cs/health HTTP/1.1" 200 2 1 Apache-HttpAsyncClient/4.1.3 (Java/1.8.0_91)
127.0.0.1 - - [19/Dec/2019:10:40:06 +0800] "GET /nacos/v1/ns/instance/list?healthyOnly=false&namespaceId=public&clientIP=192.168.2.111&serviceName=DEFAULT_GROUP%40%40service-gateway&udpPort=56145&encoding=UTF-8 HTTP/1.1" 200 257 2 Nacos-Java-Client:v1.0.0
192.168.2.111 - - [19/Dec/2019:10:40:10 +0800] "GET /nacos/v1/cs/health HTTP/1.1" 200 2 4 Apache-HttpAsyncClient/4.1.3 (Java/1.8.0_91)
192.168.2.111 - - [19/Dec/2019:10:40:15 +0800] "GET /nacos/v1/cs/health HTTP/1.1" 200 2 3 Apache-HttpAsyncClient/4.1.3 (Java/1.8.0_91)
127.0.0.1 - - [19/Dec/2019:10:40:16 +0800] "GET /nacos/v1/ns/instance/list?healthyOnly=false&namespaceId=public&clientIP=192.168.2.111&serviceName=DEFAULT_GROUP%40%40service-gateway&udpPort=56145&encoding=UTF-8 HTTP/1.1" 200 257 1 Nacos-Java-Client:v1.0.0
192.168.2.111 - - [19/Dec/2019:10:40:20 +0800] "GET /nacos/v1/cs/health HTTP/1.1" 200 2 5 Apache-HttpAsyncClient/4.1.3 (Java/1.8.0_91)
192.168.2.111 - - [19/Dec/2019:10:40:25 +0800] "GET /nacos/v1/cs/health HTTP/1.1" 200 2 1 Apache-HttpAsyncClient/4.1.3 (Java/1.8.0_91)
