127.0.0.1 - - [08/Dec/2019:20:43:34 +0800] "PUT /nacos/v1/ns/instance/beat?beat=%7B%22cluster%22%3A%22DEFAULT%22%2C%22ip%22%3A%22192.168.2.111%22%2C%22metadata%22%3A%7B%22preserved.register.source%22%3A%22SPRING_CLOUD%22%7D%2C%22port%22%3A8081%2C%22scheduled%22%3Atrue%2C%22serviceName%22%3A%22DEFAULT_GROUP%40%40auth%22%2C%22weight%22%3A1.0%7D&serviceName=DEFAULT_GROUP%40%40auth&encoding=UTF-8&namespaceId=public HTTP/1.1" 200 38 2 Nacos-Java-Client:v1.0.0
192.168.2.111 - - [08/Dec/2019:20:43:37 +0800] "GET /nacos/v1/cs/health HTTP/1.1" 200 2 3 Apache-HttpAsyncClient/4.1.3 (Java/1.8.0_91)
127.0.0.1 - - [08/Dec/2019:20:43:39 +0800] "PUT /nacos/v1/ns/instance/beat?beat=%7B%22cluster%22%3A%22DEFAULT%22%2C%22ip%22%3A%22192.168.2.111%22%2C%22metadata%22%3A%7B%22preserved.register.source%22%3A%22SPRING_CLOUD%22%7D%2C%22port%22%3A8081%2C%22scheduled%22%3Atrue%2C%22serviceName%22%3A%22DEFAULT_GROUP%40%40auth%22%2C%22weight%22%3A1.0%7D&serviceName=DEFAULT_GROUP%40%40auth&encoding=UTF-8&namespaceId=public HTTP/1.1" 200 38 2 Nacos-Java-Client:v1.0.0
192.168.2.111 - - [08/Dec/2019:20:43:42 +0800] "GET /nacos/v1/cs/health HTTP/1.1" 200 2 5 Apache-HttpAsyncClient/4.1.3 (Java/1.8.0_91)
127.0.0.1 - - [08/Dec/2019:20:43:44 +0800] "GET /nacos/v1/ns/instance/list?healthyOnly=false&namespaceId=public&clientIP=192.168.2.111&serviceName=DEFAULT_GROUP%40%40auth&udpPort=57490&encoding=UTF-8 HTTP/1.1" 200 536 3 Nacos-Java-Client:v1.0.0
127.0.0.1 - - [08/Dec/2019:20:43:44 +0800] "PUT /nacos/v1/ns/instance/beat?beat=%7B%22cluster%22%3A%22DEFAULT%22%2C%22ip%22%3A%22192.168.2.111%22%2C%22metadata%22%3A%7B%22preserved.register.source%22%3A%22SPRING_CLOUD%22%7D%2C%22port%22%3A8081%2C%22scheduled%22%3Atrue%2C%22serviceName%22%3A%22DEFAULT_GROUP%40%40auth%22%2C%22weight%22%3A1.0%7D&serviceName=DEFAULT_GROUP%40%40auth&encoding=UTF-8&namespaceId=public HTTP/1.1" 200 38 2 Nacos-Java-Client:v1.0.0
192.168.2.111 - - [08/Dec/2019:20:43:47 +0800] "GET /nacos/v1/cs/health HTTP/1.1" 200 2 2 Apache-HttpAsyncClient/4.1.3 (Java/1.8.0_91)
127.0.0.1 - - [08/Dec/2019:20:43:49 +0800] "PUT /nacos/v1/ns/instance/beat?beat=%7B%22cluster%22%3A%22DEFAULT%22%2C%22ip%22%3A%22192.168.2.111%22%2C%22metadata%22%3A%7B%22preserved.register.source%22%3A%22SPRING_CLOUD%22%7D%2C%22port%22%3A8081%2C%22scheduled%22%3Atrue%2C%22serviceName%22%3A%22DEFAULT_GROUP%40%40auth%22%2C%22weight%22%3A1.0%7D&serviceName=DEFAULT_GROUP%40%40auth&encoding=UTF-8&namespaceId=public HTTP/1.1" 200 38 2 Nacos-Java-Client:v1.0.0
192.168.2.111 - - [08/Dec/2019:20:43:52 +0800] "GET /nacos/v1/cs/health HTTP/1.1" 200 2 2 Apache-HttpAsyncClient/4.1.3 (Java/1.8.0_91)
127.0.0.1 - - [08/Dec/2019:20:43:54 +0800] "GET /nacos/v1/ns/instance/list?healthyOnly=false&namespaceId=public&clientIP=192.168.2.111&serviceName=DEFAULT_GROUP%40%40auth&udpPort=57490&encoding=UTF-8 HTTP/1.1" 200 536 3 Nacos-Java-Client:v1.0.0
127.0.0.1 - - [08/Dec/2019:20:43:54 +0800] "PUT /nacos/v1/ns/instance/beat?beat=%7B%22cluster%22%3A%22DEFAULT%22%2C%22ip%22%3A%22192.168.2.111%22%2C%22metadata%22%3A%7B%22preserved.register.source%22%3A%22SPRING_CLOUD%22%7D%2C%22port%22%3A8081%2C%22scheduled%22%3Atrue%2C%22serviceName%22%3A%22DEFAULT_GROUP%40%40auth%22%2C%22weight%22%3A1.0%7D&serviceName=DEFAULT_GROUP%40%40auth&encoding=UTF-8&namespaceId=public HTTP/1.1" 200 38 3 Nacos-Java-Client:v1.0.0
127.0.0.1 - - [08/Dec/2019:20:43:56 +0800] "GET /nacos/v1/ns/service/list?pageSize=2147483647&groupName=DEFAULT_GROUP&encoding=UTF-8&namespaceId=public&pageNo=1 HTTP/1.1" 200 38 3 Nacos-Java-Client:v1.0.0
192.168.2.111 - - [08/Dec/2019:20:43:57 +0800] "GET /nacos/v1/cs/health HTTP/1.1" 200 2 2 Apache-HttpAsyncClient/4.1.3 (Java/1.8.0_91)
127.0.0.1 - - [08/Dec/2019:20:43:59 +0800] "PUT /nacos/v1/ns/instance/beat?beat=%7B%22cluster%22%3A%22DEFAULT%22%2C%22ip%22%3A%22192.168.2.111%22%2C%22metadata%22%3A%7B%22preserved.register.source%22%3A%22SPRING_CLOUD%22%7D%2C%22port%22%3A8081%2C%22scheduled%22%3Atrue%2C%22serviceName%22%3A%22DEFAULT_GROUP%40%40auth%22%2C%22weight%22%3A1.0%7D&serviceName=DEFAULT_GROUP%40%40auth&encoding=UTF-8&namespaceId=public HTTP/1.1" 200 38 3 Nacos-Java-Client:v1.0.0
192.168.2.111 - - [08/Dec/2019:20:44:02 +0800] "GET /nacos/v1/cs/health HTTP/1.1" 200 2 3 Apache-HttpAsyncClient/4.1.3 (Java/1.8.0_91)
127.0.0.1 - - [08/Dec/2019:20:44:04 +0800] "GET /nacos/v1/ns/instance/list?healthyOnly=false&namespaceId=public&clientIP=192.168.2.111&serviceName=DEFAULT_GROUP%40%40auth&udpPort=57490&encoding=UTF-8 HTTP/1.1" 200 536 2 Nacos-Java-Client:v1.0.0
127.0.0.1 - - [08/Dec/2019:20:44:04 +0800] "PUT /nacos/v1/ns/instance/beat?beat=%7B%22cluster%22%3A%22DEFAULT%22%2C%22ip%22%3A%22192.168.2.111%22%2C%22metadata%22%3A%7B%22preserved.register.source%22%3A%22SPRING_CLOUD%22%7D%2C%22port%22%3A8081%2C%22scheduled%22%3Atrue%2C%22serviceName%22%3A%22DEFAULT_GROUP%40%40auth%22%2C%22weight%22%3A1.0%7D&serviceName=DEFAULT_GROUP%40%40auth&encoding=UTF-8&namespaceId=public HTTP/1.1" 200 38 3 Nacos-Java-Client:v1.0.0
192.168.2.111 - - [08/Dec/2019:20:44:07 +0800] "GET /nacos/v1/cs/health HTTP/1.1" 200 2 2 Apache-HttpAsyncClient/4.1.3 (Java/1.8.0_91)
127.0.0.1 - - [08/Dec/2019:20:44:09 +0800] "PUT /nacos/v1/ns/instance/beat?beat=%7B%22cluster%22%3A%22DEFAULT%22%2C%22ip%22%3A%22192.168.2.111%22%2C%22metadata%22%3A%7B%22preserved.register.source%22%3A%22SPRING_CLOUD%22%7D%2C%22port%22%3A8081%2C%22scheduled%22%3Atrue%2C%22serviceName%22%3A%22DEFAULT_GROUP%40%40auth%22%2C%22weight%22%3A1.0%7D&serviceName=DEFAULT_GROUP%40%40auth&encoding=UTF-8&namespaceId=public HTTP/1.1" 200 38 3 Nacos-Java-Client:v1.0.0
192.168.2.111 - - [08/Dec/2019:20:44:12 +0800] "GET /nacos/v1/cs/health HTTP/1.1" 200 2 2 Apache-HttpAsyncClient/4.1.3 (Java/1.8.0_91)
127.0.0.1 - - [08/Dec/2019:20:44:14 +0800] "GET /nacos/v1/ns/instance/list?healthyOnly=false&namespaceId=public&clientIP=192.168.2.111&serviceName=DEFAULT_GROUP%40%40auth&udpPort=57490&encoding=UTF-8 HTTP/1.1" 200 536 2 Nacos-Java-Client:v1.0.0
127.0.0.1 - - [08/Dec/2019:20:44:14 +0800] "PUT /nacos/v1/ns/instance/beat?beat=%7B%22cluster%22%3A%22DEFAULT%22%2C%22ip%22%3A%22192.168.2.111%22%2C%22metadata%22%3A%7B%22preserved.register.source%22%3A%22SPRING_CLOUD%22%7D%2C%22port%22%3A8081%2C%22scheduled%22%3Atrue%2C%22serviceName%22%3A%22DEFAULT_GROUP%40%40auth%22%2C%22weight%22%3A1.0%7D&serviceName=DEFAULT_GROUP%40%40auth&encoding=UTF-8&namespaceId=public HTTP/1.1" 200 38 2 Nacos-Java-Client:v1.0.0
192.168.2.111 - - [08/Dec/2019:20:44:17 +0800] "GET /nacos/v1/cs/health HTTP/1.1" 200 2 2 Apache-HttpAsyncClient/4.1.3 (Java/1.8.0_91)
127.0.0.1 - - [08/Dec/2019:20:44:19 +0800] "PUT /nacos/v1/ns/instance/beat?beat=%7B%22cluster%22%3A%22DEFAULT%22%2C%22ip%22%3A%22192.168.2.111%22%2C%22metadata%22%3A%7B%22preserved.register.source%22%3A%22SPRING_CLOUD%22%7D%2C%22port%22%3A8081%2C%22scheduled%22%3Atrue%2C%22serviceName%22%3A%22DEFAULT_GROUP%40%40auth%22%2C%22weight%22%3A1.0%7D&serviceName=DEFAULT_GROUP%40%40auth&encoding=UTF-8&namespaceId=public HTTP/1.1" 200 38 4 Nacos-Java-Client:v1.0.0
192.168.2.111 - - [08/Dec/2019:20:44:22 +0800] "GET /nacos/v1/cs/health HTTP/1.1" 200 2 1 Apache-HttpAsyncClient/4.1.3 (Java/1.8.0_91)
127.0.0.1 - - [08/Dec/2019:20:44:24 +0800] "GET /nacos/v1/ns/instance/list?healthyOnly=false&namespaceId=public&clientIP=192.168.2.111&serviceName=DEFAULT_GROUP%40%40auth&udpPort=57490&encoding=UTF-8 HTTP/1.1" 200 536 3 Nacos-Java-Client:v1.0.0
127.0.0.1 - - [08/Dec/2019:20:44:24 +0800] "PUT /nacos/v1/ns/instance/beat?beat=%7B%22cluster%22%3A%22DEFAULT%22%2C%22ip%22%3A%22192.168.2.111%22%2C%22metadata%22%3A%7B%22preserved.register.source%22%3A%22SPRING_CLOUD%22%7D%2C%22port%22%3A8081%2C%22scheduled%22%3Atrue%2C%22serviceName%22%3A%22DEFAULT_GROUP%40%40auth%22%2C%22weight%22%3A1.0%7D&serviceName=DEFAULT_GROUP%40%40auth&encoding=UTF-8&namespaceId=public HTTP/1.1" 200 38 4 Nacos-Java-Client:v1.0.0
127.0.0.1 - - [08/Dec/2019:20:44:26 +0800] "GET /nacos/v1/ns/service/list?pageSize=2147483647&groupName=DEFAULT_GROUP&encoding=UTF-8&namespaceId=public&pageNo=1 HTTP/1.1" 200 38 2 Nacos-Java-Client:v1.0.0
192.168.2.111 - - [08/Dec/2019:20:44:27 +0800] "GET /nacos/v1/cs/health HTTP/1.1" 200 2 3 Apache-HttpAsyncClient/4.1.3 (Java/1.8.0_91)
127.0.0.1 - - [08/Dec/2019:20:44:29 +0800] "PUT /nacos/v1/ns/instance/beat?beat=%7B%22cluster%22%3A%22DEFAULT%22%2C%22ip%22%3A%22192.168.2.111%22%2C%22metadata%22%3A%7B%22preserved.register.source%22%3A%22SPRING_CLOUD%22%7D%2C%22port%22%3A8081%2C%22scheduled%22%3Atrue%2C%22serviceName%22%3A%22DEFAULT_GROUP%40%40auth%22%2C%22weight%22%3A1.0%7D&serviceName=DEFAULT_GROUP%40%40auth&encoding=UTF-8&namespaceId=public HTTP/1.1" 200 38 2 Nacos-Java-Client:v1.0.0
192.168.2.111 - - [08/Dec/2019:20:44:32 +0800] "GET /nacos/v1/cs/health HTTP/1.1" 200 2 2 Apache-HttpAsyncClient/4.1.3 (Java/1.8.0_91)
127.0.0.1 - - [08/Dec/2019:20:44:34 +0800] "GET /nacos/v1/ns/instance/list?healthyOnly=false&namespaceId=public&clientIP=192.168.2.111&serviceName=DEFAULT_GROUP%40%40auth&udpPort=57490&encoding=UTF-8 HTTP/1.1" 200 536 4 Nacos-Java-Client:v1.0.0
127.0.0.1 - - [08/Dec/2019:20:44:34 +0800] "PUT /nacos/v1/ns/instance/beat?beat=%7B%22cluster%22%3A%22DEFAULT%22%2C%22ip%22%3A%22192.168.2.111%22%2C%22metadata%22%3A%7B%22preserved.register.source%22%3A%22SPRING_CLOUD%22%7D%2C%22port%22%3A8081%2C%22scheduled%22%3Atrue%2C%22serviceName%22%3A%22DEFAULT_GROUP%40%40auth%22%2C%22weight%22%3A1.0%7D&serviceName=DEFAULT_GROUP%40%40auth&encoding=UTF-8&namespaceId=public HTTP/1.1" 200 38 4 Nacos-Java-Client:v1.0.0
192.168.2.111 - - [08/Dec/2019:20:44:37 +0800] "GET /nacos/v1/cs/health HTTP/1.1" 200 2 3 Apache-HttpAsyncClient/4.1.3 (Java/1.8.0_91)
127.0.0.1 - - [08/Dec/2019:20:44:39 +0800] "PUT /nacos/v1/ns/instance/beat?beat=%7B%22cluster%22%3A%22DEFAULT%22%2C%22ip%22%3A%22192.168.2.111%22%2C%22metadata%22%3A%7B%22preserved.register.source%22%3A%22SPRING_CLOUD%22%7D%2C%22port%22%3A8081%2C%22scheduled%22%3Atrue%2C%22serviceName%22%3A%22DEFAULT_GROUP%40%40auth%22%2C%22weight%22%3A1.0%7D&serviceName=DEFAULT_GROUP%40%40auth&encoding=UTF-8&namespaceId=public HTTP/1.1" 200 38 4 Nacos-Java-Client:v1.0.0
192.168.2.111 - - [08/Dec/2019:20:44:42 +0800] "GET /nacos/v1/cs/health HTTP/1.1" 200 2 2 Apache-HttpAsyncClient/4.1.3 (Java/1.8.0_91)
127.0.0.1 - - [08/Dec/2019:20:44:44 +0800] "GET /nacos/v1/ns/instance/list?healthyOnly=false&namespaceId=public&clientIP=192.168.2.111&serviceName=DEFAULT_GROUP%40%40auth&udpPort=57490&encoding=UTF-8 HTTP/1.1" 200 536 5 Nacos-Java-Client:v1.0.0
127.0.0.1 - - [08/Dec/2019:20:44:44 +0800] "PUT /nacos/v1/ns/instance/beat?beat=%7B%22cluster%22%3A%22DEFAULT%22%2C%22ip%22%3A%22192.168.2.111%22%2C%22metadata%22%3A%7B%22preserved.register.source%22%3A%22SPRING_CLOUD%22%7D%2C%22port%22%3A8081%2C%22scheduled%22%3Atrue%2C%22serviceName%22%3A%22DEFAULT_GROUP%40%40auth%22%2C%22weight%22%3A1.0%7D&serviceName=DEFAULT_GROUP%40%40auth&encoding=UTF-8&namespaceId=public HTTP/1.1" 200 38 2 Nacos-Java-Client:v1.0.0
192.168.2.111 - - [08/Dec/2019:20:44:47 +0800] "GET /nacos/v1/cs/health HTTP/1.1" 200 2 3 Apache-HttpAsyncClient/4.1.3 (Java/1.8.0_91)
127.0.0.1 - - [08/Dec/2019:20:44:49 +0800] "PUT /nacos/v1/ns/instance/beat?beat=%7B%22cluster%22%3A%22DEFAULT%22%2C%22ip%22%3A%22192.168.2.111%22%2C%22metadata%22%3A%7B%22preserved.register.source%22%3A%22SPRING_CLOUD%22%7D%2C%22port%22%3A8081%2C%22scheduled%22%3Atrue%2C%22serviceName%22%3A%22DEFAULT_GROUP%40%40auth%22%2C%22weight%22%3A1.0%7D&serviceName=DEFAULT_GROUP%40%40auth&encoding=UTF-8&namespaceId=public HTTP/1.1" 200 38 3 Nacos-Java-Client:v1.0.0
192.168.2.111 - - [08/Dec/2019:20:44:52 +0800] "GET /nacos/v1/cs/health HTTP/1.1" 200 2 3 Apache-HttpAsyncClient/4.1.3 (Java/1.8.0_91)
127.0.0.1 - - [08/Dec/2019:20:44:54 +0800] "GET /nacos/v1/ns/instance/list?healthyOnly=false&namespaceId=public&clientIP=192.168.2.111&serviceName=DEFAULT_GROUP%40%40auth&udpPort=57490&encoding=UTF-8 HTTP/1.1" 200 536 4 Nacos-Java-Client:v1.0.0
127.0.0.1 - - [08/Dec/2019:20:44:54 +0800] "PUT /nacos/v1/ns/instance/beat?beat=%7B%22cluster%22%3A%22DEFAULT%22%2C%22ip%22%3A%22192.168.2.111%22%2C%22metadata%22%3A%7B%22preserved.register.source%22%3A%22SPRING_CLOUD%22%7D%2C%22port%22%3A8081%2C%22scheduled%22%3Atrue%2C%22serviceName%22%3A%22DEFAULT_GROUP%40%40auth%22%2C%22weight%22%3A1.0%7D&serviceName=DEFAULT_GROUP%40%40auth&encoding=UTF-8&namespaceId=public HTTP/1.1" 200 38 3 Nacos-Java-Client:v1.0.0
127.0.0.1 - - [08/Dec/2019:20:44:56 +0800] "GET /nacos/v1/ns/service/list?pageSize=2147483647&groupName=DEFAULT_GROUP&encoding=UTF-8&namespaceId=public&pageNo=1 HTTP/1.1" 200 38 4 Nacos-Java-Client:v1.0.0
192.168.2.111 - - [08/Dec/2019:20:44:57 +0800] "GET /nacos/v1/cs/health HTTP/1.1" 200 2 4 Apache-HttpAsyncClient/4.1.3 (Java/1.8.0_91)
127.0.0.1 - - [08/Dec/2019:20:44:59 +0800] "PUT /nacos/v1/ns/instance/beat?beat=%7B%22cluster%22%3A%22DEFAULT%22%2C%22ip%22%3A%22192.168.2.111%22%2C%22metadata%22%3A%7B%22preserved.register.source%22%3A%22SPRING_CLOUD%22%7D%2C%22port%22%3A8081%2C%22scheduled%22%3Atrue%2C%22serviceName%22%3A%22DEFAULT_GROUP%40%40auth%22%2C%22weight%22%3A1.0%7D&serviceName=DEFAULT_GROUP%40%40auth&encoding=UTF-8&namespaceId=public HTTP/1.1" 200 38 2 Nacos-Java-Client:v1.0.0
192.168.2.111 - - [08/Dec/2019:20:45:02 +0800] "GET /nacos/v1/cs/health HTTP/1.1" 200 2 2 Apache-HttpAsyncClient/4.1.3 (Java/1.8.0_91)
127.0.0.1 - - [08/Dec/2019:20:45:04 +0800] "GET /nacos/v1/ns/instance/list?healthyOnly=false&namespaceId=public&clientIP=192.168.2.111&serviceName=DEFAULT_GROUP%40%40auth&udpPort=57490&encoding=UTF-8 HTTP/1.1" 200 536 2 Nacos-Java-Client:v1.0.0
127.0.0.1 - - [08/Dec/2019:20:45:04 +0800] "PUT /nacos/v1/ns/instance/beat?beat=%7B%22cluster%22%3A%22DEFAULT%22%2C%22ip%22%3A%22192.168.2.111%22%2C%22metadata%22%3A%7B%22preserved.register.source%22%3A%22SPRING_CLOUD%22%7D%2C%22port%22%3A8081%2C%22scheduled%22%3Atrue%2C%22serviceName%22%3A%22DEFAULT_GROUP%40%40auth%22%2C%22weight%22%3A1.0%7D&serviceName=DEFAULT_GROUP%40%40auth&encoding=UTF-8&namespaceId=public HTTP/1.1" 200 38 3 Nacos-Java-Client:v1.0.0
192.168.2.111 - - [08/Dec/2019:20:45:07 +0800] "GET /nacos/v1/cs/health HTTP/1.1" 200 2 1 Apache-HttpAsyncClient/4.1.3 (Java/1.8.0_91)
127.0.0.1 - - [08/Dec/2019:20:45:09 +0800] "PUT /nacos/v1/ns/instance/beat?beat=%7B%22cluster%22%3A%22DEFAULT%22%2C%22ip%22%3A%22192.168.2.111%22%2C%22metadata%22%3A%7B%22preserved.register.source%22%3A%22SPRING_CLOUD%22%7D%2C%22port%22%3A8081%2C%22scheduled%22%3Atrue%2C%22serviceName%22%3A%22DEFAULT_GROUP%40%40auth%22%2C%22weight%22%3A1.0%7D&serviceName=DEFAULT_GROUP%40%40auth&encoding=UTF-8&namespaceId=public HTTP/1.1" 200 38 3 Nacos-Java-Client:v1.0.0
192.168.2.111 - - [08/Dec/2019:20:45:12 +0800] "GET /nacos/v1/cs/health HTTP/1.1" 200 2 2 Apache-HttpAsyncClient/4.1.3 (Java/1.8.0_91)
127.0.0.1 - - [08/Dec/2019:20:45:14 +0800] "GET /nacos/v1/ns/instance/list?healthyOnly=false&namespaceId=public&clientIP=192.168.2.111&serviceName=DEFAULT_GROUP%40%40auth&udpPort=57490&encoding=UTF-8 HTTP/1.1" 200 536 2 Nacos-Java-Client:v1.0.0
127.0.0.1 - - [08/Dec/2019:20:45:14 +0800] "PUT /nacos/v1/ns/instance/beat?beat=%7B%22cluster%22%3A%22DEFAULT%22%2C%22ip%22%3A%22192.168.2.111%22%2C%22metadata%22%3A%7B%22preserved.register.source%22%3A%22SPRING_CLOUD%22%7D%2C%22port%22%3A8081%2C%22scheduled%22%3Atrue%2C%22serviceName%22%3A%22DEFAULT_GROUP%40%40auth%22%2C%22weight%22%3A1.0%7D&serviceName=DEFAULT_GROUP%40%40auth&encoding=UTF-8&namespaceId=public HTTP/1.1" 200 38 2 Nacos-Java-Client:v1.0.0
192.168.2.111 - - [08/Dec/2019:20:45:17 +0800] "GET /nacos/v1/cs/health HTTP/1.1" 200 2 2 Apache-HttpAsyncClient/4.1.3 (Java/1.8.0_91)
127.0.0.1 - - [08/Dec/2019:20:45:19 +0800] "PUT /nacos/v1/ns/instance/beat?beat=%7B%22cluster%22%3A%22DEFAULT%22%2C%22ip%22%3A%22192.168.2.111%22%2C%22metadata%22%3A%7B%22preserved.register.source%22%3A%22SPRING_CLOUD%22%7D%2C%22port%22%3A8081%2C%22scheduled%22%3Atrue%2C%22serviceName%22%3A%22DEFAULT_GROUP%40%40auth%22%2C%22weight%22%3A1.0%7D&serviceName=DEFAULT_GROUP%40%40auth&encoding=UTF-8&namespaceId=public HTTP/1.1" 200 38 3 Nacos-Java-Client:v1.0.0
192.168.2.111 - - [08/Dec/2019:20:45:22 +0800] "GET /nacos/v1/cs/health HTTP/1.1" 200 2 2 Apache-HttpAsyncClient/4.1.3 (Java/1.8.0_91)
127.0.0.1 - - [08/Dec/2019:20:45:24 +0800] "GET /nacos/v1/ns/instance/list?healthyOnly=false&namespaceId=public&clientIP=192.168.2.111&serviceName=DEFAULT_GROUP%40%40auth&udpPort=57490&encoding=UTF-8 HTTP/1.1" 200 536 2 Nacos-Java-Client:v1.0.0
127.0.0.1 - - [08/Dec/2019:20:45:24 +0800] "PUT /nacos/v1/ns/instance/beat?beat=%7B%22cluster%22%3A%22DEFAULT%22%2C%22ip%22%3A%22192.168.2.111%22%2C%22metadata%22%3A%7B%22preserved.register.source%22%3A%22SPRING_CLOUD%22%7D%2C%22port%22%3A8081%2C%22scheduled%22%3Atrue%2C%22serviceName%22%3A%22DEFAULT_GROUP%40%40auth%22%2C%22weight%22%3A1.0%7D&serviceName=DEFAULT_GROUP%40%40auth&encoding=UTF-8&namespaceId=public HTTP/1.1" 200 38 3 Nacos-Java-Client:v1.0.0
127.0.0.1 - - [08/Dec/2019:20:45:26 +0800] "GET /nacos/v1/ns/service/list?pageSize=2147483647&groupName=DEFAULT_GROUP&encoding=UTF-8&namespaceId=public&pageNo=1 HTTP/1.1" 200 38 3 Nacos-Java-Client:v1.0.0
192.168.2.111 - - [08/Dec/2019:20:45:27 +0800] "GET /nacos/v1/cs/health HTTP/1.1" 200 2 3 Apache-HttpAsyncClient/4.1.3 (Java/1.8.0_91)
127.0.0.1 - - [08/Dec/2019:20:45:29 +0800] "PUT /nacos/v1/ns/instance/beat?beat=%7B%22cluster%22%3A%22DEFAULT%22%2C%22ip%22%3A%22192.168.2.111%22%2C%22metadata%22%3A%7B%22preserved.register.source%22%3A%22SPRING_CLOUD%22%7D%2C%22port%22%3A8081%2C%22scheduled%22%3Atrue%2C%22serviceName%22%3A%22DEFAULT_GROUP%40%40auth%22%2C%22weight%22%3A1.0%7D&serviceName=DEFAULT_GROUP%40%40auth&encoding=UTF-8&namespaceId=public HTTP/1.1" 200 38 2 Nacos-Java-Client:v1.0.0
192.168.2.111 - - [08/Dec/2019:20:45:32 +0800] "GET /nacos/v1/cs/health HTTP/1.1" 200 2 2 Apache-HttpAsyncClient/4.1.3 (Java/1.8.0_91)
127.0.0.1 - - [08/Dec/2019:20:45:34 +0800] "GET /nacos/v1/ns/instance/list?healthyOnly=false&namespaceId=public&clientIP=192.168.2.111&serviceName=DEFAULT_GROUP%40%40auth&udpPort=57490&encoding=UTF-8 HTTP/1.1" 200 536 2 Nacos-Java-Client:v1.0.0
127.0.0.1 - - [08/Dec/2019:20:45:34 +0800] "PUT /nacos/v1/ns/instance/beat?beat=%7B%22cluster%22%3A%22DEFAULT%22%2C%22ip%22%3A%22192.168.2.111%22%2C%22metadata%22%3A%7B%22preserved.register.source%22%3A%22SPRING_CLOUD%22%7D%2C%22port%22%3A8081%2C%22scheduled%22%3Atrue%2C%22serviceName%22%3A%22DEFAULT_GROUP%40%40auth%22%2C%22weight%22%3A1.0%7D&serviceName=DEFAULT_GROUP%40%40auth&encoding=UTF-8&namespaceId=public HTTP/1.1" 200 38 3 Nacos-Java-Client:v1.0.0
192.168.2.111 - - [08/Dec/2019:20:45:37 +0800] "GET /nacos/v1/cs/health HTTP/1.1" 200 2 1 Apache-HttpAsyncClient/4.1.3 (Java/1.8.0_91)
127.0.0.1 - - [08/Dec/2019:20:45:39 +0800] "PUT /nacos/v1/ns/instance/beat?beat=%7B%22cluster%22%3A%22DEFAULT%22%2C%22ip%22%3A%22192.168.2.111%22%2C%22metadata%22%3A%7B%22preserved.register.source%22%3A%22SPRING_CLOUD%22%7D%2C%22port%22%3A8081%2C%22scheduled%22%3Atrue%2C%22serviceName%22%3A%22DEFAULT_GROUP%40%40auth%22%2C%22weight%22%3A1.0%7D&serviceName=DEFAULT_GROUP%40%40auth&encoding=UTF-8&namespaceId=public HTTP/1.1" 200 38 2 Nacos-Java-Client:v1.0.0
192.168.2.111 - - [08/Dec/2019:20:45:42 +0800] "GET /nacos/v1/cs/health HTTP/1.1" 200 2 2 Apache-HttpAsyncClient/4.1.3 (Java/1.8.0_91)
127.0.0.1 - - [08/Dec/2019:20:45:44 +0800] "GET /nacos/v1/ns/instance/list?healthyOnly=false&namespaceId=public&clientIP=192.168.2.111&serviceName=DEFAULT_GROUP%40%40auth&udpPort=57490&encoding=UTF-8 HTTP/1.1" 200 536 2 Nacos-Java-Client:v1.0.0
127.0.0.1 - - [08/Dec/2019:20:45:44 +0800] "PUT /nacos/v1/ns/instance/beat?beat=%7B%22cluster%22%3A%22DEFAULT%22%2C%22ip%22%3A%22192.168.2.111%22%2C%22metadata%22%3A%7B%22preserved.register.source%22%3A%22SPRING_CLOUD%22%7D%2C%22port%22%3A8081%2C%22scheduled%22%3Atrue%2C%22serviceName%22%3A%22DEFAULT_GROUP%40%40auth%22%2C%22weight%22%3A1.0%7D&serviceName=DEFAULT_GROUP%40%40auth&encoding=UTF-8&namespaceId=public HTTP/1.1" 200 38 2 Nacos-Java-Client:v1.0.0
192.168.2.111 - - [08/Dec/2019:20:45:47 +0800] "GET /nacos/v1/cs/health HTTP/1.1" 200 2 2 Apache-HttpAsyncClient/4.1.3 (Java/1.8.0_91)
127.0.0.1 - - [08/Dec/2019:20:45:49 +0800] "PUT /nacos/v1/ns/instance/beat?beat=%7B%22cluster%22%3A%22DEFAULT%22%2C%22ip%22%3A%22192.168.2.111%22%2C%22metadata%22%3A%7B%22preserved.register.source%22%3A%22SPRING_CLOUD%22%7D%2C%22port%22%3A8081%2C%22scheduled%22%3Atrue%2C%22serviceName%22%3A%22DEFAULT_GROUP%40%40auth%22%2C%22weight%22%3A1.0%7D&serviceName=DEFAULT_GROUP%40%40auth&encoding=UTF-8&namespaceId=public HTTP/1.1" 200 38 2 Nacos-Java-Client:v1.0.0
192.168.2.111 - - [08/Dec/2019:20:45:52 +0800] "GET /nacos/v1/cs/health HTTP/1.1" 200 2 3 Apache-HttpAsyncClient/4.1.3 (Java/1.8.0_91)
127.0.0.1 - - [08/Dec/2019:20:45:54 +0800] "GET /nacos/v1/ns/instance/list?healthyOnly=false&namespaceId=public&clientIP=192.168.2.111&serviceName=DEFAULT_GROUP%40%40auth&udpPort=57490&encoding=UTF-8 HTTP/1.1" 200 536 2 Nacos-Java-Client:v1.0.0
127.0.0.1 - - [08/Dec/2019:20:45:54 +0800] "PUT /nacos/v1/ns/instance/beat?beat=%7B%22cluster%22%3A%22DEFAULT%22%2C%22ip%22%3A%22192.168.2.111%22%2C%22metadata%22%3A%7B%22preserved.register.source%22%3A%22SPRING_CLOUD%22%7D%2C%22port%22%3A8081%2C%22scheduled%22%3Atrue%2C%22serviceName%22%3A%22DEFAULT_GROUP%40%40auth%22%2C%22weight%22%3A1.0%7D&serviceName=DEFAULT_GROUP%40%40auth&encoding=UTF-8&namespaceId=public HTTP/1.1" 200 38 3 Nacos-Java-Client:v1.0.0
127.0.0.1 - - [08/Dec/2019:20:45:56 +0800] "GET /nacos/v1/ns/service/list?pageSize=2147483647&groupName=DEFAULT_GROUP&encoding=UTF-8&namespaceId=public&pageNo=1 HTTP/1.1" 200 38 3 Nacos-Java-Client:v1.0.0
192.168.2.111 - - [08/Dec/2019:20:45:57 +0800] "GET /nacos/v1/cs/health HTTP/1.1" 200 2 3 Apache-HttpAsyncClient/4.1.3 (Java/1.8.0_91)
127.0.0.1 - - [08/Dec/2019:20:45:59 +0800] "PUT /nacos/v1/ns/instance/beat?beat=%7B%22cluster%22%3A%22DEFAULT%22%2C%22ip%22%3A%22192.168.2.111%22%2C%22metadata%22%3A%7B%22preserved.register.source%22%3A%22SPRING_CLOUD%22%7D%2C%22port%22%3A8081%2C%22scheduled%22%3Atrue%2C%22serviceName%22%3A%22DEFAULT_GROUP%40%40auth%22%2C%22weight%22%3A1.0%7D&serviceName=DEFAULT_GROUP%40%40auth&encoding=UTF-8&namespaceId=public HTTP/1.1" 200 38 2 Nacos-Java-Client:v1.0.0
192.168.2.111 - - [08/Dec/2019:20:46:00 +0800] "GET /nacos/v1/cs/health HTTP/1.1" 200 2 1 Apache-HttpAsyncClient/4.1.3 (Java/1.8.0_91)
192.168.2.111 - - [08/Dec/2019:20:46:02 +0800] "GET /nacos/v1/cs/health HTTP/1.1" 200 2 3 Apache-HttpAsyncClient/4.1.3 (Java/1.8.0_91)
192.168.2.111 - - [08/Dec/2019:20:46:03 +0800] "GET /nacos/v1/ns/operator/server/status?encoding=UTF-8&serverStatus=unknown%23192.168.2.111%3A8842%231575809163170%234%0D%0A&nofix=1 HTTP/1.1" 200 2 3 Nacos-Server:1.1.4
127.0.0.1 - - [08/Dec/2019:20:46:04 +0800] "GET /nacos/v1/ns/instance/list?healthyOnly=false&namespaceId=public&clientIP=192.168.2.111&serviceName=DEFAULT_GROUP%40%40auth&udpPort=57490&encoding=UTF-8 HTTP/1.1" 200 536 2 Nacos-Java-Client:v1.0.0
127.0.0.1 - - [08/Dec/2019:20:46:04 +0800] "PUT /nacos/v1/ns/instance/beat?beat=%7B%22cluster%22%3A%22DEFAULT%22%2C%22ip%22%3A%22192.168.2.111%22%2C%22metadata%22%3A%7B%22preserved.register.source%22%3A%22SPRING_CLOUD%22%7D%2C%22port%22%3A8081%2C%22scheduled%22%3Atrue%2C%22serviceName%22%3A%22DEFAULT_GROUP%40%40auth%22%2C%22weight%22%3A1.0%7D&serviceName=DEFAULT_GROUP%40%40auth&encoding=UTF-8&namespaceId=public HTTP/1.1" 200 38 3 Nacos-Java-Client:v1.0.0
192.168.2.111 - - [08/Dec/2019:20:46:05 +0800] "GET /nacos/v1/cs/health HTTP/1.1" 200 2 2 Apache-HttpAsyncClient/4.1.3 (Java/1.8.0_91)
192.168.2.111 - - [08/Dec/2019:20:46:05 +0800] "GET /nacos/v1/ns/operator/server/status?encoding=UTF-8&serverStatus=unknown%23192.168.2.111%3A8842%231575809165358%234%0D%0A&nofix=1 HTTP/1.1" 200 2 3 Nacos-Server:1.1.4
0:0:0:0:0:0:0:1 - - [08/Dec/2019:20:46:05 +0800] "GET /nacos/ HTTP/1.1" 304 - 3 Mozilla/5.0 (Windows NT 10.0; Win64; x64) AppleWebKit/537.36 (KHTML, like Gecko) Chrome/77.0.3865.75 Safari/537.36
0:0:0:0:0:0:0:1 - - [08/Dec/2019:20:46:06 +0800] "GET /nacos/v1/console/namespaces?namespaceId= HTTP/1.1" 200 130 6 Mozilla/5.0 (Windows NT 10.0; Win64; x64) AppleWebKit/537.36 (KHTML, like Gecko) Chrome/77.0.3865.75 Safari/537.36
0:0:0:0:0:0:0:1 - - [08/Dec/2019:20:46:06 +0800] "GET /nacos/v1/console/server/state HTTP/1.1" 200 79 2 Mozilla/5.0 (Windows NT 10.0; Win64; x64) AppleWebKit/537.36 (KHTML, like Gecko) Chrome/77.0.3865.75 Safari/537.36
0:0:0:0:0:0:0:1 - - [08/Dec/2019:20:46:06 +0800] "GET /nacos/console-fe/public/img/favicon.ico HTTP/1.1" 200 4286 3 Mozilla/5.0 (Windows NT 10.0; Win64; x64) AppleWebKit/537.36 (KHTML, like Gecko) Chrome/77.0.3865.75 Safari/537.36
192.168.2.111 - - [08/Dec/2019:20:46:06 +0800] "GET /nacos/v1/ns/distro/datums HTTP/1.1" 200 643 6 Nacos-Server:1.1.4
0:0:0:0:0:0:0:1 - - [08/Dec/2019:20:46:07 +0800] "GET /nacos/v1/ns/operator/cluster/states?withInstances=false&pageNo=1&pageSize=10&keyword=&namespaceId= HTTP/1.1" 200 313 1063 Mozilla/5.0 (Windows NT 10.0; Win64; x64) AppleWebKit/537.36 (KHTML, like Gecko) Chrome/77.0.3865.75 Safari/537.36
192.168.2.111 - - [08/Dec/2019:20:46:07 +0800] "GET /nacos/v1/ns/operator/server/status?encoding=UTF-8&serverStatus=unknown%23192.168.2.111%3A8842%231575809167361%234%0D%0A&nofix=1 HTTP/1.1" 200 2 2 Nacos-Server:1.1.4
192.168.2.111 - - [08/Dec/2019:20:46:07 +0800] "GET /nacos/v1/cs/health HTTP/1.1" 200 2 2 Apache-HttpAsyncClient/4.1.3 (Java/1.8.0_91)
192.168.2.111 - - [08/Dec/2019:20:46:09 +0800] "PUT /nacos/v1/ns/distro/checksum?source=192.168.2.111%3A8842 HTTP/1.1" 200 2 24 Nacos-Server:1.1.4
192.168.2.111 - - [08/Dec/2019:20:46:09 +0800] "GET /nacos/v1/ns/operator/server/status?encoding=UTF-8&serverStatus=unknown%23192.168.2.111%3A8842%231575809169365%234%0D%0A&nofix=1 HTTP/1.1" 200 2 1 Nacos-Server:1.1.4
0:0:0:0:0:0:0:1 - - [08/Dec/2019:20:46:09 +0800] "GET /nacos/ HTTP/1.1" 304 - 3 Mozilla/5.0 (Windows NT 10.0; Win64; x64) AppleWebKit/537.36 (KHTML, like Gecko) Chrome/77.0.3865.75 Safari/537.36
0:0:0:0:0:0:0:1 - - [08/Dec/2019:20:46:09 +0800] "GET /nacos/v1/console/namespaces?namespaceId= HTTP/1.1" 200 130 5 Mozilla/5.0 (Windows NT 10.0; Win64; x64) AppleWebKit/537.36 (KHTML, like Gecko) Chrome/77.0.3865.75 Safari/537.36
0:0:0:0:0:0:0:1 - - [08/Dec/2019:20:46:09 +0800] "GET /nacos/v1/console/server/state HTTP/1.1" 200 79 1 Mozilla/5.0 (Windows NT 10.0; Win64; x64) AppleWebKit/537.36 (KHTML, like Gecko) Chrome/77.0.3865.75 Safari/537.36
127.0.0.1 - - [08/Dec/2019:20:46:09 +0800] "PUT /nacos/v1/ns/instance/beat?beat=%7B%22cluster%22%3A%22DEFAULT%22%2C%22ip%22%3A%22192.168.2.111%22%2C%22metadata%22%3A%7B%22preserved.register.source%22%3A%22SPRING_CLOUD%22%7D%2C%22port%22%3A8081%2C%22scheduled%22%3Atrue%2C%22serviceName%22%3A%22DEFAULT_GROUP%40%40auth%22%2C%22weight%22%3A1.0%7D&serviceName=DEFAULT_GROUP%40%40auth&encoding=UTF-8&namespaceId=public HTTP/1.1" 200 27 12 Nacos-Java-Client:v1.0.0
0:0:0:0:0:0:0:1 - - [08/Dec/2019:20:46:09 +0800] "GET /nacos/console-fe/public/img/favicon.ico HTTP/1.1" 200 4286 2 Mozilla/5.0 (Windows NT 10.0; Win64; x64) AppleWebKit/537.36 (KHTML, like Gecko) Chrome/77.0.3865.75 Safari/537.36
192.168.2.111 - - [08/Dec/2019:20:46:10 +0800] "GET /nacos/v1/cs/health HTTP/1.1" 200 2 2 Apache-HttpAsyncClient/4.1.3 (Java/1.8.0_91)
0:0:0:0:0:0:0:1 - - [08/Dec/2019:20:46:10 +0800] "GET /nacos/v1/ns/operator/cluster/states?withInstances=false&pageNo=1&pageSize=10&keyword=&namespaceId= HTTP/1.1" 200 312 1018 Mozilla/5.0 (Windows NT 10.0; Win64; x64) AppleWebKit/537.36 (KHTML, like Gecko) Chrome/77.0.3865.75 Safari/537.36
192.168.2.111 - - [08/Dec/2019:20:46:11 +0800] "GET /nacos/v1/ns/operator/server/status?encoding=UTF-8&serverStatus=unknown%23192.168.2.111%3A8842%231575809171366%234%0D%0A&nofix=1 HTTP/1.1" 200 2 2 Nacos-Server:1.1.4
192.168.2.111 - - [08/Dec/2019:20:46:12 +0800] "POST /nacos/v1/ns/raft/vote?encoding=UTF-8&vote=%7B%22heartbeatDueMs%22%3A5000%2C%22ip%22%3A%22192.168.2.111%3A8842%22%2C%22leaderDueMs%22%3A16910%2C%22state%22%3A%22CANDIDATE%22%2C%22term%22%3A1%2C%22voteFor%22%3A%22192.168.2.111%3A8842%22%7D&nofix=1 HTTP/1.1" 200 138 3 Nacos-Server:1.1.4
0:0:0:0:0:0:0:1 - - [08/Dec/2019:20:46:12 +0800] "GET /nacos/ HTTP/1.1" 304 - 4 Mozilla/5.0 (Windows NT 10.0; Win64; x64) AppleWebKit/537.36 (KHTML, like Gecko) Chrome/77.0.3865.75 Safari/537.36
0:0:0:0:0:0:0:1 - - [08/Dec/2019:20:46:12 +0800] "GET /nacos/v1/console/namespaces?namespaceId= HTTP/1.1" 200 130 4 Mozilla/5.0 (Windows NT 10.0; Win64; x64) AppleWebKit/537.36 (KHTML, like Gecko) Chrome/77.0.3865.75 Safari/537.36
0:0:0:0:0:0:0:1 - - [08/Dec/2019:20:46:12 +0800] "GET /nacos/v1/console/server/state HTTP/1.1" 200 79 2 Mozilla/5.0 (Windows NT 10.0; Win64; x64) AppleWebKit/537.36 (KHTML, like Gecko) Chrome/77.0.3865.75 Safari/537.36
0:0:0:0:0:0:0:1 - - [08/Dec/2019:20:46:12 +0800] "GET /nacos/console-fe/public/img/favicon.ico HTTP/1.1" 200 4286 3 Mozilla/5.0 (Windows NT 10.0; Win64; x64) AppleWebKit/537.36 (KHTML, like Gecko) Chrome/77.0.3865.75 Safari/537.36
192.168.2.111 - - [08/Dec/2019:20:46:12 +0800] "GET /nacos/v1/cs/health HTTP/1.1" 200 2 2 Apache-HttpAsyncClient/4.1.3 (Java/1.8.0_91)
192.168.2.111 - - [08/Dec/2019:20:46:13 +0800] "GET /nacos/v1/ns/operator/server/status?encoding=UTF-8&serverStatus=unknown%23192.168.2.111%3A8842%231575809173368%234%0D%0A&nofix=1 HTTP/1.1" 200 2 2 Nacos-Server:1.1.4
0:0:0:0:0:0:0:1 - - [08/Dec/2019:20:46:13 +0800] "GET /nacos/v1/ns/operator/cluster/states?withInstances=false&pageNo=1&pageSize=10&keyword=&namespaceId= HTTP/1.1" 200 332 1018 Mozilla/5.0 (Windows NT 10.0; Win64; x64) AppleWebKit/537.36 (KHTML, like Gecko) Chrome/77.0.3865.75 Safari/537.36
192.168.2.111 - - [08/Dec/2019:20:46:14 +0800] "PUT /nacos/v1/ns/distro/checksum?source=192.168.2.111%3A8842 HTTP/1.1" 200 2 2 Nacos-Server:1.1.4
127.0.0.1 - - [08/Dec/2019:20:46:14 +0800] "GET /nacos/v1/ns/instance/list?healthyOnly=false&namespaceId=public&clientIP=192.168.2.111&serviceName=DEFAULT_GROUP%40%40auth&udpPort=57490&encoding=UTF-8 HTTP/1.1" 200 536 2 Nacos-Java-Client:v1.0.0
127.0.0.1 - - [08/Dec/2019:20:46:14 +0800] "PUT /nacos/v1/ns/instance/beat?beat=%7B%22cluster%22%3A%22DEFAULT%22%2C%22ip%22%3A%22192.168.2.111%22%2C%22metadata%22%3A%7B%22preserved.register.source%22%3A%22SPRING_CLOUD%22%7D%2C%22port%22%3A8081%2C%22scheduled%22%3Atrue%2C%22serviceName%22%3A%22DEFAULT_GROUP%40%40auth%22%2C%22weight%22%3A1.0%7D&serviceName=DEFAULT_GROUP%40%40auth&encoding=UTF-8&namespaceId=public HTTP/1.1" 200 27 4 Nacos-Java-Client:v1.0.0
192.168.2.111 - - [08/Dec/2019:20:46:15 +0800] "GET /nacos/v1/cs/health HTTP/1.1" 200 2 1 Apache-HttpAsyncClient/4.1.3 (Java/1.8.0_91)
192.168.2.111 - - [08/Dec/2019:20:46:15 +0800] "GET /nacos/v1/ns/operator/server/status?encoding=UTF-8&serverStatus=unknown%23192.168.2.111%3A8842%231575809175370%234%0D%0A&nofix=1 HTTP/1.1" 200 2 1 Nacos-Server:1.1.4
192.168.2.111 - - [08/Dec/2019:20:46:17 +0800] "GET /nacos/v1/ns/operator/server/status?encoding=UTF-8&serverStatus=unknown%23192.168.2.111%3A8842%231575809177373%234%0D%0A&nofix=1 HTTP/1.1" 200 2 2 Nacos-Server:1.1.4
192.168.2.111 - - [08/Dec/2019:20:46:17 +0800] "GET /nacos/v1/cs/health HTTP/1.1" 200 2 2 Apache-HttpAsyncClient/4.1.3 (Java/1.8.0_91)
192.168.2.111 - - [08/Dec/2019:20:46:19 +0800] "PUT /nacos/v1/ns/distro/checksum?source=192.168.2.111%3A8842 HTTP/1.1" 200 2 2 Nacos-Server:1.1.4
192.168.2.111 - - [08/Dec/2019:20:46:19 +0800] "GET /nacos/v1/ns/operator/server/status?encoding=UTF-8&serverStatus=unknown%23192.168.2.111%3A8842%231575809179375%234%0D%0A&nofix=1 HTTP/1.1" 200 2 2 Nacos-Server:1.1.4
127.0.0.1 - - [08/Dec/2019:20:46:19 +0800] "PUT /nacos/v1/ns/instance/beat?beat=%7B%22cluster%22%3A%22DEFAULT%22%2C%22ip%22%3A%22192.168.2.111%22%2C%22metadata%22%3A%7B%22preserved.register.source%22%3A%22SPRING_CLOUD%22%7D%2C%22port%22%3A8081%2C%22scheduled%22%3Atrue%2C%22serviceName%22%3A%22DEFAULT_GROUP%40%40auth%22%2C%22weight%22%3A1.0%7D&serviceName=DEFAULT_GROUP%40%40auth&encoding=UTF-8&namespaceId=public HTTP/1.1" 200 27 5 Nacos-Java-Client:v1.0.0
192.168.2.111 - - [08/Dec/2019:20:46:20 +0800] "GET /nacos/v1/cs/health HTTP/1.1" 200 2 2 Apache-HttpAsyncClient/4.1.3 (Java/1.8.0_91)
192.168.2.111 - - [08/Dec/2019:20:46:21 +0800] "GET /nacos/v1/ns/operator/server/status?encoding=UTF-8&serverStatus=unknown%23192.168.2.111%3A8842%231575809181377%234%0D%0A&nofix=1 HTTP/1.1" 200 2 2 Nacos-Server:1.1.4
192.168.2.111 - - [08/Dec/2019:20:46:22 +0800] "GET /nacos/v1/cs/health HTTP/1.1" 200 2 2 Apache-HttpAsyncClient/4.1.3 (Java/1.8.0_91)
192.168.2.111 - - [08/Dec/2019:20:46:23 +0800] "GET /nacos/v1/ns/operator/server/status?encoding=UTF-8&serverStatus=unknown%23192.168.2.111%3A8842%231575809183379%234%0D%0A&nofix=1 HTTP/1.1" 200 2 2 Nacos-Server:1.1.4
192.168.2.111 - - [08/Dec/2019:20:46:24 +0800] "PUT /nacos/v1/ns/distro/checksum?source=192.168.2.111%3A8842 HTTP/1.1" 200 2 3 Nacos-Server:1.1.4
127.0.0.1 - - [08/Dec/2019:20:46:24 +0800] "GET /nacos/v1/ns/instance/list?healthyOnly=false&namespaceId=public&clientIP=192.168.2.111&serviceName=DEFAULT_GROUP%40%40auth&udpPort=57490&encoding=UTF-8 HTTP/1.1" 200 536 5 Nacos-Java-Client:v1.0.0
127.0.0.1 - - [08/Dec/2019:20:46:24 +0800] "PUT /nacos/v1/ns/instance/beat?beat=%7B%22cluster%22%3A%22DEFAULT%22%2C%22ip%22%3A%22192.168.2.111%22%2C%22metadata%22%3A%7B%22preserved.register.source%22%3A%22SPRING_CLOUD%22%7D%2C%22port%22%3A8081%2C%22scheduled%22%3Atrue%2C%22serviceName%22%3A%22DEFAULT_GROUP%40%40auth%22%2C%22weight%22%3A1.0%7D&serviceName=DEFAULT_GROUP%40%40auth&encoding=UTF-8&namespaceId=public HTTP/1.1" 200 27 5 Nacos-Java-Client:v1.0.0
192.168.2.111 - - [08/Dec/2019:20:46:25 +0800] "GET /nacos/v1/cs/health HTTP/1.1" 200 2 4 Apache-HttpAsyncClient/4.1.3 (Java/1.8.0_91)
192.168.2.111 - - [08/Dec/2019:20:46:25 +0800] "GET /nacos/v1/ns/operator/server/status?encoding=UTF-8&serverStatus=unknown%23192.168.2.111%3A8842%231575809185382%234%0D%0A&nofix=1 HTTP/1.1" 200 2 2 Nacos-Server:1.1.4
127.0.0.1 - - [08/Dec/2019:20:46:26 +0800] "GET /nacos/v1/ns/service/list?pageSize=2147483647&groupName=DEFAULT_GROUP&encoding=UTF-8&namespaceId=public&pageNo=1 HTTP/1.1" 200 38 4 Nacos-Java-Client:v1.0.0
192.168.2.111 - - [08/Dec/2019:20:46:27 +0800] "GET /nacos/v1/ns/operator/server/status?encoding=UTF-8&serverStatus=unknown%23192.168.2.111%3A8842%231575809187385%234%0D%0A&nofix=1 HTTP/1.1" 200 2 2 Nacos-Server:1.1.4
192.168.2.111 - - [08/Dec/2019:20:46:27 +0800] "GET /nacos/v1/cs/health HTTP/1.1" 200 2 3 Apache-HttpAsyncClient/4.1.3 (Java/1.8.0_91)
192.168.2.111 - - [08/Dec/2019:20:46:29 +0800] "PUT /nacos/v1/ns/distro/checksum?source=192.168.2.111%3A8842 HTTP/1.1" 200 2 2 Nacos-Server:1.1.4
192.168.2.111 - - [08/Dec/2019:20:46:29 +0800] "GET /nacos/v1/ns/operator/server/status?encoding=UTF-8&serverStatus=unknown%23192.168.2.111%3A8842%231575809189387%234%0D%0A&nofix=1 HTTP/1.1" 200 2 2 Nacos-Server:1.1.4
127.0.0.1 - - [08/Dec/2019:20:46:29 +0800] "PUT /nacos/v1/ns/instance/beat?beat=%7B%22cluster%22%3A%22DEFAULT%22%2C%22ip%22%3A%22192.168.2.111%22%2C%22metadata%22%3A%7B%22preserved.register.source%22%3A%22SPRING_CLOUD%22%7D%2C%22port%22%3A8081%2C%22scheduled%22%3Atrue%2C%22serviceName%22%3A%22DEFAULT_GROUP%40%40auth%22%2C%22weight%22%3A1.0%7D&serviceName=DEFAULT_GROUP%40%40auth&encoding=UTF-8&namespaceId=public HTTP/1.1" 200 27 9 Nacos-Java-Client:v1.0.0
192.168.2.111 - - [08/Dec/2019:20:46:30 +0800] "GET /nacos/v1/cs/health HTTP/1.1" 200 2 3 Apache-HttpAsyncClient/4.1.3 (Java/1.8.0_91)
192.168.2.111 - - [08/Dec/2019:20:46:31 +0800] "GET /nacos/v1/ns/operator/server/status?encoding=UTF-8&serverStatus=unknown%23192.168.2.111%3A8842%231575809191389%234%0D%0A&nofix=1 HTTP/1.1" 200 2 2 Nacos-Server:1.1.4
192.168.2.111 - - [08/Dec/2019:20:46:32 +0800] "GET /nacos/v1/cs/health HTTP/1.1" 200 2 2 Apache-HttpAsyncClient/4.1.3 (Java/1.8.0_91)
192.168.2.111 - - [08/Dec/2019:20:46:33 +0800] "GET /nacos/v1/ns/operator/server/status?encoding=UTF-8&serverStatus=unknown%23192.168.2.111%3A8842%231575809193391%234%0D%0A&nofix=1 HTTP/1.1" 200 2 6 Nacos-Server:1.1.4
192.168.2.111 - - [08/Dec/2019:20:46:34 +0800] "PUT /nacos/v1/ns/distro/checksum?source=192.168.2.111%3A8842 HTTP/1.1" 200 2 2 Nacos-Server:1.1.4
127.0.0.1 - - [08/Dec/2019:20:46:34 +0800] "GET /nacos/v1/ns/instance/list?healthyOnly=false&namespaceId=public&clientIP=192.168.2.111&serviceName=DEFAULT_GROUP%40%40auth&udpPort=57490&encoding=UTF-8 HTTP/1.1" 200 536 3 Nacos-Java-Client:v1.0.0
127.0.0.1 - - [08/Dec/2019:20:46:34 +0800] "PUT /nacos/v1/ns/instance/beat?beat=%7B%22cluster%22%3A%22DEFAULT%22%2C%22ip%22%3A%22192.168.2.111%22%2C%22metadata%22%3A%7B%22preserved.register.source%22%3A%22SPRING_CLOUD%22%7D%2C%22port%22%3A8081%2C%22scheduled%22%3Atrue%2C%22serviceName%22%3A%22DEFAULT_GROUP%40%40auth%22%2C%22weight%22%3A1.0%7D&serviceName=DEFAULT_GROUP%40%40auth&encoding=UTF-8&namespaceId=public HTTP/1.1" 200 27 3 Nacos-Java-Client:v1.0.0
192.168.2.111 - - [08/Dec/2019:20:46:35 +0800] "GET /nacos/v1/cs/health HTTP/1.1" 200 2 3 Apache-HttpAsyncClient/4.1.3 (Java/1.8.0_91)
192.168.2.111 - - [08/Dec/2019:20:46:35 +0800] "GET /nacos/v1/ns/operator/server/status?encoding=UTF-8&serverStatus=unknown%23192.168.2.111%3A8842%231575809195396%234%0D%0A&nofix=1 HTTP/1.1" 200 2 1 Nacos-Server:1.1.4
192.168.2.111 - - [08/Dec/2019:20:46:37 +0800] "GET /nacos/v1/ns/operator/server/status?encoding=UTF-8&serverStatus=unknown%23192.168.2.111%3A8842%231575809197398%234%0D%0A&nofix=1 HTTP/1.1" 200 2 2 Nacos-Server:1.1.4
192.168.2.111 - - [08/Dec/2019:20:46:37 +0800] "GET /nacos/v1/cs/health HTTP/1.1" 200 2 2 Apache-HttpAsyncClient/4.1.3 (Java/1.8.0_91)
192.168.2.111 - - [08/Dec/2019:20:46:39 +0800] "PUT /nacos/v1/ns/distro/checksum?source=192.168.2.111%3A8842 HTTP/1.1" 200 2 5 Nacos-Server:1.1.4
192.168.2.111 - - [08/Dec/2019:20:46:39 +0800] "GET /nacos/v1/ns/operator/server/status?encoding=UTF-8&serverStatus=unknown%23192.168.2.111%3A8842%231575809199399%234%0D%0A&nofix=1 HTTP/1.1" 200 2 2 Nacos-Server:1.1.4
127.0.0.1 - - [08/Dec/2019:20:46:39 +0800] "PUT /nacos/v1/ns/instance/beat?beat=%7B%22cluster%22%3A%22DEFAULT%22%2C%22ip%22%3A%22192.168.2.111%22%2C%22metadata%22%3A%7B%22preserved.register.source%22%3A%22SPRING_CLOUD%22%7D%2C%22port%22%3A8081%2C%22scheduled%22%3Atrue%2C%22serviceName%22%3A%22DEFAULT_GROUP%40%40auth%22%2C%22weight%22%3A1.0%7D&serviceName=DEFAULT_GROUP%40%40auth&encoding=UTF-8&namespaceId=public HTTP/1.1" 200 27 6 Nacos-Java-Client:v1.0.0
192.168.2.111 - - [08/Dec/2019:20:46:40 +0800] "GET /nacos/v1/cs/health HTTP/1.1" 200 2 2 Apache-HttpAsyncClient/4.1.3 (Java/1.8.0_91)
192.168.2.111 - - [08/Dec/2019:20:46:41 +0800] "GET /nacos/v1/ns/operator/server/status?encoding=UTF-8&serverStatus=unknown%23192.168.2.111%3A8842%231575809201400%234%0D%0A&nofix=1 HTTP/1.1" 200 2 2 Nacos-Server:1.1.4
192.168.2.111 - - [08/Dec/2019:20:46:42 +0800] "GET /nacos/v1/cs/health HTTP/1.1" 200 2 2 Apache-HttpAsyncClient/4.1.3 (Java/1.8.0_91)
192.168.2.111 - - [08/Dec/2019:20:46:43 +0800] "GET /nacos/v1/ns/operator/server/status?encoding=UTF-8&serverStatus=unknown%23192.168.2.111%3A8842%231575809203403%234%0D%0A&nofix=1 HTTP/1.1" 200 2 2 Nacos-Server:1.1.4
192.168.2.111 - - [08/Dec/2019:20:46:44 +0800] "PUT /nacos/v1/ns/distro/checksum?source=192.168.2.111%3A8842 HTTP/1.1" 200 2 1 Nacos-Server:1.1.4
127.0.0.1 - - [08/Dec/2019:20:46:44 +0800] "GET /nacos/v1/ns/instance/list?healthyOnly=false&namespaceId=public&clientIP=192.168.2.111&serviceName=DEFAULT_GROUP%40%40auth&udpPort=57490&encoding=UTF-8 HTTP/1.1" 200 536 2 Nacos-Java-Client:v1.0.0
127.0.0.1 - - [08/Dec/2019:20:46:44 +0800] "PUT /nacos/v1/ns/instance/beat?beat=%7B%22cluster%22%3A%22DEFAULT%22%2C%22ip%22%3A%22192.168.2.111%22%2C%22metadata%22%3A%7B%22preserved.register.source%22%3A%22SPRING_CLOUD%22%7D%2C%22port%22%3A8081%2C%22scheduled%22%3Atrue%2C%22serviceName%22%3A%22DEFAULT_GROUP%40%40auth%22%2C%22weight%22%3A1.0%7D&serviceName=DEFAULT_GROUP%40%40auth&encoding=UTF-8&namespaceId=public HTTP/1.1" 200 27 3 Nacos-Java-Client:v1.0.0
192.168.2.111 - - [08/Dec/2019:20:46:45 +0800] "GET /nacos/v1/cs/health HTTP/1.1" 200 2 2 Apache-HttpAsyncClient/4.1.3 (Java/1.8.0_91)
192.168.2.111 - - [08/Dec/2019:20:46:45 +0800] "GET /nacos/v1/ns/operator/server/status?encoding=UTF-8&serverStatus=unknown%23192.168.2.111%3A8842%231575809205405%234%0D%0A&nofix=1 HTTP/1.1" 200 2 2 Nacos-Server:1.1.4
192.168.2.111 - - [08/Dec/2019:20:46:47 +0800] "GET /nacos/v1/ns/operator/server/status?encoding=UTF-8&serverStatus=unknown%23192.168.2.111%3A8842%231575809207407%234%0D%0A&nofix=1 HTTP/1.1" 200 2 1 Nacos-Server:1.1.4
192.168.2.111 - - [08/Dec/2019:20:46:47 +0800] "GET /nacos/v1/cs/health HTTP/1.1" 200 2 3 Apache-HttpAsyncClient/4.1.3 (Java/1.8.0_91)
192.168.2.111 - - [08/Dec/2019:20:46:49 +0800] "PUT /nacos/v1/ns/distro/checksum?source=192.168.2.111%3A8842 HTTP/1.1" 200 2 2 Nacos-Server:1.1.4
192.168.2.111 - - [08/Dec/2019:20:46:49 +0800] "GET /nacos/v1/ns/operator/server/status?encoding=UTF-8&serverStatus=unknown%23192.168.2.111%3A8842%231575809209408%234%0D%0A&nofix=1 HTTP/1.1" 200 2 2 Nacos-Server:1.1.4
127.0.0.1 - - [08/Dec/2019:20:46:49 +0800] "PUT /nacos/v1/ns/instance/beat?beat=%7B%22cluster%22%3A%22DEFAULT%22%2C%22ip%22%3A%22192.168.2.111%22%2C%22metadata%22%3A%7B%22preserved.register.source%22%3A%22SPRING_CLOUD%22%7D%2C%22port%22%3A8081%2C%22scheduled%22%3Atrue%2C%22serviceName%22%3A%22DEFAULT_GROUP%40%40auth%22%2C%22weight%22%3A1.0%7D&serviceName=DEFAULT_GROUP%40%40auth&encoding=UTF-8&namespaceId=public HTTP/1.1" 200 27 3 Nacos-Java-Client:v1.0.0
192.168.2.111 - - [08/Dec/2019:20:46:50 +0800] "GET /nacos/v1/cs/health HTTP/1.1" 200 2 2 Apache-HttpAsyncClient/4.1.3 (Java/1.8.0_91)
192.168.2.111 - - [08/Dec/2019:20:46:51 +0800] "GET /nacos/v1/ns/operator/server/status?encoding=UTF-8&serverStatus=unknown%23192.168.2.111%3A8842%231575809211410%234%0D%0A&nofix=1 HTTP/1.1" 200 2 2 Nacos-Server:1.1.4
192.168.2.111 - - [08/Dec/2019:20:46:52 +0800] "GET /nacos/v1/cs/health HTTP/1.1" 200 2 1 Apache-HttpAsyncClient/4.1.3 (Java/1.8.0_91)
192.168.2.111 - - [08/Dec/2019:20:46:53 +0800] "GET /nacos/v1/ns/operator/server/status?encoding=UTF-8&serverStatus=unknown%23192.168.2.111%3A8842%231575809213413%234%0D%0A&nofix=1 HTTP/1.1" 200 2 2 Nacos-Server:1.1.4
192.168.2.111 - - [08/Dec/2019:20:46:54 +0800] "PUT /nacos/v1/ns/distro/checksum?source=192.168.2.111%3A8842 HTTP/1.1" 200 2 4 Nacos-Server:1.1.4
127.0.0.1 - - [08/Dec/2019:20:46:54 +0800] "GET /nacos/v1/ns/instance/list?healthyOnly=false&namespaceId=public&clientIP=192.168.2.111&serviceName=DEFAULT_GROUP%40%40auth&udpPort=57490&encoding=UTF-8 HTTP/1.1" 200 536 5 Nacos-Java-Client:v1.0.0
127.0.0.1 - - [08/Dec/2019:20:46:54 +0800] "PUT /nacos/v1/ns/instance/beat?beat=%7B%22cluster%22%3A%22DEFAULT%22%2C%22ip%22%3A%22192.168.2.111%22%2C%22metadata%22%3A%7B%22preserved.register.source%22%3A%22SPRING_CLOUD%22%7D%2C%22port%22%3A8081%2C%22scheduled%22%3Atrue%2C%22serviceName%22%3A%22DEFAULT_GROUP%40%40auth%22%2C%22weight%22%3A1.0%7D&serviceName=DEFAULT_GROUP%40%40auth&encoding=UTF-8&namespaceId=public HTTP/1.1" 200 27 4 Nacos-Java-Client:v1.0.0
192.168.2.111 - - [08/Dec/2019:20:46:55 +0800] "GET /nacos/v1/cs/health HTTP/1.1" 200 2 2 Apache-HttpAsyncClient/4.1.3 (Java/1.8.0_91)
192.168.2.111 - - [08/Dec/2019:20:46:55 +0800] "GET /nacos/v1/ns/operator/server/status?encoding=UTF-8&serverStatus=unknown%23192.168.2.111%3A8842%231575809215415%234%0D%0A&nofix=1 HTTP/1.1" 200 2 3 Nacos-Server:1.1.4
127.0.0.1 - - [08/Dec/2019:20:46:56 +0800] "GET /nacos/v1/ns/service/list?pageSize=2147483647&groupName=DEFAULT_GROUP&encoding=UTF-8&namespaceId=public&pageNo=1 HTTP/1.1" 200 38 4 Nacos-Java-Client:v1.0.0
192.168.2.111 - - [08/Dec/2019:20:46:57 +0800] "GET /nacos/v1/ns/operator/server/status?encoding=UTF-8&serverStatus=unknown%23192.168.2.111%3A8842%231575809217418%234%0D%0A&nofix=1 HTTP/1.1" 200 2 2 Nacos-Server:1.1.4
192.168.2.111 - - [08/Dec/2019:20:46:58 +0800] "GET /nacos/v1/cs/health HTTP/1.1" 200 2 2 Apache-HttpAsyncClient/4.1.3 (Java/1.8.0_91)
192.168.2.111 - - [08/Dec/2019:20:46:59 +0800] "PUT /nacos/v1/ns/distro/checksum?source=192.168.2.111%3A8842 HTTP/1.1" 200 2 4 Nacos-Server:1.1.4
192.168.2.111 - - [08/Dec/2019:20:46:59 +0800] "POST /nacos/v1/ns/service/status HTTP/1.1" 200 2 13 Nacos-Server:1.1.4
192.168.2.111 - - [08/Dec/2019:20:46:59 +0800] "GET /nacos/v1/ns/operator/server/status?encoding=UTF-8&serverStatus=unknown%23192.168.2.111%3A8842%231575809219420%234%0D%0A&nofix=1 HTTP/1.1" 200 2 2 Nacos-Server:1.1.4
127.0.0.1 - - [08/Dec/2019:20:46:59 +0800] "PUT /nacos/v1/ns/instance/beat?beat=%7B%22cluster%22%3A%22DEFAULT%22%2C%22ip%22%3A%22192.168.2.111%22%2C%22metadata%22%3A%7B%22preserved.register.source%22%3A%22SPRING_CLOUD%22%7D%2C%22port%22%3A8081%2C%22scheduled%22%3Atrue%2C%22serviceName%22%3A%22DEFAULT_GROUP%40%40auth%22%2C%22weight%22%3A1.0%7D&serviceName=DEFAULT_GROUP%40%40auth&encoding=UTF-8&namespaceId=public HTTP/1.1" 200 27 4 Nacos-Java-Client:v1.0.0
192.168.2.111 - - [08/Dec/2019:20:47:00 +0800] "GET /nacos/v1/cs/health HTTP/1.1" 200 2 2 Apache-HttpAsyncClient/4.1.3 (Java/1.8.0_91)
192.168.2.111 - - [08/Dec/2019:20:47:01 +0800] "GET /nacos/v1/ns/operator/server/status?encoding=UTF-8&serverStatus=unknown%23192.168.2.111%3A8842%231575809221422%234%0D%0A&nofix=1 HTTP/1.1" 200 2 1 Nacos-Server:1.1.4
192.168.2.111 - - [08/Dec/2019:20:47:03 +0800] "GET /nacos/v1/cs/health HTTP/1.1" 200 2 2 Apache-HttpAsyncClient/4.1.3 (Java/1.8.0_91)
192.168.2.111 - - [08/Dec/2019:20:47:03 +0800] "GET /nacos/v1/ns/operator/server/status?encoding=UTF-8&serverStatus=unknown%23192.168.2.111%3A8842%231575809223424%234%0D%0A&nofix=1 HTTP/1.1" 200 2 2 Nacos-Server:1.1.4
192.168.2.111 - - [08/Dec/2019:20:47:04 +0800] "PUT /nacos/v1/ns/distro/checksum?source=192.168.2.111%3A8842 HTTP/1.1" 200 2 2 Nacos-Server:1.1.4
192.168.2.111 - - [08/Dec/2019:20:47:04 +0800] "POST /nacos/v1/ns/service/status HTTP/1.1" 200 2 2 Nacos-Server:1.1.4
127.0.0.1 - - [08/Dec/2019:20:47:04 +0800] "GET /nacos/v1/ns/instance/list?healthyOnly=false&namespaceId=public&clientIP=192.168.2.111&serviceName=DEFAULT_GROUP%40%40auth&udpPort=57490&encoding=UTF-8 HTTP/1.1" 200 536 2 Nacos-Java-Client:v1.0.0
127.0.0.1 - - [08/Dec/2019:20:47:04 +0800] "PUT /nacos/v1/ns/instance/beat?beat=%7B%22cluster%22%3A%22DEFAULT%22%2C%22ip%22%3A%22192.168.2.111%22%2C%22metadata%22%3A%7B%22preserved.register.source%22%3A%22SPRING_CLOUD%22%7D%2C%22port%22%3A8081%2C%22scheduled%22%3Atrue%2C%22serviceName%22%3A%22DEFAULT_GROUP%40%40auth%22%2C%22weight%22%3A1.0%7D&serviceName=DEFAULT_GROUP%40%40auth&encoding=UTF-8&namespaceId=public HTTP/1.1" 200 27 3 Nacos-Java-Client:v1.0.0
192.168.2.111 - - [08/Dec/2019:20:47:05 +0800] "GET /nacos/v1/cs/health HTTP/1.1" 200 2 1 Apache-HttpAsyncClient/4.1.3 (Java/1.8.0_91)
192.168.2.111 - - [08/Dec/2019:20:47:05 +0800] "GET /nacos/v1/ns/operator/server/status?encoding=UTF-8&serverStatus=unknown%23192.168.2.111%3A8842%231575809225427%234%0D%0A&nofix=1 HTTP/1.1" 200 2 2 Nacos-Server:1.1.4
192.168.2.111 - - [08/Dec/2019:20:47:07 +0800] "GET /nacos/v1/ns/operator/server/status?encoding=UTF-8&serverStatus=unknown%23192.168.2.111%3A8842%231575809227428%234%0D%0A&nofix=1 HTTP/1.1" 200 2 2 Nacos-Server:1.1.4
192.168.2.111 - - [08/Dec/2019:20:47:08 +0800] "GET /nacos/v1/cs/health HTTP/1.1" 200 2 1 Apache-HttpAsyncClient/4.1.3 (Java/1.8.0_91)
192.168.2.111 - - [08/Dec/2019:20:47:09 +0800] "PUT /nacos/v1/ns/distro/checksum?source=192.168.2.111%3A8842 HTTP/1.1" 200 2 3 Nacos-Server:1.1.4
192.168.2.111 - - [08/Dec/2019:20:47:09 +0800] "POST /nacos/v1/ns/service/status HTTP/1.1" 200 2 1 Nacos-Server:1.1.4
192.168.2.111 - - [08/Dec/2019:20:47:09 +0800] "GET /nacos/v1/ns/operator/server/status?encoding=UTF-8&serverStatus=unknown%23192.168.2.111%3A8842%231575809229430%234%0D%0A&nofix=1 HTTP/1.1" 200 2 1 Nacos-Server:1.1.4
127.0.0.1 - - [08/Dec/2019:20:47:09 +0800] "PUT /nacos/v1/ns/instance/beat?beat=%7B%22cluster%22%3A%22DEFAULT%22%2C%22ip%22%3A%22192.168.2.111%22%2C%22metadata%22%3A%7B%22preserved.register.source%22%3A%22SPRING_CLOUD%22%7D%2C%22port%22%3A8081%2C%22scheduled%22%3Atrue%2C%22serviceName%22%3A%22DEFAULT_GROUP%40%40auth%22%2C%22weight%22%3A1.0%7D&serviceName=DEFAULT_GROUP%40%40auth&encoding=UTF-8&namespaceId=public HTTP/1.1" 200 27 5 Nacos-Java-Client:v1.0.0
192.168.2.111 - - [08/Dec/2019:20:47:10 +0800] "GET /nacos/v1/cs/health HTTP/1.1" 200 2 2 Apache-HttpAsyncClient/4.1.3 (Java/1.8.0_91)
192.168.2.111 - - [08/Dec/2019:20:47:11 +0800] "GET /nacos/v1/ns/operator/server/status?encoding=UTF-8&serverStatus=unknown%23192.168.2.111%3A8842%231575809231432%234%0D%0A&nofix=1 HTTP/1.1" 200 2 1 Nacos-Server:1.1.4
192.168.2.111 - - [08/Dec/2019:20:47:13 +0800] "GET /nacos/v1/cs/health HTTP/1.1" 200 2 4 Apache-HttpAsyncClient/4.1.3 (Java/1.8.0_91)
192.168.2.111 - - [08/Dec/2019:20:47:13 +0800] "GET /nacos/v1/ns/operator/server/status?encoding=UTF-8&serverStatus=unknown%23192.168.2.111%3A8842%231575809233434%234%0D%0A&nofix=1 HTTP/1.1" 200 2 1 Nacos-Server:1.1.4
192.168.2.111 - - [08/Dec/2019:20:47:14 +0800] "PUT /nacos/v1/ns/distro/checksum?source=192.168.2.111%3A8842 HTTP/1.1" 200 2 2 Nacos-Server:1.1.4
192.168.2.111 - - [08/Dec/2019:20:47:14 +0800] "POST /nacos/v1/ns/service/status HTTP/1.1" 200 2 2 Nacos-Server:1.1.4
127.0.0.1 - - [08/Dec/2019:20:47:14 +0800] "GET /nacos/v1/ns/instance/list?healthyOnly=false&namespaceId=public&clientIP=192.168.2.111&serviceName=DEFAULT_GROUP%40%40auth&udpPort=57490&encoding=UTF-8 HTTP/1.1" 200 536 2 Nacos-Java-Client:v1.0.0
127.0.0.1 - - [08/Dec/2019:20:47:14 +0800] "PUT /nacos/v1/ns/instance/beat?beat=%7B%22cluster%22%3A%22DEFAULT%22%2C%22ip%22%3A%22192.168.2.111%22%2C%22metadata%22%3A%7B%22preserved.register.source%22%3A%22SPRING_CLOUD%22%7D%2C%22port%22%3A8081%2C%22scheduled%22%3Atrue%2C%22serviceName%22%3A%22DEFAULT_GROUP%40%40auth%22%2C%22weight%22%3A1.0%7D&serviceName=DEFAULT_GROUP%40%40auth&encoding=UTF-8&namespaceId=public HTTP/1.1" 200 27 4 Nacos-Java-Client:v1.0.0
192.168.2.111 - - [08/Dec/2019:20:47:15 +0800] "GET /nacos/v1/cs/health HTTP/1.1" 200 2 2 Apache-HttpAsyncClient/4.1.3 (Java/1.8.0_91)
