127.0.0.1 - - [19/Dec/2019:10:29:10 +0800] "PUT /nacos/v1/ns/instance/beat?beat=%7B%22cluster%22%3A%22DEFAULT%22%2C%22ip%22%3A%22192.168.2.111%22%2C%22metadata%22%3A%7B%22preserved.register.source%22%3A%22SPRING_CLOUD%22%7D%2C%22port%22%3A8085%2C%22scheduled%22%3Atrue%2C%22serviceName%22%3A%22DEFAULT_GROUP%40%40service-gateway%22%2C%22weight%22%3A1.0%7D&serviceName=DEFAULT_GROUP%40%40service-gateway&encoding=UTF-8&namespaceId=public HTTP/1.1" 200 38 2 Nacos-Java-Client:v1.0.0
127.0.0.1 - - [19/Dec/2019:10:29:12 +0800] "GET /nacos/v1/cs/configs?dataId=common-log.yml&group=DEFAULT_GROUP HTTP/1.1" 200 112 1 Java/1.8.0_91
127.0.0.1 - - [19/Dec/2019:10:29:12 +0800] "GET /nacos/v1/cs/configs?dataId=common-consumer.yml&group=DEFAULT_GROUP HTTP/1.1" 200 1943 2 Java/1.8.0_91
127.0.0.1 - - [19/Dec/2019:10:29:12 +0800] "GET /nacos/v1/cs/configs?dataId=service-gateway.yml&group=DEFAULT_GROUP HTTP/1.1" 404 23 1 Java/1.8.0_91
127.0.0.1 - - [19/Dec/2019:10:29:12 +0800] "GET /nacos/v1/cs/configs?dataId=service-gateway-dev.yml&group=DEFAULT_GROUP HTTP/1.1" 200 359 1 Java/1.8.0_91
127.0.0.1 - - [19/Dec/2019:10:29:14 +0800] "PUT /nacos/v1/ns/instance/beat?beat=%7B%22cluster%22%3A%22DEFAULT%22%2C%22ip%22%3A%22192.168.2.111%22%2C%22metadata%22%3A%7B%22preserved.register.source%22%3A%22SPRING_CLOUD%22%7D%2C%22port%22%3A8085%2C%22scheduled%22%3Atrue%2C%22serviceName%22%3A%22DEFAULT_GROUP%40%40service-gateway%22%2C%22weight%22%3A1.0%7D&serviceName=DEFAULT_GROUP%40%40service-gateway&encoding=UTF-8&namespaceId=public HTTP/1.1" 200 38 1 Nacos-Java-Client:v1.0.0
192.168.2.111 - - [19/Dec/2019:10:29:15 +0800] "GET /nacos/v1/cs/health HTTP/1.1" 200 2 1 Apache-HttpAsyncClient/4.1.3 (Java/1.8.0_91)
127.0.0.1 - - [19/Dec/2019:10:29:17 +0800] "GET /nacos/v1/cs/configs?dataId=common-consumer.yml&group=DEFAULT_GROUP HTTP/1.1" 200 1943 2 Java/1.8.0_91
127.0.0.1 - - [19/Dec/2019:10:29:17 +0800] "GET /nacos/v1/cs/configs?dataId=service-gateway.yml&group=DEFAULT_GROUP HTTP/1.1" 404 23 0 Java/1.8.0_91
127.0.0.1 - - [19/Dec/2019:10:29:17 +0800] "GET /nacos/v1/cs/configs?dataId=service-gateway-dev.yml&group=DEFAULT_GROUP HTTP/1.1" 200 359 1 Java/1.8.0_91
127.0.0.1 - - [19/Dec/2019:10:29:19 +0800] "PUT /nacos/v1/ns/instance/beat?beat=%7B%22cluster%22%3A%22DEFAULT%22%2C%22ip%22%3A%22192.168.2.111%22%2C%22metadata%22%3A%7B%22preserved.register.source%22%3A%22SPRING_CLOUD%22%7D%2C%22port%22%3A8085%2C%22scheduled%22%3Atrue%2C%22serviceName%22%3A%22DEFAULT_GROUP%40%40service-gateway%22%2C%22weight%22%3A1.0%7D&serviceName=DEFAULT_GROUP%40%40service-gateway&encoding=UTF-8&namespaceId=public HTTP/1.1" 200 38 1 Nacos-Java-Client:v1.0.0
192.168.2.111 - - [19/Dec/2019:10:29:20 +0800] "GET /nacos/v1/cs/health HTTP/1.1" 200 2 2 Apache-HttpAsyncClient/4.1.3 (Java/1.8.0_91)
127.0.0.1 - - [19/Dec/2019:10:29:21 +0800] "GET /nacos/v1/ns/instance/list?healthyOnly=false&namespaceId=public&clientIP=192.168.2.111&serviceName=DEFAULT_GROUP%40%40service-gateway&udpPort=59928&encoding=UTF-8 HTTP/1.1" 200 580 1 Nacos-Java-Client:v1.0.0
127.0.0.1 - - [19/Dec/2019:10:29:24 +0800] "PUT /nacos/v1/ns/instance/beat?beat=%7B%22cluster%22%3A%22DEFAULT%22%2C%22ip%22%3A%22192.168.2.111%22%2C%22metadata%22%3A%7B%22preserved.register.source%22%3A%22SPRING_CLOUD%22%7D%2C%22port%22%3A8085%2C%22scheduled%22%3Atrue%2C%22serviceName%22%3A%22DEFAULT_GROUP%40%40service-gateway%22%2C%22weight%22%3A1.0%7D&serviceName=DEFAULT_GROUP%40%40service-gateway&encoding=UTF-8&namespaceId=public HTTP/1.1" 200 38 1 Nacos-Java-Client:v1.0.0
192.168.2.111 - - [19/Dec/2019:10:29:25 +0800] "GET /nacos/v1/cs/health HTTP/1.1" 200 2 1 Apache-HttpAsyncClient/4.1.3 (Java/1.8.0_91)
192.168.2.111 - - [19/Dec/2019:10:29:30 +0800] "GET /nacos/v1/cs/health HTTP/1.1" 200 2 1 Apache-HttpAsyncClient/4.1.3 (Java/1.8.0_91)
127.0.0.1 - - [19/Dec/2019:10:29:31 +0800] "GET /nacos/v1/ns/instance/list?healthyOnly=false&namespaceId=public&clientIP=192.168.2.111&serviceName=DEFAULT_GROUP%40%40service-gateway&udpPort=59928&encoding=UTF-8 HTTP/1.1" 200 580 1 Nacos-Java-Client:v1.0.0
127.0.0.1 - - [19/Dec/2019:10:29:31 +0800] "PUT /nacos/v1/ns/instance/beat?beat=%7B%22cluster%22%3A%22DEFAULT%22%2C%22ip%22%3A%22192.168.2.111%22%2C%22metadata%22%3A%7B%22preserved.register.source%22%3A%22SPRING_CLOUD%22%7D%2C%22port%22%3A8085%2C%22scheduled%22%3Atrue%2C%22serviceName%22%3A%22DEFAULT_GROUP%40%40service-gateway%22%2C%22weight%22%3A1.0%7D&serviceName=DEFAULT_GROUP%40%40service-gateway&encoding=UTF-8&namespaceId=public HTTP/1.1" 200 38 1 Nacos-Java-Client:v1.0.0
192.168.2.111 - - [19/Dec/2019:10:29:35 +0800] "GET /nacos/v1/cs/health HTTP/1.1" 200 2 1 Apache-HttpAsyncClient/4.1.3 (Java/1.8.0_91)
127.0.0.1 - - [19/Dec/2019:10:29:36 +0800] "PUT /nacos/v1/ns/instance/beat?beat=%7B%22cluster%22%3A%22DEFAULT%22%2C%22ip%22%3A%22192.168.2.111%22%2C%22metadata%22%3A%7B%22preserved.register.source%22%3A%22SPRING_CLOUD%22%7D%2C%22port%22%3A8085%2C%22scheduled%22%3Atrue%2C%22serviceName%22%3A%22DEFAULT_GROUP%40%40service-gateway%22%2C%22weight%22%3A1.0%7D&serviceName=DEFAULT_GROUP%40%40service-gateway&encoding=UTF-8&namespaceId=public HTTP/1.1" 200 38 1 Nacos-Java-Client:v1.0.0
127.0.0.1 - - [19/Dec/2019:10:29:39 +0800] "GET /nacos/v1/ns/service/list?pageSize=2147483647&groupName=DEFAULT_GROUP&encoding=UTF-8&namespaceId=public&pageNo=1 HTTP/1.1" 200 49 1 Nacos-Java-Client:v1.0.0
192.168.2.111 - - [19/Dec/2019:10:29:40 +0800] "GET /nacos/v1/cs/health HTTP/1.1" 200 2 1 Apache-HttpAsyncClient/4.1.3 (Java/1.8.0_91)
127.0.0.1 - - [19/Dec/2019:10:29:41 +0800] "PUT /nacos/v1/ns/instance/beat?beat=%7B%22cluster%22%3A%22DEFAULT%22%2C%22ip%22%3A%22192.168.2.111%22%2C%22metadata%22%3A%7B%22preserved.register.source%22%3A%22SPRING_CLOUD%22%7D%2C%22port%22%3A8085%2C%22scheduled%22%3Atrue%2C%22serviceName%22%3A%22DEFAULT_GROUP%40%40service-gateway%22%2C%22weight%22%3A1.0%7D&serviceName=DEFAULT_GROUP%40%40service-gateway&encoding=UTF-8&namespaceId=public HTTP/1.1" 200 38 2 Nacos-Java-Client:v1.0.0
127.0.0.1 - - [19/Dec/2019:10:29:43 +0800] "GET /nacos/v1/ns/instance/list?healthyOnly=false&namespaceId=public&clientIP=192.168.2.111&serviceName=DEFAULT_GROUP%40%40service-gateway&udpPort=59928&encoding=UTF-8 HTTP/1.1" 200 580 2 Nacos-Java-Client:v1.0.0
0:0:0:0:0:0:0:1 - - [19/Dec/2019:10:29:44 +0800] "GET /nacos/v1/cs/configs?search=accurate&dataId=&group=&appName=&config_tags=&pageNo=1&pageSize=10&tenant=&namespaceId= HTTP/1.1" 200 2899 2 Mozilla/5.0 (Windows NT 10.0; Win64; x64) AppleWebKit/537.36 (KHTML, like Gecko) Chrome/77.0.3865.75 Safari/537.36
127.0.0.1 - - [19/Dec/2019:10:29:44 +0800] "PUT /nacos/v1/ns/instance/beat?beat=%7B%22cluster%22%3A%22DEFAULT%22%2C%22ip%22%3A%22192.168.2.111%22%2C%22metadata%22%3A%7B%22preserved.register.source%22%3A%22SPRING_CLOUD%22%7D%2C%22port%22%3A8085%2C%22scheduled%22%3Atrue%2C%22serviceName%22%3A%22DEFAULT_GROUP%40%40service-gateway%22%2C%22weight%22%3A1.0%7D&serviceName=DEFAULT_GROUP%40%40service-gateway&encoding=UTF-8&namespaceId=public HTTP/1.1" 200 38 1 Nacos-Java-Client:v1.0.0
192.168.2.111 - - [19/Dec/2019:10:29:45 +0800] "GET /nacos/v1/cs/health HTTP/1.1" 200 2 1 Apache-HttpAsyncClient/4.1.3 (Java/1.8.0_91)
127.0.0.1 - - [19/Dec/2019:10:29:47 +0800] "POST /nacos/v1/cs/configs/listener HTTP/1.1" 200 - 29502 Java/1.8.0_91
192.168.2.111 - - [19/Dec/2019:10:29:50 +0800] "GET /nacos/v1/cs/health HTTP/1.1" 200 2 2 Apache-HttpAsyncClient/4.1.3 (Java/1.8.0_91)
127.0.0.1 - - [19/Dec/2019:10:29:51 +0800] "PUT /nacos/v1/ns/instance/beat?beat=%7B%22cluster%22%3A%22DEFAULT%22%2C%22ip%22%3A%22192.168.2.111%22%2C%22metadata%22%3A%7B%22preserved.register.source%22%3A%22SPRING_CLOUD%22%7D%2C%22port%22%3A8085%2C%22scheduled%22%3Atrue%2C%22serviceName%22%3A%22DEFAULT_GROUP%40%40service-gateway%22%2C%22weight%22%3A1.0%7D&serviceName=DEFAULT_GROUP%40%40service-gateway&encoding=UTF-8&namespaceId=public HTTP/1.1" 200 38 2 Nacos-Java-Client:v1.0.0
127.0.0.1 - - [19/Dec/2019:10:29:54 +0800] "GET /nacos/v1/ns/instance/list?healthyOnly=false&namespaceId=public&clientIP=192.168.2.111&serviceName=DEFAULT_GROUP%40%40service-gateway&udpPort=59928&encoding=UTF-8 HTTP/1.1" 200 580 1 Nacos-Java-Client:v1.0.0
127.0.0.1 - - [19/Dec/2019:10:29:54 +0800] "PUT /nacos/v1/ns/instance/beat?beat=%7B%22cluster%22%3A%22DEFAULT%22%2C%22ip%22%3A%22192.168.2.111%22%2C%22metadata%22%3A%7B%22preserved.register.source%22%3A%22SPRING_CLOUD%22%7D%2C%22port%22%3A8085%2C%22scheduled%22%3Atrue%2C%22serviceName%22%3A%22DEFAULT_GROUP%40%40service-gateway%22%2C%22weight%22%3A1.0%7D&serviceName=DEFAULT_GROUP%40%40service-gateway&encoding=UTF-8&namespaceId=public HTTP/1.1" 200 38 1 Nacos-Java-Client:v1.0.0
192.168.2.111 - - [19/Dec/2019:10:29:55 +0800] "GET /nacos/v1/cs/health HTTP/1.1" 200 2 1 Apache-HttpAsyncClient/4.1.3 (Java/1.8.0_91)
0:0:0:0:0:0:0:1 - - [19/Dec/2019:10:29:55 +0800] "GET /nacos/v1/cs/configs?dataId=service-gateway-dev.yml&group=DEFAULT_GROUP&namespaceId=&tenant=&beta=true HTTP/1.1" 200 60 2 Mozilla/5.0 (Windows NT 10.0; Win64; x64) AppleWebKit/537.36 (KHTML, like Gecko) Chrome/77.0.3865.75 Safari/537.36
0:0:0:0:0:0:0:1 - - [19/Dec/2019:10:29:55 +0800] "GET /nacos/v1/cs/configs?dataId=service-gateway-dev.yml&group=DEFAULT_GROUP&namespaceId=&tenant=&show=all HTTP/1.1" 200 738 2 Mozilla/5.0 (Windows NT 10.0; Win64; x64) AppleWebKit/537.36 (KHTML, like Gecko) Chrome/77.0.3865.75 Safari/537.36
192.168.2.111 - - [19/Dec/2019:10:30:00 +0800] "GET /nacos/v1/cs/health HTTP/1.1" 200 2 0 Apache-HttpAsyncClient/4.1.3 (Java/1.8.0_91)
127.0.0.1 - - [19/Dec/2019:10:30:01 +0800] "PUT /nacos/v1/ns/instance/beat?beat=%7B%22cluster%22%3A%22DEFAULT%22%2C%22ip%22%3A%22192.168.2.111%22%2C%22metadata%22%3A%7B%22preserved.register.source%22%3A%22SPRING_CLOUD%22%7D%2C%22port%22%3A8085%2C%22scheduled%22%3Atrue%2C%22serviceName%22%3A%22DEFAULT_GROUP%40%40service-gateway%22%2C%22weight%22%3A1.0%7D&serviceName=DEFAULT_GROUP%40%40service-gateway&encoding=UTF-8&namespaceId=public HTTP/1.1" 200 38 2 Nacos-Java-Client:v1.0.0
0:0:0:0:0:0:0:1 - - [19/Dec/2019:10:30:02 +0800] "POST /nacos/v1/cs/configs HTTP/1.1" 200 14 6 Mozilla/5.0 (Windows NT 10.0; Win64; x64) AppleWebKit/537.36 (KHTML, like Gecko) Chrome/77.0.3865.75 Safari/537.36
192.168.2.111 - - [19/Dec/2019:10:30:02 +0800] "GET /nacos/v1/cs/communication/dataChange?dataId=service-gateway-dev.yml&group=DEFAULT_GROUP HTTP/1.1" 200 14 2 Apache-HttpAsyncClient/4.1.3 (Java/1.8.0_91)
0:0:0:0:0:0:0:1 - - [19/Dec/2019:10:30:02 +0800] "GET /nacos/v1/cs/configs?dataId=service-gateway-dev.yml&group=DEFAULT_GROUP&namespaceId=&tenant=&show=all HTTP/1.1" 200 739 1 Mozilla/5.0 (Windows NT 10.0; Win64; x64) AppleWebKit/537.36 (KHTML, like Gecko) Chrome/77.0.3865.75 Safari/537.36
127.0.0.1 - - [19/Dec/2019:10:30:02 +0800] "POST /nacos/v1/cs/configs/listener HTTP/1.1" 200 44 15656 Java/1.8.0_91
127.0.0.1 - - [19/Dec/2019:10:30:02 +0800] "GET /nacos/v1/cs/configs?dataId=service-gateway-dev.yml&group=DEFAULT_GROUP HTTP/1.1" 200 360 2 Java/1.8.0_91
127.0.0.1 - - [19/Dec/2019:10:30:05 +0800] "GET /nacos/v1/ns/instance/list?healthyOnly=false&namespaceId=public&clientIP=192.168.2.111&serviceName=DEFAULT_GROUP%40%40service-gateway&udpPort=59928&encoding=UTF-8 HTTP/1.1" 200 580 1 Nacos-Java-Client:v1.0.0
192.168.2.111 - - [19/Dec/2019:10:30:05 +0800] "GET /nacos/v1/cs/health HTTP/1.1" 200 2 2 Apache-HttpAsyncClient/4.1.3 (Java/1.8.0_91)
127.0.0.1 - - [19/Dec/2019:10:30:06 +0800] "PUT /nacos/v1/ns/instance/beat?beat=%7B%22cluster%22%3A%22DEFAULT%22%2C%22ip%22%3A%22192.168.2.111%22%2C%22metadata%22%3A%7B%22preserved.register.source%22%3A%22SPRING_CLOUD%22%7D%2C%22port%22%3A8085%2C%22scheduled%22%3Atrue%2C%22serviceName%22%3A%22DEFAULT_GROUP%40%40service-gateway%22%2C%22weight%22%3A1.0%7D&serviceName=DEFAULT_GROUP%40%40service-gateway&encoding=UTF-8&namespaceId=public HTTP/1.1" 200 38 2 Nacos-Java-Client:v1.0.0
127.0.0.1 - - [19/Dec/2019:10:30:09 +0800] "GET /nacos/v1/cs/configs?dataId=service-gateway.yml&group=DEFAULT_GROUP HTTP/1.1" 404 23 3 Java/1.8.0_91
127.0.0.1 - - [19/Dec/2019:10:30:09 +0800] "GET /nacos/v1/cs/configs?dataId=service-gateway-dev.yml&group=DEFAULT_GROUP HTTP/1.1" 200 360 3 Java/1.8.0_91
127.0.0.1 - - [19/Dec/2019:10:30:09 +0800] "PUT /nacos/v1/ns/instance/beat?beat=%7B%22cluster%22%3A%22DEFAULT%22%2C%22ip%22%3A%22192.168.2.111%22%2C%22metadata%22%3A%7B%22preserved.register.source%22%3A%22SPRING_CLOUD%22%7D%2C%22port%22%3A8085%2C%22scheduled%22%3Atrue%2C%22serviceName%22%3A%22DEFAULT_GROUP%40%40service-gateway%22%2C%22weight%22%3A1.0%7D&serviceName=DEFAULT_GROUP%40%40service-gateway&encoding=UTF-8&namespaceId=public HTTP/1.1" 200 38 1 Nacos-Java-Client:v1.0.0
192.168.2.111 - - [19/Dec/2019:10:30:10 +0800] "GET /nacos/v1/cs/health HTTP/1.1" 200 2 1 Apache-HttpAsyncClient/4.1.3 (Java/1.8.0_91)
127.0.0.1 - - [19/Dec/2019:10:30:11 +0800] "GET /nacos/v1/ns/service/list?pageSize=2147483647&groupName=DEFAULT_GROUP&encoding=UTF-8&namespaceId=public&pageNo=1 HTTP/1.1" 200 49 1 Nacos-Java-Client:v1.0.0
192.168.2.111 - - [19/Dec/2019:10:30:15 +0800] "GET /nacos/v1/cs/health HTTP/1.1" 200 2 1 Apache-HttpAsyncClient/4.1.3 (Java/1.8.0_91)
0:0:0:0:0:0:0:1 - - [19/Dec/2019:10:30:16 +0800] "GET /nacos/v1/cs/configs?search=accurate&dataId=&group=&appName=&config_tags=&pageNo=1&pageSize=10&tenant=&namespaceId= HTTP/1.1" 200 2900 2 Mozilla/5.0 (Windows NT 10.0; Win64; x64) AppleWebKit/537.36 (KHTML, like Gecko) Chrome/77.0.3865.75 Safari/537.36
127.0.0.1 - - [19/Dec/2019:10:30:16 +0800] "PUT /nacos/v1/ns/instance/beat?beat=%7B%22cluster%22%3A%22DEFAULT%22%2C%22ip%22%3A%22192.168.2.111%22%2C%22metadata%22%3A%7B%22preserved.register.source%22%3A%22SPRING_CLOUD%22%7D%2C%22port%22%3A8085%2C%22scheduled%22%3Atrue%2C%22serviceName%22%3A%22DEFAULT_GROUP%40%40service-gateway%22%2C%22weight%22%3A1.0%7D&serviceName=DEFAULT_GROUP%40%40service-gateway&encoding=UTF-8&namespaceId=public HTTP/1.1" 200 38 2 Nacos-Java-Client:v1.0.0
127.0.0.1 - - [19/Dec/2019:10:30:17 +0800] "GET /nacos/v1/ns/instance/list?healthyOnly=false&namespaceId=public&clientIP=192.168.2.111&serviceName=DEFAULT_GROUP%40%40service-gateway&udpPort=59928&encoding=UTF-8 HTTP/1.1" 200 580 3 Nacos-Java-Client:v1.0.0
192.168.2.111 - - [19/Dec/2019:10:30:20 +0800] "GET /nacos/v1/cs/health HTTP/1.1" 200 2 2 Apache-HttpAsyncClient/4.1.3 (Java/1.8.0_91)
127.0.0.1 - - [19/Dec/2019:10:30:20 +0800] "PUT /nacos/v1/ns/instance/beat?beat=%7B%22cluster%22%3A%22DEFAULT%22%2C%22ip%22%3A%22192.168.2.111%22%2C%22metadata%22%3A%7B%22preserved.register.source%22%3A%22SPRING_CLOUD%22%7D%2C%22port%22%3A8085%2C%22scheduled%22%3Atrue%2C%22serviceName%22%3A%22DEFAULT_GROUP%40%40service-gateway%22%2C%22weight%22%3A1.0%7D&serviceName=DEFAULT_GROUP%40%40service-gateway&encoding=UTF-8&namespaceId=public HTTP/1.1" 200 38 1 Nacos-Java-Client:v1.0.0
192.168.2.111 - - [19/Dec/2019:10:30:25 +0800] "GET /nacos/v1/cs/health HTTP/1.1" 200 2 1 Apache-HttpAsyncClient/4.1.3 (Java/1.8.0_91)
127.0.0.1 - - [19/Dec/2019:10:30:25 +0800] "PUT /nacos/v1/ns/instance/beat?beat=%7B%22cluster%22%3A%22DEFAULT%22%2C%22ip%22%3A%22192.168.2.111%22%2C%22metadata%22%3A%7B%22preserved.register.source%22%3A%22SPRING_CLOUD%22%7D%2C%22port%22%3A8085%2C%22scheduled%22%3Atrue%2C%22serviceName%22%3A%22DEFAULT_GROUP%40%40service-gateway%22%2C%22weight%22%3A1.0%7D&serviceName=DEFAULT_GROUP%40%40service-gateway&encoding=UTF-8&namespaceId=public HTTP/1.1" 200 38 1 Nacos-Java-Client:v1.0.0
127.0.0.1 - - [19/Dec/2019:10:30:28 +0800] "GET /nacos/v1/ns/instance/list?healthyOnly=false&namespaceId=public&clientIP=192.168.2.111&serviceName=DEFAULT_GROUP%40%40service-gateway&udpPort=59928&encoding=UTF-8 HTTP/1.1" 200 580 1 Nacos-Java-Client:v1.0.0
192.168.2.111 - - [19/Dec/2019:10:30:30 +0800] "GET /nacos/v1/cs/health HTTP/1.1" 200 2 1 Apache-HttpAsyncClient/4.1.3 (Java/1.8.0_91)
127.0.0.1 - - [19/Dec/2019:10:30:31 +0800] "PUT /nacos/v1/ns/instance/beat?beat=%7B%22cluster%22%3A%22DEFAULT%22%2C%22ip%22%3A%22192.168.2.111%22%2C%22metadata%22%3A%7B%22preserved.register.source%22%3A%22SPRING_CLOUD%22%7D%2C%22port%22%3A8085%2C%22scheduled%22%3Atrue%2C%22serviceName%22%3A%22DEFAULT_GROUP%40%40service-gateway%22%2C%22weight%22%3A1.0%7D&serviceName=DEFAULT_GROUP%40%40service-gateway&encoding=UTF-8&namespaceId=public HTTP/1.1" 200 38 1 Nacos-Java-Client:v1.0.0
192.168.2.111 - - [19/Dec/2019:10:30:35 +0800] "GET /nacos/v1/cs/health HTTP/1.1" 200 2 2 Apache-HttpAsyncClient/4.1.3 (Java/1.8.0_91)
127.0.0.1 - - [19/Dec/2019:10:30:36 +0800] "PUT /nacos/v1/ns/instance/beat?beat=%7B%22cluster%22%3A%22DEFAULT%22%2C%22ip%22%3A%22192.168.2.111%22%2C%22metadata%22%3A%7B%22preserved.register.source%22%3A%22SPRING_CLOUD%22%7D%2C%22port%22%3A8085%2C%22scheduled%22%3Atrue%2C%22serviceName%22%3A%22DEFAULT_GROUP%40%40service-gateway%22%2C%22weight%22%3A1.0%7D&serviceName=DEFAULT_GROUP%40%40service-gateway&encoding=UTF-8&namespaceId=public HTTP/1.1" 200 38 1 Nacos-Java-Client:v1.0.0
127.0.0.1 - - [19/Dec/2019:10:30:38 +0800] "POST /nacos/v1/cs/configs/listener HTTP/1.1" 200 - 29503 Java/1.8.0_91
127.0.0.1 - - [19/Dec/2019:10:30:39 +0800] "GET /nacos/v1/ns/instance/list?healthyOnly=false&namespaceId=public&clientIP=192.168.2.111&serviceName=DEFAULT_GROUP%40%40service-gateway&udpPort=59928&encoding=UTF-8 HTTP/1.1" 200 580 4 Nacos-Java-Client:v1.0.0
192.168.2.111 - - [19/Dec/2019:10:30:40 +0800] "GET /nacos/v1/cs/health HTTP/1.1" 200 2 1 Apache-HttpAsyncClient/4.1.3 (Java/1.8.0_91)
127.0.0.1 - - [19/Dec/2019:10:30:41 +0800] "GET /nacos/v1/ns/service/list?pageSize=2147483647&groupName=DEFAULT_GROUP&encoding=UTF-8&namespaceId=public&pageNo=1 HTTP/1.1" 200 49 1 Nacos-Java-Client:v1.0.0
127.0.0.1 - - [19/Dec/2019:10:30:41 +0800] "PUT /nacos/v1/ns/instance/beat?beat=%7B%22cluster%22%3A%22DEFAULT%22%2C%22ip%22%3A%22192.168.2.111%22%2C%22metadata%22%3A%7B%22preserved.register.source%22%3A%22SPRING_CLOUD%22%7D%2C%22port%22%3A8085%2C%22scheduled%22%3Atrue%2C%22serviceName%22%3A%22DEFAULT_GROUP%40%40service-gateway%22%2C%22weight%22%3A1.0%7D&serviceName=DEFAULT_GROUP%40%40service-gateway&encoding=UTF-8&namespaceId=public HTTP/1.1" 200 38 1 Nacos-Java-Client:v1.0.0
192.168.2.111 - - [19/Dec/2019:10:30:45 +0800] "GET /nacos/v1/cs/health HTTP/1.1" 200 2 1 Apache-HttpAsyncClient/4.1.3 (Java/1.8.0_91)
127.0.0.1 - - [19/Dec/2019:10:30:45 +0800] "PUT /nacos/v1/ns/instance/beat?beat=%7B%22cluster%22%3A%22DEFAULT%22%2C%22ip%22%3A%22192.168.2.111%22%2C%22metadata%22%3A%7B%22preserved.register.source%22%3A%22SPRING_CLOUD%22%7D%2C%22port%22%3A8085%2C%22scheduled%22%3Atrue%2C%22serviceName%22%3A%22DEFAULT_GROUP%40%40service-gateway%22%2C%22weight%22%3A1.0%7D&serviceName=DEFAULT_GROUP%40%40service-gateway&encoding=UTF-8&namespaceId=public HTTP/1.1" 200 38 1 Nacos-Java-Client:v1.0.0
127.0.0.1 - - [19/Dec/2019:10:30:49 +0800] "GET /nacos/v1/ns/instance/list?healthyOnly=false&namespaceId=public&clientIP=192.168.2.111&serviceName=DEFAULT_GROUP%40%40service-gateway&udpPort=59928&encoding=UTF-8 HTTP/1.1" 200 580 2 Nacos-Java-Client:v1.0.0
192.168.2.111 - - [19/Dec/2019:10:30:50 +0800] "GET /nacos/v1/cs/health HTTP/1.1" 200 2 1 Apache-HttpAsyncClient/4.1.3 (Java/1.8.0_91)
127.0.0.1 - - [19/Dec/2019:10:30:51 +0800] "PUT /nacos/v1/ns/instance/beat?beat=%7B%22cluster%22%3A%22DEFAULT%22%2C%22ip%22%3A%22192.168.2.111%22%2C%22metadata%22%3A%7B%22preserved.register.source%22%3A%22SPRING_CLOUD%22%7D%2C%22port%22%3A8085%2C%22scheduled%22%3Atrue%2C%22serviceName%22%3A%22DEFAULT_GROUP%40%40service-gateway%22%2C%22weight%22%3A1.0%7D&serviceName=DEFAULT_GROUP%40%40service-gateway&encoding=UTF-8&namespaceId=public HTTP/1.1" 200 38 3 Nacos-Java-Client:v1.0.0
127.0.0.1 - - [19/Dec/2019:10:30:54 +0800] "PUT /nacos/v1/ns/instance/beat?beat=%7B%22cluster%22%3A%22DEFAULT%22%2C%22ip%22%3A%22192.168.2.111%22%2C%22metadata%22%3A%7B%22preserved.register.source%22%3A%22SPRING_CLOUD%22%7D%2C%22port%22%3A8085%2C%22scheduled%22%3Atrue%2C%22serviceName%22%3A%22DEFAULT_GROUP%40%40service-gateway%22%2C%22weight%22%3A1.0%7D&serviceName=DEFAULT_GROUP%40%40service-gateway&encoding=UTF-8&namespaceId=public HTTP/1.1" 200 38 1 Nacos-Java-Client:v1.0.0
192.168.2.111 - - [19/Dec/2019:10:30:55 +0800] "GET /nacos/v1/cs/health HTTP/1.1" 200 2 0 Apache-HttpAsyncClient/4.1.3 (Java/1.8.0_91)
127.0.0.1 - - [19/Dec/2019:10:31:00 +0800] "GET /nacos/v1/ns/instance/list?healthyOnly=false&namespaceId=public&clientIP=192.168.2.111&serviceName=DEFAULT_GROUP%40%40service-gateway&udpPort=59928&encoding=UTF-8 HTTP/1.1" 200 580 2 Nacos-Java-Client:v1.0.0
192.168.2.111 - - [19/Dec/2019:10:31:00 +0800] "GET /nacos/v1/cs/health HTTP/1.1" 200 2 1 Apache-HttpAsyncClient/4.1.3 (Java/1.8.0_91)
127.0.0.1 - - [19/Dec/2019:10:31:01 +0800] "PUT /nacos/v1/ns/instance/beat?beat=%7B%22cluster%22%3A%22DEFAULT%22%2C%22ip%22%3A%22192.168.2.111%22%2C%22metadata%22%3A%7B%22preserved.register.source%22%3A%22SPRING_CLOUD%22%7D%2C%22port%22%3A8085%2C%22scheduled%22%3Atrue%2C%22serviceName%22%3A%22DEFAULT_GROUP%40%40service-gateway%22%2C%22weight%22%3A1.0%7D&serviceName=DEFAULT_GROUP%40%40service-gateway&encoding=UTF-8&namespaceId=public HTTP/1.1" 200 38 2 Nacos-Java-Client:v1.0.0
192.168.2.111 - - [19/Dec/2019:10:31:05 +0800] "GET /nacos/v1/cs/health HTTP/1.1" 200 2 3 Apache-HttpAsyncClient/4.1.3 (Java/1.8.0_91)
127.0.0.1 - - [19/Dec/2019:10:31:05 +0800] "PUT /nacos/v1/ns/instance/beat?beat=%7B%22cluster%22%3A%22DEFAULT%22%2C%22ip%22%3A%22192.168.2.111%22%2C%22metadata%22%3A%7B%22preserved.register.source%22%3A%22SPRING_CLOUD%22%7D%2C%22port%22%3A8085%2C%22scheduled%22%3Atrue%2C%22serviceName%22%3A%22DEFAULT_GROUP%40%40service-gateway%22%2C%22weight%22%3A1.0%7D&serviceName=DEFAULT_GROUP%40%40service-gateway&encoding=UTF-8&namespaceId=public HTTP/1.1" 200 38 2 Nacos-Java-Client:v1.0.0
127.0.0.1 - - [19/Dec/2019:10:31:08 +0800] "POST /nacos/v1/cs/configs/listener HTTP/1.1" 200 - 29503 Java/1.8.0_91
192.168.2.111 - - [19/Dec/2019:10:31:10 +0800] "GET /nacos/v1/cs/health HTTP/1.1" 200 2 1 Apache-HttpAsyncClient/4.1.3 (Java/1.8.0_91)
127.0.0.1 - - [19/Dec/2019:10:31:10 +0800] "PUT /nacos/v1/ns/instance/beat?beat=%7B%22cluster%22%3A%22DEFAULT%22%2C%22ip%22%3A%22192.168.2.111%22%2C%22metadata%22%3A%7B%22preserved.register.source%22%3A%22SPRING_CLOUD%22%7D%2C%22port%22%3A8085%2C%22scheduled%22%3Atrue%2C%22serviceName%22%3A%22DEFAULT_GROUP%40%40service-gateway%22%2C%22weight%22%3A1.0%7D&serviceName=DEFAULT_GROUP%40%40service-gateway&encoding=UTF-8&namespaceId=public HTTP/1.1" 200 38 1 Nacos-Java-Client:v1.0.0
127.0.0.1 - - [19/Dec/2019:10:31:11 +0800] "GET /nacos/v1/ns/service/list?pageSize=2147483647&groupName=DEFAULT_GROUP&encoding=UTF-8&namespaceId=public&pageNo=1 HTTP/1.1" 200 49 2 Nacos-Java-Client:v1.0.0
127.0.0.1 - - [19/Dec/2019:10:31:12 +0800] "GET /nacos/v1/ns/instance/list?healthyOnly=false&namespaceId=public&clientIP=192.168.2.111&serviceName=DEFAULT_GROUP%40%40service-gateway&udpPort=59928&encoding=UTF-8 HTTP/1.1" 200 580 1 Nacos-Java-Client:v1.0.0
192.168.2.111 - - [19/Dec/2019:10:31:15 +0800] "GET /nacos/v1/cs/health HTTP/1.1" 200 2 1 Apache-HttpAsyncClient/4.1.3 (Java/1.8.0_91)
127.0.0.1 - - [19/Dec/2019:10:31:15 +0800] "PUT /nacos/v1/ns/instance/beat?beat=%7B%22cluster%22%3A%22DEFAULT%22%2C%22ip%22%3A%22192.168.2.111%22%2C%22metadata%22%3A%7B%22preserved.register.source%22%3A%22SPRING_CLOUD%22%7D%2C%22port%22%3A8085%2C%22scheduled%22%3Atrue%2C%22serviceName%22%3A%22DEFAULT_GROUP%40%40service-gateway%22%2C%22weight%22%3A1.0%7D&serviceName=DEFAULT_GROUP%40%40service-gateway&encoding=UTF-8&namespaceId=public HTTP/1.1" 200 38 2 Nacos-Java-Client:v1.0.0
127.0.0.1 - - [19/Dec/2019:10:31:17 +0800] "DELETE /nacos/v1/ns/instance?namespaceId=public&port=8085&clusterName=DEFAULT&ip=192.168.2.111&ephemeral=true&serviceName=DEFAULT_GROUP%40%40service-gateway&encoding=UTF-8 HTTP/1.1" 200 2 2 Nacos-Java-Client:v1.0.0
127.0.0.1 - - [19/Dec/2019:10:31:20 +0800] "GET /nacos/v1/cs/configs?dataId=common-consumer.yml&group=DEFAULT_GROUP HTTP/1.1" 200 1943 2 Java/1.8.0_91
127.0.0.1 - - [19/Dec/2019:10:31:20 +0800] "GET /nacos/v1/cs/configs?dataId=common-log.yml&group=DEFAULT_GROUP HTTP/1.1" 200 112 1 Java/1.8.0_91
127.0.0.1 - - [19/Dec/2019:10:31:20 +0800] "GET /nacos/v1/cs/configs?dataId=service-gateway.yml&group=DEFAULT_GROUP HTTP/1.1" 404 23 1 Java/1.8.0_91
127.0.0.1 - - [19/Dec/2019:10:31:20 +0800] "GET /nacos/v1/cs/configs?dataId=service-gateway-dev.yml&group=DEFAULT_GROUP HTTP/1.1" 200 360 2 Java/1.8.0_91
192.168.2.111 - - [19/Dec/2019:10:31:20 +0800] "GET /nacos/v1/cs/health HTTP/1.1" 200 2 1 Apache-HttpAsyncClient/4.1.3 (Java/1.8.0_91)
127.0.0.1 - - [19/Dec/2019:10:31:22 +0800] "GET /nacos/v1/ns/service/list?pageSize=2147483647&groupName=DEFAULT_GROUP&encoding=UTF-8&namespaceId=public&pageNo=1 HTTP/1.1" 200 49 2 Nacos-Java-Client:v1.0.0
127.0.0.1 - - [19/Dec/2019:10:31:23 +0800] "GET /nacos/v1/ns/instance/list?healthyOnly=false&namespaceId=public&clientIP=192.168.2.111&serviceName=DEFAULT_GROUP%40%40service-gateway&udpPort=58393&encoding=UTF-8 HTTP/1.1" 200 257 6 Nacos-Java-Client:v1.0.0
127.0.0.1 - - [19/Dec/2019:10:31:23 +0800] "POST /nacos/v1/ns/instance?groupName=DEFAULT_GROUP&metadata=%7B%22preserved.register.source%22%3A%22SPRING_CLOUD%22%7D&namespaceId=public&port=8085&enable=true&healthy=true&clusterName=DEFAULT&ip=192.168.2.111&weight=1.0&ephemeral=true&serviceName=DEFAULT_GROUP%40%40service-gateway&encoding=UTF-8 HTTP/1.1" 200 2 2 Nacos-Java-Client:v1.0.0
127.0.0.1 - - [19/Dec/2019:10:31:23 +0800] "POST /nacos/v1/cs/configs/listener HTTP/1.1" 200 - 2 Java/1.8.0_91
127.0.0.1 - - [19/Dec/2019:10:31:23 +0800] "GET /nacos/v1/cs/configs?dataId=common-consumer.yml&group=DEFAULT_GROUP HTTP/1.1" 200 1943 2 Java/1.8.0_91
127.0.0.1 - - [19/Dec/2019:10:31:23 +0800] "GET /nacos/v1/cs/configs?dataId=common-log.yml&group=DEFAULT_GROUP HTTP/1.1" 200 112 1 Java/1.8.0_91
127.0.0.1 - - [19/Dec/2019:10:31:23 +0800] "GET /nacos/v1/cs/configs?dataId=service-gateway.yml&group=DEFAULT_GROUP HTTP/1.1" 404 23 1 Java/1.8.0_91
127.0.0.1 - - [19/Dec/2019:10:31:23 +0800] "GET /nacos/v1/cs/configs?dataId=service-gateway-dev.yml&group=DEFAULT_GROUP HTTP/1.1" 200 360 2 Java/1.8.0_91
127.0.0.1 - - [19/Dec/2019:10:31:24 +0800] "GET /nacos/v1/cs/configs?dataId=common-consumer.yml&group=DEFAULT_GROUP HTTP/1.1" 200 1943 1 Java/1.8.0_91
127.0.0.1 - - [19/Dec/2019:10:31:24 +0800] "GET /nacos/v1/cs/configs?dataId=common-log.yml&group=DEFAULT_GROUP HTTP/1.1" 200 112 1 Java/1.8.0_91
127.0.0.1 - - [19/Dec/2019:10:31:24 +0800] "GET /nacos/v1/cs/configs?dataId=service-gateway.yml&group=DEFAULT_GROUP HTTP/1.1" 404 23 1 Java/1.8.0_91
127.0.0.1 - - [19/Dec/2019:10:31:24 +0800] "GET /nacos/v1/cs/configs?dataId=service-gateway-dev.yml&group=DEFAULT_GROUP HTTP/1.1" 200 360 1 Java/1.8.0_91
127.0.0.1 - - [19/Dec/2019:10:31:25 +0800] "GET /nacos/v1/cs/configs?dataId=common-consumer.yml&group=DEFAULT_GROUP HTTP/1.1" 200 1943 2 Java/1.8.0_91
127.0.0.1 - - [19/Dec/2019:10:31:25 +0800] "GET /nacos/v1/cs/configs?dataId=common-log.yml&group=DEFAULT_GROUP HTTP/1.1" 200 112 1 Java/1.8.0_91
127.0.0.1 - - [19/Dec/2019:10:31:25 +0800] "GET /nacos/v1/cs/configs?dataId=service-gateway.yml&group=DEFAULT_GROUP HTTP/1.1" 404 23 1 Java/1.8.0_91
127.0.0.1 - - [19/Dec/2019:10:31:25 +0800] "GET /nacos/v1/cs/configs?dataId=service-gateway-dev.yml&group=DEFAULT_GROUP HTTP/1.1" 200 360 2 Java/1.8.0_91
127.0.0.1 - - [19/Dec/2019:10:31:25 +0800] "GET /nacos/v1/ns/instance/list?healthyOnly=false&namespaceId=public&clientIP=192.168.2.111&serviceName=DEFAULT_GROUP%40%40service-gateway&udpPort=58393&encoding=UTF-8 HTTP/1.1" 200 580 1 Nacos-Java-Client:v1.0.0
192.168.2.111 - - [19/Dec/2019:10:31:25 +0800] "GET /nacos/v1/cs/health HTTP/1.1" 200 2 2 Apache-HttpAsyncClient/4.1.3 (Java/1.8.0_91)
127.0.0.1 - - [19/Dec/2019:10:31:27 +0800] "PUT /nacos/v1/ns/instance/beat?beat=%7B%22cluster%22%3A%22DEFAULT%22%2C%22ip%22%3A%22192.168.2.111%22%2C%22metadata%22%3A%7B%22preserved.register.source%22%3A%22SPRING_CLOUD%22%7D%2C%22port%22%3A8085%2C%22scheduled%22%3Atrue%2C%22serviceName%22%3A%22DEFAULT_GROUP%40%40service-gateway%22%2C%22weight%22%3A1.0%7D&serviceName=DEFAULT_GROUP%40%40service-gateway&encoding=UTF-8&namespaceId=public HTTP/1.1" 200 38 1 Nacos-Java-Client:v1.0.0
192.168.2.111 - - [19/Dec/2019:10:31:30 +0800] "GET /nacos/v1/cs/health HTTP/1.1" 200 2 1 Apache-HttpAsyncClient/4.1.3 (Java/1.8.0_91)
127.0.0.1 - - [19/Dec/2019:10:31:31 +0800] "PUT /nacos/v1/ns/instance/beat?beat=%7B%22cluster%22%3A%22DEFAULT%22%2C%22ip%22%3A%22192.168.2.111%22%2C%22metadata%22%3A%7B%22preserved.register.source%22%3A%22SPRING_CLOUD%22%7D%2C%22port%22%3A8085%2C%22scheduled%22%3Atrue%2C%22serviceName%22%3A%22DEFAULT_GROUP%40%40service-gateway%22%2C%22weight%22%3A1.0%7D&serviceName=DEFAULT_GROUP%40%40service-gateway&encoding=UTF-8&namespaceId=public HTTP/1.1" 200 38 1 Nacos-Java-Client:v1.0.0
192.168.2.111 - - [19/Dec/2019:10:31:35 +0800] "GET /nacos/v1/cs/health HTTP/1.1" 200 2 1 Apache-HttpAsyncClient/4.1.3 (Java/1.8.0_91)
127.0.0.1 - - [19/Dec/2019:10:31:37 +0800] "POST /nacos/v1/cs/configs/listener HTTP/1.1" 500 - 29503 Java/1.8.0_91
127.0.0.1 - - [19/Dec/2019:10:31:37 +0800] "GET /nacos/v1/ns/instance/list?healthyOnly=false&namespaceId=public&clientIP=192.168.2.111&serviceName=DEFAULT_GROUP%40%40service-gateway&udpPort=58393&encoding=UTF-8 HTTP/1.1" 200 580 1 Nacos-Java-Client:v1.0.0
127.0.0.1 - - [19/Dec/2019:10:31:38 +0800] "PUT /nacos/v1/ns/instance/beat?beat=%7B%22cluster%22%3A%22DEFAULT%22%2C%22ip%22%3A%22192.168.2.111%22%2C%22metadata%22%3A%7B%22preserved.register.source%22%3A%22SPRING_CLOUD%22%7D%2C%22port%22%3A8085%2C%22scheduled%22%3Atrue%2C%22serviceName%22%3A%22DEFAULT_GROUP%40%40service-gateway%22%2C%22weight%22%3A1.0%7D&serviceName=DEFAULT_GROUP%40%40service-gateway&encoding=UTF-8&namespaceId=public HTTP/1.1" 200 38 4 Nacos-Java-Client:v1.0.0
192.168.2.111 - - [19/Dec/2019:10:31:40 +0800] "GET /nacos/v1/cs/health HTTP/1.1" 200 2 0 Apache-HttpAsyncClient/4.1.3 (Java/1.8.0_91)
127.0.0.1 - - [19/Dec/2019:10:31:43 +0800] "PUT /nacos/v1/ns/instance/beat?beat=%7B%22cluster%22%3A%22DEFAULT%22%2C%22ip%22%3A%22192.168.2.111%22%2C%22metadata%22%3A%7B%22preserved.register.source%22%3A%22SPRING_CLOUD%22%7D%2C%22port%22%3A8085%2C%22scheduled%22%3Atrue%2C%22serviceName%22%3A%22DEFAULT_GROUP%40%40service-gateway%22%2C%22weight%22%3A1.0%7D&serviceName=DEFAULT_GROUP%40%40service-gateway&encoding=UTF-8&namespaceId=public HTTP/1.1" 200 38 1 Nacos-Java-Client:v1.0.0
192.168.2.111 - - [19/Dec/2019:10:31:45 +0800] "GET /nacos/v1/cs/health HTTP/1.1" 200 2 3 Apache-HttpAsyncClient/4.1.3 (Java/1.8.0_91)
127.0.0.1 - - [19/Dec/2019:10:31:47 +0800] "GET /nacos/v1/ns/instance/list?healthyOnly=false&namespaceId=public&clientIP=192.168.2.111&serviceName=DEFAULT_GROUP%40%40service-gateway&udpPort=58393&encoding=UTF-8 HTTP/1.1" 200 580 2 Nacos-Java-Client:v1.0.0
127.0.0.1 - - [19/Dec/2019:10:31:48 +0800] "PUT /nacos/v1/ns/instance/beat?beat=%7B%22cluster%22%3A%22DEFAULT%22%2C%22ip%22%3A%22192.168.2.111%22%2C%22metadata%22%3A%7B%22preserved.register.source%22%3A%22SPRING_CLOUD%22%7D%2C%22port%22%3A8085%2C%22scheduled%22%3Atrue%2C%22serviceName%22%3A%22DEFAULT_GROUP%40%40service-gateway%22%2C%22weight%22%3A1.0%7D&serviceName=DEFAULT_GROUP%40%40service-gateway&encoding=UTF-8&namespaceId=public HTTP/1.1" 200 38 2 Nacos-Java-Client:v1.0.0
192.168.2.111 - - [19/Dec/2019:10:31:50 +0800] "GET /nacos/v1/cs/health HTTP/1.1" 200 2 2 Apache-HttpAsyncClient/4.1.3 (Java/1.8.0_91)
0:0:0:0:0:0:0:1 - - [19/Dec/2019:10:31:51 +0800] "GET /nacos/v1/cs/configs?dataId=common-log.yml&group=DEFAULT_GROUP&namespaceId=&tenant=&beta=true HTTP/1.1" 200 60 2 Mozilla/5.0 (Windows NT 10.0; Win64; x64) AppleWebKit/537.36 (KHTML, like Gecko) Chrome/77.0.3865.75 Safari/537.36
0:0:0:0:0:0:0:1 - - [19/Dec/2019:10:31:51 +0800] "GET /nacos/v1/cs/configs?dataId=common-log.yml&group=DEFAULT_GROUP&namespaceId=&tenant=&show=all HTTP/1.1" 200 470 1 Mozilla/5.0 (Windows NT 10.0; Win64; x64) AppleWebKit/537.36 (KHTML, like Gecko) Chrome/77.0.3865.75 Safari/537.36
127.0.0.1 - - [19/Dec/2019:10:31:52 +0800] "PUT /nacos/v1/ns/instance/beat?beat=%7B%22cluster%22%3A%22DEFAULT%22%2C%22ip%22%3A%22192.168.2.111%22%2C%22metadata%22%3A%7B%22preserved.register.source%22%3A%22SPRING_CLOUD%22%7D%2C%22port%22%3A8085%2C%22scheduled%22%3Atrue%2C%22serviceName%22%3A%22DEFAULT_GROUP%40%40service-gateway%22%2C%22weight%22%3A1.0%7D&serviceName=DEFAULT_GROUP%40%40service-gateway&encoding=UTF-8&namespaceId=public HTTP/1.1" 200 38 1 Nacos-Java-Client:v1.0.0
127.0.0.1 - - [19/Dec/2019:10:31:54 +0800] "GET /nacos/v1/ns/service/list?pageSize=2147483647&groupName=DEFAULT_GROUP&encoding=UTF-8&namespaceId=public&pageNo=1 HTTP/1.1" 200 49 1 Nacos-Java-Client:v1.0.0
127.0.0.1 - - [19/Dec/2019:10:31:54 +0800] "POST /nacos/v1/cs/configs/listener HTTP/1.1" 200 - 29502 Java/1.8.0_91
192.168.2.111 - - [19/Dec/2019:10:31:55 +0800] "GET /nacos/v1/cs/health HTTP/1.1" 200 2 1 Apache-HttpAsyncClient/4.1.3 (Java/1.8.0_91)
127.0.0.1 - - [19/Dec/2019:10:31:57 +0800] "PUT /nacos/v1/ns/instance/beat?beat=%7B%22cluster%22%3A%22DEFAULT%22%2C%22ip%22%3A%22192.168.2.111%22%2C%22metadata%22%3A%7B%22preserved.register.source%22%3A%22SPRING_CLOUD%22%7D%2C%22port%22%3A8085%2C%22scheduled%22%3Atrue%2C%22serviceName%22%3A%22DEFAULT_GROUP%40%40service-gateway%22%2C%22weight%22%3A1.0%7D&serviceName=DEFAULT_GROUP%40%40service-gateway&encoding=UTF-8&namespaceId=public HTTP/1.1" 200 38 2 Nacos-Java-Client:v1.0.0
0:0:0:0:0:0:0:1 - - [19/Dec/2019:10:31:57 +0800] "POST /nacos/v1/cs/configs HTTP/1.1" 200 14 6 Mozilla/5.0 (Windows NT 10.0; Win64; x64) AppleWebKit/537.36 (KHTML, like Gecko) Chrome/77.0.3865.75 Safari/537.36
192.168.2.111 - - [19/Dec/2019:10:31:57 +0800] "GET /nacos/v1/cs/communication/dataChange?dataId=common-log.yml&group=DEFAULT_GROUP HTTP/1.1" 200 14 2 Apache-HttpAsyncClient/4.1.3 (Java/1.8.0_91)
0:0:0:0:0:0:0:1 - - [19/Dec/2019:10:31:57 +0800] "GET /nacos/v1/cs/configs?dataId=common-log.yml&group=DEFAULT_GROUP&namespaceId=&tenant=&show=all HTTP/1.1" 200 471 2 Mozilla/5.0 (Windows NT 10.0; Win64; x64) AppleWebKit/537.36 (KHTML, like Gecko) Chrome/77.0.3865.75 Safari/537.36
127.0.0.1 - - [19/Dec/2019:10:31:57 +0800] "POST /nacos/v1/cs/configs/listener HTTP/1.1" 200 35 3197 Java/1.8.0_91
127.0.0.1 - - [19/Dec/2019:10:31:57 +0800] "GET /nacos/v1/cs/configs?dataId=common-log.yml&group=DEFAULT_GROUP HTTP/1.1" 200 113 1 Java/1.8.0_91
127.0.0.1 - - [19/Dec/2019:10:31:58 +0800] "GET /nacos/v1/ns/instance/list?healthyOnly=false&namespaceId=public&clientIP=192.168.2.111&serviceName=DEFAULT_GROUP%40%40service-gateway&udpPort=58393&encoding=UTF-8 HTTP/1.1" 200 580 1 Nacos-Java-Client:v1.0.0
127.0.0.1 - - [19/Dec/2019:10:31:59 +0800] "GET /nacos/v1/cs/configs?dataId=common-consumer.yml&group=DEFAULT_GROUP HTTP/1.1" 200 1943 1 Java/1.8.0_91
127.0.0.1 - - [19/Dec/2019:10:31:59 +0800] "GET /nacos/v1/cs/configs?dataId=common-log.yml&group=DEFAULT_GROUP HTTP/1.1" 200 113 2 Java/1.8.0_91
127.0.0.1 - - [19/Dec/2019:10:31:59 +0800] "GET /nacos/v1/cs/configs?dataId=service-gateway.yml&group=DEFAULT_GROUP HTTP/1.1" 404 23 1 Java/1.8.0_91
127.0.0.1 - - [19/Dec/2019:10:31:59 +0800] "GET /nacos/v1/cs/configs?dataId=service-gateway-dev.yml&group=DEFAULT_GROUP HTTP/1.1" 200 360 1 Java/1.8.0_91
192.168.2.111 - - [19/Dec/2019:10:32:00 +0800] "GET /nacos/v1/cs/health HTTP/1.1" 200 2 2 Apache-HttpAsyncClient/4.1.3 (Java/1.8.0_91)
127.0.0.1 - - [19/Dec/2019:10:32:02 +0800] "PUT /nacos/v1/ns/instance/beat?beat=%7B%22cluster%22%3A%22DEFAULT%22%2C%22ip%22%3A%22192.168.2.111%22%2C%22metadata%22%3A%7B%22preserved.register.source%22%3A%22SPRING_CLOUD%22%7D%2C%22port%22%3A8085%2C%22scheduled%22%3Atrue%2C%22serviceName%22%3A%22DEFAULT_GROUP%40%40service-gateway%22%2C%22weight%22%3A1.0%7D&serviceName=DEFAULT_GROUP%40%40service-gateway&encoding=UTF-8&namespaceId=public HTTP/1.1" 200 38 2 Nacos-Java-Client:v1.0.0
192.168.2.111 - - [19/Dec/2019:10:32:05 +0800] "GET /nacos/v1/cs/health HTTP/1.1" 200 2 1 Apache-HttpAsyncClient/4.1.3 (Java/1.8.0_91)
127.0.0.1 - - [19/Dec/2019:10:32:06 +0800] "PUT /nacos/v1/ns/instance/beat?beat=%7B%22cluster%22%3A%22DEFAULT%22%2C%22ip%22%3A%22192.168.2.111%22%2C%22metadata%22%3A%7B%22preserved.register.source%22%3A%22SPRING_CLOUD%22%7D%2C%22port%22%3A8085%2C%22scheduled%22%3Atrue%2C%22serviceName%22%3A%22DEFAULT_GROUP%40%40service-gateway%22%2C%22weight%22%3A1.0%7D&serviceName=DEFAULT_GROUP%40%40service-gateway&encoding=UTF-8&namespaceId=public HTTP/1.1" 200 38 1 Nacos-Java-Client:v1.0.0
127.0.0.1 - - [19/Dec/2019:10:32:10 +0800] "GET /nacos/v1/ns/instance/list?healthyOnly=false&namespaceId=public&clientIP=192.168.2.111&serviceName=DEFAULT_GROUP%40%40service-gateway&udpPort=58393&encoding=UTF-8 HTTP/1.1" 200 580 1 Nacos-Java-Client:v1.0.0
192.168.2.111 - - [19/Dec/2019:10:32:10 +0800] "GET /nacos/v1/cs/health HTTP/1.1" 200 2 1 Apache-HttpAsyncClient/4.1.3 (Java/1.8.0_91)
127.0.0.1 - - [19/Dec/2019:10:32:13 +0800] "PUT /nacos/v1/ns/instance/beat?beat=%7B%22cluster%22%3A%22DEFAULT%22%2C%22ip%22%3A%22192.168.2.111%22%2C%22metadata%22%3A%7B%22preserved.register.source%22%3A%22SPRING_CLOUD%22%7D%2C%22port%22%3A8085%2C%22scheduled%22%3Atrue%2C%22serviceName%22%3A%22DEFAULT_GROUP%40%40service-gateway%22%2C%22weight%22%3A1.0%7D&serviceName=DEFAULT_GROUP%40%40service-gateway&encoding=UTF-8&namespaceId=public HTTP/1.1" 200 38 2 Nacos-Java-Client:v1.0.0
192.168.2.111 - - [19/Dec/2019:10:32:15 +0800] "GET /nacos/v1/cs/health HTTP/1.1" 200 2 1 Apache-HttpAsyncClient/4.1.3 (Java/1.8.0_91)
127.0.0.1 - - [19/Dec/2019:10:32:18 +0800] "PUT /nacos/v1/ns/instance/beat?beat=%7B%22cluster%22%3A%22DEFAULT%22%2C%22ip%22%3A%22192.168.2.111%22%2C%22metadata%22%3A%7B%22preserved.register.source%22%3A%22SPRING_CLOUD%22%7D%2C%22port%22%3A8085%2C%22scheduled%22%3Atrue%2C%22serviceName%22%3A%22DEFAULT_GROUP%40%40service-gateway%22%2C%22weight%22%3A1.0%7D&serviceName=DEFAULT_GROUP%40%40service-gateway&encoding=UTF-8&namespaceId=public HTTP/1.1" 200 38 1 Nacos-Java-Client:v1.0.0
127.0.0.1 - - [19/Dec/2019:10:32:20 +0800] "GET /nacos/v1/ns/instance/list?healthyOnly=false&namespaceId=public&clientIP=192.168.2.111&serviceName=DEFAULT_GROUP%40%40service-gateway&udpPort=58393&encoding=UTF-8 HTTP/1.1" 200 580 1 Nacos-Java-Client:v1.0.0
192.168.2.111 - - [19/Dec/2019:10:32:20 +0800] "GET /nacos/v1/cs/health HTTP/1.1" 200 2 2 Apache-HttpAsyncClient/4.1.3 (Java/1.8.0_91)
0:0:0:0:0:0:0:1 - - [19/Dec/2019:10:32:21 +0800] "GET /nacos/v1/cs/configs?search=accurate&dataId=&group=&appName=&config_tags=&pageNo=1&pageSize=10&tenant=&namespaceId= HTTP/1.1" 200 2901 4 Mozilla/5.0 (Windows NT 10.0; Win64; x64) AppleWebKit/537.36 (KHTML, like Gecko) Chrome/77.0.3865.75 Safari/537.36
127.0.0.1 - - [19/Dec/2019:10:32:23 +0800] "PUT /nacos/v1/ns/instance/beat?beat=%7B%22cluster%22%3A%22DEFAULT%22%2C%22ip%22%3A%22192.168.2.111%22%2C%22metadata%22%3A%7B%22preserved.register.source%22%3A%22SPRING_CLOUD%22%7D%2C%22port%22%3A8085%2C%22scheduled%22%3Atrue%2C%22serviceName%22%3A%22DEFAULT_GROUP%40%40service-gateway%22%2C%22weight%22%3A1.0%7D&serviceName=DEFAULT_GROUP%40%40service-gateway&encoding=UTF-8&namespaceId=public HTTP/1.1" 200 38 1 Nacos-Java-Client:v1.0.0
127.0.0.1 - - [19/Dec/2019:10:32:25 +0800] "GET /nacos/v1/ns/service/list?pageSize=2147483647&groupName=DEFAULT_GROUP&encoding=UTF-8&namespaceId=public&pageNo=1 HTTP/1.1" 200 49 2 Nacos-Java-Client:v1.0.0
192.168.2.111 - - [19/Dec/2019:10:32:25 +0800] "GET /nacos/v1/cs/health HTTP/1.1" 200 2 0 Apache-HttpAsyncClient/4.1.3 (Java/1.8.0_91)
0:0:0:0:0:0:0:1 - - [19/Dec/2019:10:32:26 +0800] "GET /nacos/v1/cs/configs?dataId=common-consumer.yml&group=DEFAULT_GROUP&namespaceId=&tenant=&beta=true HTTP/1.1" 200 60 1 Mozilla/5.0 (Windows NT 10.0; Win64; x64) AppleWebKit/537.36 (KHTML, like Gecko) Chrome/77.0.3865.75 Safari/537.36
0:0:0:0:0:0:0:1 - - [19/Dec/2019:10:32:26 +0800] "GET /nacos/v1/cs/configs?dataId=common-consumer.yml&group=DEFAULT_GROUP&namespaceId=&tenant=&show=all HTTP/1.1" 200 2371 1 Mozilla/5.0 (Windows NT 10.0; Win64; x64) AppleWebKit/537.36 (KHTML, like Gecko) Chrome/77.0.3865.75 Safari/537.36
127.0.0.1 - - [19/Dec/2019:10:32:27 +0800] "PUT /nacos/v1/ns/instance/beat?beat=%7B%22cluster%22%3A%22DEFAULT%22%2C%22ip%22%3A%22192.168.2.111%22%2C%22metadata%22%3A%7B%22preserved.register.source%22%3A%22SPRING_CLOUD%22%7D%2C%22port%22%3A8085%2C%22scheduled%22%3Atrue%2C%22serviceName%22%3A%22DEFAULT_GROUP%40%40service-gateway%22%2C%22weight%22%3A1.0%7D&serviceName=DEFAULT_GROUP%40%40service-gateway&encoding=UTF-8&namespaceId=public HTTP/1.1" 200 38 1 Nacos-Java-Client:v1.0.0
127.0.0.1 - - [19/Dec/2019:10:32:28 +0800] "POST /nacos/v1/cs/configs/listener HTTP/1.1" 200 - 29502 Java/1.8.0_91
192.168.2.111 - - [19/Dec/2019:10:32:30 +0800] "GET /nacos/v1/cs/health HTTP/1.1" 200 2 1 Apache-HttpAsyncClient/4.1.3 (Java/1.8.0_91)
127.0.0.1 - - [19/Dec/2019:10:32:31 +0800] "PUT /nacos/v1/ns/instance/beat?beat=%7B%22cluster%22%3A%22DEFAULT%22%2C%22ip%22%3A%22192.168.2.111%22%2C%22metadata%22%3A%7B%22preserved.register.source%22%3A%22SPRING_CLOUD%22%7D%2C%22port%22%3A8085%2C%22scheduled%22%3Atrue%2C%22serviceName%22%3A%22DEFAULT_GROUP%40%40service-gateway%22%2C%22weight%22%3A1.0%7D&serviceName=DEFAULT_GROUP%40%40service-gateway&encoding=UTF-8&namespaceId=public HTTP/1.1" 200 38 1 Nacos-Java-Client:v1.0.0
127.0.0.1 - - [19/Dec/2019:10:32:32 +0800] "GET /nacos/v1/ns/instance/list?healthyOnly=false&namespaceId=public&clientIP=192.168.2.111&serviceName=DEFAULT_GROUP%40%40service-gateway&udpPort=58393&encoding=UTF-8 HTTP/1.1" 200 580 2 Nacos-Java-Client:v1.0.0
192.168.2.111 - - [19/Dec/2019:10:32:35 +0800] "GET /nacos/v1/cs/health HTTP/1.1" 200 2 1 Apache-HttpAsyncClient/4.1.3 (Java/1.8.0_91)
127.0.0.1 - - [19/Dec/2019:10:32:36 +0800] "PUT /nacos/v1/ns/instance/beat?beat=%7B%22cluster%22%3A%22DEFAULT%22%2C%22ip%22%3A%22192.168.2.111%22%2C%22metadata%22%3A%7B%22preserved.register.source%22%3A%22SPRING_CLOUD%22%7D%2C%22port%22%3A8085%2C%22scheduled%22%3Atrue%2C%22serviceName%22%3A%22DEFAULT_GROUP%40%40service-gateway%22%2C%22weight%22%3A1.0%7D&serviceName=DEFAULT_GROUP%40%40service-gateway&encoding=UTF-8&namespaceId=public HTTP/1.1" 200 38 1 Nacos-Java-Client:v1.0.0
0:0:0:0:0:0:0:1 - - [19/Dec/2019:10:32:37 +0800] "POST /nacos/v1/cs/configs HTTP/1.1" 200 14 6 Mozilla/5.0 (Windows NT 10.0; Win64; x64) AppleWebKit/537.36 (KHTML, like Gecko) Chrome/77.0.3865.75 Safari/537.36
192.168.2.111 - - [19/Dec/2019:10:32:37 +0800] "GET /nacos/v1/cs/communication/dataChange?dataId=common-consumer.yml&group=DEFAULT_GROUP HTTP/1.1" 200 14 2 Apache-HttpAsyncClient/4.1.3 (Java/1.8.0_91)
0:0:0:0:0:0:0:1 - - [19/Dec/2019:10:32:37 +0800] "GET /nacos/v1/cs/configs?dataId=common-consumer.yml&group=DEFAULT_GROUP&namespaceId=&tenant=&show=all HTTP/1.1" 200 2372 1 Mozilla/5.0 (Windows NT 10.0; Win64; x64) AppleWebKit/537.36 (KHTML, like Gecko) Chrome/77.0.3865.75 Safari/537.36
127.0.0.1 - - [19/Dec/2019:10:32:37 +0800] "POST /nacos/v1/cs/configs/listener HTTP/1.1" 200 40 8932 Java/1.8.0_91
127.0.0.1 - - [19/Dec/2019:10:32:37 +0800] "GET /nacos/v1/cs/configs?dataId=common-consumer.yml&group=DEFAULT_GROUP HTTP/1.1" 200 1944 2 Java/1.8.0_91
127.0.0.1 - - [19/Dec/2019:10:32:37 +0800] "GET /nacos/v1/cs/configs?dataId=common-consumer.yml&group=DEFAULT_GROUP HTTP/1.1" 200 1944 1 Java/1.8.0_91
127.0.0.1 - - [19/Dec/2019:10:32:37 +0800] "GET /nacos/v1/cs/configs?dataId=common-log.yml&group=DEFAULT_GROUP HTTP/1.1" 200 113 2 Java/1.8.0_91
127.0.0.1 - - [19/Dec/2019:10:32:37 +0800] "GET /nacos/v1/cs/configs?dataId=service-gateway.yml&group=DEFAULT_GROUP HTTP/1.1" 404 23 1 Java/1.8.0_91
127.0.0.1 - - [19/Dec/2019:10:32:37 +0800] "GET /nacos/v1/cs/configs?dataId=service-gateway-dev.yml&group=DEFAULT_GROUP HTTP/1.1" 200 360 2 Java/1.8.0_91
192.168.2.111 - - [19/Dec/2019:10:32:40 +0800] "GET /nacos/v1/cs/health HTTP/1.1" 200 2 1 Apache-HttpAsyncClient/4.1.3 (Java/1.8.0_91)
127.0.0.1 - - [19/Dec/2019:10:32:41 +0800] "PUT /nacos/v1/ns/instance/beat?beat=%7B%22cluster%22%3A%22DEFAULT%22%2C%22ip%22%3A%22192.168.2.111%22%2C%22metadata%22%3A%7B%22preserved.register.source%22%3A%22SPRING_CLOUD%22%7D%2C%22port%22%3A8085%2C%22scheduled%22%3Atrue%2C%22serviceName%22%3A%22DEFAULT_GROUP%40%40service-gateway%22%2C%22weight%22%3A1.0%7D&serviceName=DEFAULT_GROUP%40%40service-gateway&encoding=UTF-8&namespaceId=public HTTP/1.1" 200 38 1 Nacos-Java-Client:v1.0.0
127.0.0.1 - - [19/Dec/2019:10:32:43 +0800] "GET /nacos/v1/ns/instance/list?healthyOnly=false&namespaceId=public&clientIP=192.168.2.111&serviceName=DEFAULT_GROUP%40%40service-gateway&udpPort=58393&encoding=UTF-8 HTTP/1.1" 200 580 1 Nacos-Java-Client:v1.0.0
192.168.2.111 - - [19/Dec/2019:10:32:45 +0800] "GET /nacos/v1/cs/health HTTP/1.1" 200 2 0 Apache-HttpAsyncClient/4.1.3 (Java/1.8.0_91)
127.0.0.1 - - [19/Dec/2019:10:32:48 +0800] "PUT /nacos/v1/ns/instance/beat?beat=%7B%22cluster%22%3A%22DEFAULT%22%2C%22ip%22%3A%22192.168.2.111%22%2C%22metadata%22%3A%7B%22preserved.register.source%22%3A%22SPRING_CLOUD%22%7D%2C%22port%22%3A8085%2C%22scheduled%22%3Atrue%2C%22serviceName%22%3A%22DEFAULT_GROUP%40%40service-gateway%22%2C%22weight%22%3A1.0%7D&serviceName=DEFAULT_GROUP%40%40service-gateway&encoding=UTF-8&namespaceId=public HTTP/1.1" 200 38 2 Nacos-Java-Client:v1.0.0
192.168.2.111 - - [19/Dec/2019:10:32:50 +0800] "GET /nacos/v1/cs/health HTTP/1.1" 200 2 2 Apache-HttpAsyncClient/4.1.3 (Java/1.8.0_91)
127.0.0.1 - - [19/Dec/2019:10:32:53 +0800] "PUT /nacos/v1/ns/instance/beat?beat=%7B%22cluster%22%3A%22DEFAULT%22%2C%22ip%22%3A%22192.168.2.111%22%2C%22metadata%22%3A%7B%22preserved.register.source%22%3A%22SPRING_CLOUD%22%7D%2C%22port%22%3A8085%2C%22scheduled%22%3Atrue%2C%22serviceName%22%3A%22DEFAULT_GROUP%40%40service-gateway%22%2C%22weight%22%3A1.0%7D&serviceName=DEFAULT_GROUP%40%40service-gateway&encoding=UTF-8&namespaceId=public HTTP/1.1" 200 38 2 Nacos-Java-Client:v1.0.0
127.0.0.1 - - [19/Dec/2019:10:32:54 +0800] "GET /nacos/v1/ns/instance/list?healthyOnly=false&namespaceId=public&clientIP=192.168.2.111&serviceName=DEFAULT_GROUP%40%40service-gateway&udpPort=58393&encoding=UTF-8 HTTP/1.1" 200 580 2 Nacos-Java-Client:v1.0.0
192.168.2.111 - - [19/Dec/2019:10:32:55 +0800] "GET /nacos/v1/cs/health HTTP/1.1" 200 2 2 Apache-HttpAsyncClient/4.1.3 (Java/1.8.0_91)
127.0.0.1 - - [19/Dec/2019:10:32:57 +0800] "GET /nacos/v1/ns/service/list?pageSize=2147483647&groupName=DEFAULT_GROUP&encoding=UTF-8&namespaceId=public&pageNo=1 HTTP/1.1" 200 49 2 Nacos-Java-Client:v1.0.0
127.0.0.1 - - [19/Dec/2019:10:32:58 +0800] "PUT /nacos/v1/ns/instance/beat?beat=%7B%22cluster%22%3A%22DEFAULT%22%2C%22ip%22%3A%22192.168.2.111%22%2C%22metadata%22%3A%7B%22preserved.register.source%22%3A%22SPRING_CLOUD%22%7D%2C%22port%22%3A8085%2C%22scheduled%22%3Atrue%2C%22serviceName%22%3A%22DEFAULT_GROUP%40%40service-gateway%22%2C%22weight%22%3A1.0%7D&serviceName=DEFAULT_GROUP%40%40service-gateway&encoding=UTF-8&namespaceId=public HTTP/1.1" 200 38 2 Nacos-Java-Client:v1.0.0
192.168.2.111 - - [19/Dec/2019:10:33:00 +0800] "GET /nacos/v1/cs/health HTTP/1.1" 200 2 3 Apache-HttpAsyncClient/4.1.3 (Java/1.8.0_91)
127.0.0.1 - - [19/Dec/2019:10:33:03 +0800] "PUT /nacos/v1/ns/instance/beat?beat=%7B%22cluster%22%3A%22DEFAULT%22%2C%22ip%22%3A%22192.168.2.111%22%2C%22metadata%22%3A%7B%22preserved.register.source%22%3A%22SPRING_CLOUD%22%7D%2C%22port%22%3A8085%2C%22scheduled%22%3Atrue%2C%22serviceName%22%3A%22DEFAULT_GROUP%40%40service-gateway%22%2C%22weight%22%3A1.0%7D&serviceName=DEFAULT_GROUP%40%40service-gateway&encoding=UTF-8&namespaceId=public HTTP/1.1" 200 38 2 Nacos-Java-Client:v1.0.0
192.168.2.111 - - [19/Dec/2019:10:33:05 +0800] "GET /nacos/v1/cs/health HTTP/1.1" 200 2 1 Apache-HttpAsyncClient/4.1.3 (Java/1.8.0_91)
127.0.0.1 - - [19/Dec/2019:10:33:06 +0800] "GET /nacos/v1/ns/instance/list?healthyOnly=false&namespaceId=public&clientIP=192.168.2.111&serviceName=DEFAULT_GROUP%40%40service-gateway&udpPort=58393&encoding=UTF-8 HTTP/1.1" 200 580 5 Nacos-Java-Client:v1.0.0
127.0.0.1 - - [19/Dec/2019:10:33:07 +0800] "POST /nacos/v1/cs/configs/listener HTTP/1.1" 200 - 29502 Java/1.8.0_91
127.0.0.1 - - [19/Dec/2019:10:33:08 +0800] "PUT /nacos/v1/ns/instance/beat?beat=%7B%22cluster%22%3A%22DEFAULT%22%2C%22ip%22%3A%22192.168.2.111%22%2C%22metadata%22%3A%7B%22preserved.register.source%22%3A%22SPRING_CLOUD%22%7D%2C%22port%22%3A8085%2C%22scheduled%22%3Atrue%2C%22serviceName%22%3A%22DEFAULT_GROUP%40%40service-gateway%22%2C%22weight%22%3A1.0%7D&serviceName=DEFAULT_GROUP%40%40service-gateway&encoding=UTF-8&namespaceId=public HTTP/1.1" 200 38 1 Nacos-Java-Client:v1.0.0
192.168.2.111 - - [19/Dec/2019:10:33:10 +0800] "GET /nacos/v1/cs/health HTTP/1.1" 200 2 0 Apache-HttpAsyncClient/4.1.3 (Java/1.8.0_91)
127.0.0.1 - - [19/Dec/2019:10:33:13 +0800] "PUT /nacos/v1/ns/instance/beat?beat=%7B%22cluster%22%3A%22DEFAULT%22%2C%22ip%22%3A%22192.168.2.111%22%2C%22metadata%22%3A%7B%22preserved.register.source%22%3A%22SPRING_CLOUD%22%7D%2C%22port%22%3A8085%2C%22scheduled%22%3Atrue%2C%22serviceName%22%3A%22DEFAULT_GROUP%40%40service-gateway%22%2C%22weight%22%3A1.0%7D&serviceName=DEFAULT_GROUP%40%40service-gateway&encoding=UTF-8&namespaceId=public HTTP/1.1" 200 38 1 Nacos-Java-Client:v1.0.0
192.168.2.111 - - [19/Dec/2019:10:33:15 +0800] "GET /nacos/v1/cs/health HTTP/1.1" 200 2 1 Apache-HttpAsyncClient/4.1.3 (Java/1.8.0_91)
127.0.0.1 - - [19/Dec/2019:10:33:16 +0800] "GET /nacos/v1/ns/instance/list?healthyOnly=false&namespaceId=public&clientIP=192.168.2.111&serviceName=DEFAULT_GROUP%40%40service-gateway&udpPort=58393&encoding=UTF-8 HTTP/1.1" 200 580 1 Nacos-Java-Client:v1.0.0
127.0.0.1 - - [19/Dec/2019:10:33:18 +0800] "PUT /nacos/v1/ns/instance/beat?beat=%7B%22cluster%22%3A%22DEFAULT%22%2C%22ip%22%3A%22192.168.2.111%22%2C%22metadata%22%3A%7B%22preserved.register.source%22%3A%22SPRING_CLOUD%22%7D%2C%22port%22%3A8085%2C%22scheduled%22%3Atrue%2C%22serviceName%22%3A%22DEFAULT_GROUP%40%40service-gateway%22%2C%22weight%22%3A1.0%7D&serviceName=DEFAULT_GROUP%40%40service-gateway&encoding=UTF-8&namespaceId=public HTTP/1.1" 200 38 1 Nacos-Java-Client:v1.0.0
192.168.2.111 - - [19/Dec/2019:10:33:20 +0800] "GET /nacos/v1/cs/health HTTP/1.1" 200 2 2 Apache-HttpAsyncClient/4.1.3 (Java/1.8.0_91)
